Component: ARM Compiler 5.06 update 7 (build 960) Tool: armlink [4d3601]

==============================================================================

Section Cross References

    startup_stm32f407xx.o(RESET) refers to startup_stm32f407xx.o(STACK) for __initial_sp
    startup_stm32f407xx.o(RESET) refers to startup_stm32f407xx.o(.text) for Reset_Handler
    startup_stm32f407xx.o(RESET) refers to stm32f4xx_it.o(i.NMI_Handler) for NMI_Handler
    startup_stm32f407xx.o(RESET) refers to stm32f4xx_it.o(i.HardFault_Handler) for HardFault_Handler
    startup_stm32f407xx.o(RESET) refers to stm32f4xx_it.o(i.MemManage_Handler) for MemManage_Handler
    startup_stm32f407xx.o(RESET) refers to stm32f4xx_it.o(i.BusFault_Handler) for BusFault_Handler
    startup_stm32f407xx.o(RESET) refers to stm32f4xx_it.o(i.UsageFault_Handler) for UsageFault_Handler
    startup_stm32f407xx.o(RESET) refers to stm32f4xx_it.o(i.SVC_Handler) for SVC_Handler
    startup_stm32f407xx.o(RESET) refers to stm32f4xx_it.o(i.DebugMon_Handler) for DebugMon_Handler
    startup_stm32f407xx.o(RESET) refers to stm32f4xx_it.o(i.PendSV_Handler) for PendSV_Handler
    startup_stm32f407xx.o(RESET) refers to stm32f4xx_it.o(i.SysTick_Handler) for SysTick_Handler
    startup_stm32f407xx.o(RESET) refers to usart.o(i.USART1_IRQHandler) for USART1_IRQHandler
    startup_stm32f407xx.o(RESET) refers to btim.o(i.TIM6_DAC_IRQHandler) for TIM6_DAC_IRQHandler
    startup_stm32f407xx.o(RESET) refers to adc.o(i.DMA2_Stream1_IRQHandler) for DMA2_Stream1_IRQHandler
    startup_stm32f407xx.o(.text) refers to system_stm32f4xx.o(i.SystemInit) for SystemInit
    startup_stm32f407xx.o(.text) refers to entry.o(.ARM.Collect$$$$00000000) for __main
    main.o(i.main) refers to api_schedule.o(i.PeachOSRun) for PeachOSRun
    stm32f4xx_it.o(i.SysTick_Handler) refers to stm32f4xx_hal.o(i.HAL_IncTick) for HAL_IncTick
    system_stm32f4xx.o(i.SystemCoreClockUpdate) refers to system_stm32f4xx.o(.data) for .data
    system_stm32f4xx.o(i.SystemCoreClockUpdate) refers to system_stm32f4xx.o(.constdata) for .constdata
    delay.o(i.HAL_Delay) refers to delay.o(i.delay_ms) for delay_ms
    delay.o(i.delay_init) refers to delay.o(.data) for .data
    delay.o(i.delay_ms) refers to delay.o(i.delay_us) for delay_us
    delay.o(i.delay_us) refers to delay.o(.data) for .data
    sys.o(i.sys_stm32_clock_init) refers to memseta.o(.text) for __aeabi_memclr4
    sys.o(i.sys_stm32_clock_init) refers to stm32f4xx_hal_rcc.o(i.HAL_RCC_OscConfig) for HAL_RCC_OscConfig
    sys.o(i.sys_stm32_clock_init) refers to stm32f4xx_hal_rcc.o(i.HAL_RCC_ClockConfig) for HAL_RCC_ClockConfig
    sys.o(i.sys_stm32_clock_init) refers to stm32f4xx_hal.o(i.HAL_GetREVID) for HAL_GetREVID
    usart.o(i.HAL_UART_MspInit) refers to stm32f4xx_hal_gpio.o(i.HAL_GPIO_Init) for HAL_GPIO_Init
    usart.o(i.HAL_UART_MspInit) refers to stm32f4xx_hal_cortex.o(i.HAL_NVIC_EnableIRQ) for HAL_NVIC_EnableIRQ
    usart.o(i.HAL_UART_MspInit) refers to stm32f4xx_hal_cortex.o(i.HAL_NVIC_SetPriority) for HAL_NVIC_SetPriority
    usart.o(i.HAL_UART_RxCpltCallback) refers to stm32f4xx_hal_uart.o(i.HAL_UART_Receive_IT) for HAL_UART_Receive_IT
    usart.o(i.HAL_UART_RxCpltCallback) refers to usart.o(.data) for .data
    usart.o(i.HAL_UART_RxCpltCallback) refers to usart.o(.bss) for .bss
    usart.o(i.USART1_IRQHandler) refers to stm32f4xx_hal_uart.o(i.HAL_UART_IRQHandler) for HAL_UART_IRQHandler
    usart.o(i.USART1_IRQHandler) refers to usart.o(.bss) for .bss
    usart.o(i.usart_init) refers to stm32f4xx_hal_uart.o(i.HAL_UART_Init) for HAL_UART_Init
    usart.o(i.usart_init) refers to stm32f4xx_hal_uart.o(i.HAL_UART_Receive_IT) for HAL_UART_Receive_IT
    usart.o(i.usart_init) refers to usart.o(.bss) for .bss
    usart.o(i.usart_init) refers to usart.o(.data) for .data
    led.o(i.led_init) refers to stm32f4xx_hal_gpio.o(i.HAL_GPIO_Init) for HAL_GPIO_Init
    led.o(i.led_init) refers to stm32f4xx_hal_gpio.o(i.HAL_GPIO_WritePin) for HAL_GPIO_WritePin
    adc.o(i.DMA2_Stream1_IRQHandler) refers to stm32f4xx_hal_dma.o(i.HAL_DMA_IRQHandler) for HAL_DMA_IRQHandler
    adc.o(i.DMA2_Stream1_IRQHandler) refers to adc.o(.bss) for .bss
    adc.o(i.HAL_ADC_ConvCpltCallback) refers to stm32f4xx_hal_adc.o(i.HAL_ADC_Stop_DMA) for HAL_ADC_Stop_DMA
    adc.o(i.HAL_ADC_ConvCpltCallback) refers to adc.o(i.calc_adc_val) for calc_adc_val
    adc.o(i.HAL_ADC_ConvCpltCallback) refers to dfltui.o(.text) for __aeabi_ui2d
    adc.o(i.HAL_ADC_ConvCpltCallback) refers to dmul.o(.text) for __aeabi_dmul
    adc.o(i.HAL_ADC_ConvCpltCallback) refers to ddiv.o(.text) for __aeabi_ddiv
    adc.o(i.HAL_ADC_ConvCpltCallback) refers to d2f.o(.text) for __aeabi_d2f
    adc.o(i.HAL_ADC_ConvCpltCallback) refers to stm32f4xx_hal_adc.o(i.HAL_ADC_Start_DMA) for HAL_ADC_Start_DMA
    adc.o(i.HAL_ADC_ConvCpltCallback) refers to adc.o(.bss) for .bss
    adc.o(i.HAL_ADC_ConvCpltCallback) refers to wheelspeedmap.o(.bss) for g_r9sys_data
[...]
    i.UART_EndRxTransfer                     0x08003e70   Section        0  stm32f4xx_hal_uart.o(i.UART_EndRxTransfer)
    UART_EndRxTransfer                       0x08003e71   Thumb Code    48  stm32f4xx_hal_uart.o(i.UART_EndRxTransfer)
    i.UART_EndTransmit_IT                    0x08003ea0   Section        0  stm32f4xx_hal_uart.o(i.UART_EndTransmit_IT)
    UART_EndTransmit_IT                      0x08003ea1   Thumb Code    26  stm32f4xx_hal_uart.o(i.UART_EndTransmit_IT)
    i.UART_Receive_IT                        0x08003eba   Section        0  stm32f4xx_hal_uart.o(i.UART_Receive_IT)
    UART_Receive_IT                          0x08003ebb   Thumb Code   178  stm32f4xx_hal_uart.o(i.UART_Receive_IT)
    i.UART_SetConfig                         0x08003f6c   Section        0  stm32f4xx_hal_uart.o(i.UART_SetConfig)
    UART_SetConfig                           0x08003f6d   Thumb Code   266  stm32f4xx_hal_uart.o(i.UART_SetConfig)
    i.UART_Start_Receive_IT                  0x08004080   Section        0  stm32f4xx_hal_uart.o(i.UART_Start_Receive_IT)
    i.UART_Transmit_IT                       0x080040b6   Section        0  stm32f4xx_hal_uart.o(i.UART_Transmit_IT)
    UART_Transmit_IT                         0x080040b7   Thumb Code    94  stm32f4xx_hal_uart.o(i.UART_Transmit_IT)
    i.USART1_IRQHandler                      0x08004114   Section        0  usart.o(i.USART1_IRQHandler)
    i.UsageFault_Handler                     0x08004120   Section        0  stm32f4xx_it.o(i.UsageFault_Handler)
    i.Value_limit                            0x08004122   Section        0  common.o(i.Value_limit)
    i.Value_limitf                           0x08004136   Section        0  common.o(i.Value_limitf)
    i.__0printf                              0x08004160   Section        0  printfa.o(i.__0printf)
    i.__ARM_fpclassify                       0x08004180   Section        0  fpclassify.o(i.__ARM_fpclassify)
    i.__NVIC_SetPriority                     0x080041b0   Section        0  stm32f4xx_hal_cortex.o(i.__NVIC_SetPriority)
    __NVIC_SetPriority                       0x080041b1   Thumb Code    32  stm32f4xx_hal_cortex.o(i.__NVIC_SetPriority)
    i.__hardfp_fabs                          0x080041d0   Section        0  fabs.o(i.__hardfp_fabs)
    i.__hardfp_pow                           0x080041e8   Section        0  pow.o(i.__hardfp_pow)
    i.__hardfp_sin                           0x08004e38   Section        0  sin.o(i.__hardfp_sin)
    i.__ieee754_rem_pio2                     0x08004f00   Section        0  rred.o(i.__ieee754_rem_pio2)
    i.__kernel_cos                           0x08005338   Section        0  cos_i.o(i.__kernel_cos)
    i.__kernel_poly                          0x080054a8   Section        0  poly.o(i.__kernel_poly)
    i.__kernel_sin                           0x080055a0   Section        0  sin_i.o(i.__kernel_sin)
    i.__mathlib_dbl_divzero                  0x080056d0   Section        0  dunder.o(i.__mathlib_dbl_divzero)
    i.__mathlib_dbl_infnan                   0x08005700   Section        0  dunder.o(i.__mathlib_dbl_infnan)
    i.__mathlib_dbl_infnan2                  0x08005714   Section        0  dunder.o(i.__mathlib_dbl_infnan2)
    i.__mathlib_dbl_invalid                  0x08005728   Section        0  dunder.o(i.__mathlib_dbl_invalid)
    i.__mathlib_dbl_overflow                 0x08005748   Section        0  dunder.o(i.__mathlib_dbl_overflow)
    i.__mathlib_dbl_underflow                0x08005768   Section        0  dunder.o(i.__mathlib_dbl_underflow)
    i.__scatterload_copy                     0x08005788   Section       14  handlers.o(i.__scatterload_copy)
    i.__scatterload_null                     0x08005796   Section        2  handlers.o(i.__scatterload_null)
    i.__scatterload_zeroinit                 0x08005798   Section       14  handlers.o(i.__scatterload_zeroinit)
    i.__set_errno                            0x080057a8   Section        0  errno.o(i.__set_errno)
    i._fp_digits                             0x080057b4   Section        0  printfa.o(i._fp_digits)
    _fp_digits                               0x080057b5   Thumb Code   366  printfa.o(i._fp_digits)
    i._printf_core                           0x08005938   Section        0  printfa.o(i._printf_core)
    _printf_core                             0x08005939   Thumb Code  1704  printfa.o(i._printf_core)
    i._printf_post_padding                   0x08005fec   Section        0  printfa.o(i._printf_post_padding)
    _printf_post_padding                     0x08005fed   Thumb Code    36  printfa.o(i._printf_post_padding)
    i._printf_pre_padding                    0x08006010   Section        0  printfa.o(i._printf_pre_padding)
    _printf_pre_padding                      0x08006011   Thumb Code    46  printfa.o(i._printf_pre_padding)
    i.adc3_nch_dma_init                      0x08006040   Section        0  adc.o(i.adc3_nch_dma_init)
    i.adc_channel_set                        0x08006140   Section        0  adc.o(i.adc_channel_set)
    i.adc_init                               0x08006150   Section        0  adc.o(i.adc_init)
    i.atim_tim1_cplm_pwm_set                 0x08006218   Section        0  moterdriver.o(i.atim_tim1_cplm_pwm_set)
    i.atim_tim8_cplm_pwm_set                 0x0800624c   Section        0  moterdriver.o(i.atim_tim8_cplm_pwm_set)
    i.brake                                  0x08006280   Section        0  brake.o(i.brake)
    i.brake_excute                           0x080062a0   Section        0  wheelspeedmap.o(i.brake_excute)
    i.brake_init                             0x08006300   Section        0  brake.o(i.brake_init)
    i.btim_timx_int_init                     0x08006340   Section        0  btim.o(i.btim_timx_int_init)
    i.calc_adc_val                           0x08006368   Section        0  adc.o(i.calc_adc_val)
    i.can_init                               0x080064a0   Section        0  can.o(i.can_init)
    i.can_receive_msg                        0x08006510   Section        0  can.o(i.can_receive_msg)
    i.car_move                               0x08006558   Section        0  moterdriver.o(i.car_move)
    i.delay_init                             0x080065b0   Section        0  delay.o(i.delay_init)
    i.fabs                                   0x080065bc   Section        0  fabs.o(i.fabs)
    i.filterInit                             0x080065d4   Section        0  common.o(i.filterInit)
    i.filterValue_float                      0x08006610   Section        0  common.o(i.filterValue_float)
    i.fputc                                  0x08006658   Section        0  usart.o(i.fputc)
    i.increment_pid_ctrl                     0x0800666c   Section        0  pid.o(i.increment_pid_ctrl)
    i.initLowPassFilter                      0x080066d8   Section        0  common.o(i.initLowPassFilter)
    i.initializeFilter                       0x08006720   Section        0  common.o(i.initializeFilter)
    i.iwdg_feed                              0x08006748   Section        0  wdg.o(i.iwdg_feed)
    i.iwdg_init                              0x08006754   Section        0  wdg.o(i.iwdg_init)
    i.led_init                               0x0800676c   Section        0  led.o(i.led_init)
    i.local_slopelimitx                      0x080067e0   Section        0  common.o(i.local_slopelimitx)
    i.local_slopelimity                      0x08006834   Section        0  common.o(i.local_slopelimity)
    i.lowPassFilter                          0x08006888   Section        0  common.o(i.lowPassFilter)
    i.lowpass_init                           0x080068e8   Section        0  common.o(i.lowpass_init)
    i.main                                   0x080069a8   Section        0  main.o(i.main)
    i.pid_init                               0x080069b4   Section        0  pid.o(i.pid_init)
    i.sqrt                                   0x08006a7c   Section        0  sqrt.o(i.sqrt)
    i.sys_stm32_clock_init                   0x08006aec   Section        0  sys.o(i.sys_stm32_clock_init)
    i.underpanExcute                         0x08006ba4   Section        0  wheelspeedmap.o(i.underpanExcute)
    i.usart_init                             0x08006d70   Section        0  usart.o(i.usart_init)
    .constdata                               0x08006da8   Section       16  system_stm32f4xx.o(.constdata)
    .constdata                               0x08006db8   Section        8  system_stm32f4xx.o(.constdata)
    .constdata                               0x08006dc0   Section        8  stm32f4xx_hal_dma.o(.constdata)
    flagBitshiftOffset                       0x08006dc0   Data           8  stm32f4xx_hal_dma.o(.constdata)
    .constdata                               0x08006dc8   Section      136  pow.o(.constdata)
    bp                                       0x08006dc8   Data          16  pow.o(.constdata)
    dp_h                                     0x08006dd8   Data          16  pow.o(.constdata)
    dp_l                                     0x08006de8   Data          16  pow.o(.constdata)
    L                                        0x08006df8   Data          48  pow.o(.constdata)
    P                                        0x08006e28   Data          40  pow.o(.constdata)
    .constdata                               0x08006e50   Section       48  cos_i.o(.constdata)
    C                                        0x08006e50   Data          48  cos_i.o(.constdata)
    .constdata                               0x08006e80   Section        8  qnan.o(.constdata)
    .constdata                               0x08006e88   Section      200  rred.o(.constdata)
    pio2s                                    0x08006e88   Data          48  rred.o(.constdata)
    twooverpi                                0x08006eb8   Data         152  rred.o(.constdata)
    .constdata                               0x08006f50   Section       40  sin_i.o(.constdata)
    S                                        0x08006f50   Data          40  sin_i.o(.constdata)
    .data                                    0x20000000   Section        4  system_stm32f4xx.o(.data)
    .data                                    0x20000004   Section        4  delay.o(.data)
    g_fac_us                                 0x20000004   Data           4  delay.o(.data)
    .data                                    0x20000008   Section        4  usart.o(.data)
    .data                                    0x2000000c   Section        4  usart.o(.data)
    .data                                    0x20000010   Section        1  btim.o(.data)
    joy_t                                    0x20000010   Data           1  btim.o(.data)
    .data                                    0x20000014   Section       52  api_schedule.o(.data)
    .data                                    0x20000048   Section       64  common.o(.data)
    fisrt_flag                               0x20000048   Data           1  common.o(.data)
    fisrt_flag                               0x20000049   Data           1  common.o(.data)
    fisrt_flag                               0x2000004a   Data           1  common.o(.data)
    fisrt_flag                               0x2000004b   Data           1  common.o(.data)
    fisrt_flag                               0x2000004c   Data           1  common.o(.data)
    fisrt_flag                               0x2000004d   Data           1  common.o(.data)
    fisrt_flag                               0x2000004e   Data           1  common.o(.data)
    fisrt_flag                               0x2000004f   Data           1  common.o(.data)
    fisrt_flag                               0x20000050   Data           1  common.o(.data)
    fisrt_flag                               0x20000051   Data           1  common.o(.data)
    fisrt_flag                               0x20000052   Data           1  common.o(.data)
    fisrt_flag                               0x20000053   Data           1  common.o(.data)
    fisrt_flag                               0x20000054   Data           1  common.o(.data)
    fisrt_flag                               0x20000055   Data           1  common.o(.data)
    fisrt_flag                               0x20000056   Data           1  common.o(.data)
    out_last                                 0x20000058   Data           2  common.o(.data)
    out_last                                 0x2000005a   Data           2  common.o(.data)
    out_last                                 0x2000005c   Data           2  common.o(.data)
    out_last                                 0x2000005e   Data           2  common.o(.data)
    out_last                                 0x20000060   Data           2  common.o(.data)
    out_last                                 0x20000062   Data           2  common.o(.data)
    out_last                                 0x20000064   Data           2  common.o(.data)
    out_last                                 0x20000066   Data           2  common.o(.data)
    out_last                                 0x20000068   Data           2  common.o(.data)
    out_last                                 0x2000006a   Data           2  common.o(.data)
    out_last                                 0x2000006c   Data           2  common.o(.data)
    out_last                                 0x20000070   Data           4  common.o(.data)
    out_last                                 0x20000074   Data           4  common.o(.data)
    out_last                                 0x20000078   Data           8  common.o(.data)
    out_last                                 0x20000080   Data           8  common.o(.data)
    .data                                    0x20000088   Section       16  wheelspeedmap.o(.data)
    y_port                                   0x2000008c   Data           4  wheelspeedmap.o(.data)
    x_port                                   0x20000090   Data           4  wheelspeedmap.o(.data)
    limitKp                                  0x20000094   Data           4  wheelspeedmap.o(.data)
    .data                                    0x20000098   Section       28  can.o(.data)
    comflage                                 0x20000098   Data           1  can.o(.data)
    res                                      0x20000099   Data           1  can.o(.data)
    comcont                                  0x2000009a   Data           2  can.o(.data)
    .data                                    0x200000b4   Section       12  stm32f4xx_hal.o(.data)
    .data                                    0x200000c0   Section        4  errno.o(.data)
    _errno                                   0x200000c0   Data           4  errno.o(.data)
    .bss                                     0x200000c4   Section      268  usart.o(.bss)
    .bss                                     0x200001d0   Section    22190  adc.o(.bss)
    .bss                                     0x20005880   Section      208  moterdriver.o(.bss)
    .bss                                     0x20005950   Section       72  btim.o(.bss)
    .bss                                     0x20005998   Section      552  common.o(.bss)
    .bss                                     0x20005bc0   Section       12  wdg.o(.bss)
    .bss                                     0x20005bcc   Section      196  wheelspeedmap.o(.bss)
    .bss                                     0x20005c90   Section       12  wheelspeedmap.o(.bss)
    .bss                                     0x20005c9c   Section       92  can.o(.bss)
    .bss                                     0x20005cf8   Section       40  mlx90393.o(.bss)
    .bss                                     0x20005d20   Section      192  pid.o(.bss)
    STACK                                    0x20005de0   Section     1024  startup_stm32f407xx.o(STACK)

    Global Symbols

    Symbol Name                              Value     Ov Type        Size  Object(Section)

    BuildAttributes$$THM_ISAv4$E$P$D$K$B$S$7EM$VFPi3$EXTD16$VFPS$VFMA$PE$A:L22UL41UL21$X:L11$S22US41US21$IEEE1$IW$USESV6$~STKCKD$USESV7$~SHL$OTIME$ROPI$IEEEX$EBA8$MICROLIB$REQ8$PRES8$EABIv2 0x00000000   Number         0  anon$$obj.o ABSOLUTE
    __ARM_use_no_argv                        0x00000000   Number         0  main.o ABSOLUTE
    __use_no_errno                           0x00000000   Number         0  useno.o ABSOLUTE
    __use_no_exception_handling              0x00000000   Number         0  useno.o ABSOLUTE
    __use_no_fp                              0x00000000   Number         0  useno.o ABSOLUTE
    __use_no_heap                            0x00000000   Number         0  useno.o ABSOLUTE
    __use_no_heap_region                     0x00000000   Number         0  useno.o ABSOLUTE
    __use_no_semihosting                     0x00000000   Number         0  useno.o ABSOLUTE
    __use_no_semihosting_swi                 0x00000000   Number         0  useno.o ABSOLUTE
    __use_no_signal_handling                 0x00000000   Number         0  useno.o ABSOLUTE
    _printf_a                                0x00000000   Number         0  stubs.o ABSOLUTE
    _printf_c                                0x00000000   Number         0  stubs.o ABSOLUTE
    _printf_charcount                        0x00000000   Number         0  stubs.o ABSOLUTE
    _printf_d                                0x00000000   Number         0  stubs.o ABSOLUTE
    _printf_e                                0x00000000   Number         0  stubs.o ABSOLUTE
    _printf_f                                0x00000000   Number         0  stubs.o ABSOLUTE
    _printf_flags                            0x00000000   Number         0  stubs.o ABSOLUTE
    _printf_fp_dec                           0x00000000   Number         0  stubs.o ABSOLUTE
    _printf_fp_hex                           0x00000000   Number         0  stubs.o ABSOLUTE
    _printf_g                                0x00000000   Number         0  stubs.o ABSOLUTE
    _printf_i                                0x00000000   Number         0  stubs.o ABSOLUTE
    _printf_int_dec                          0x00000000   Number         0  stubs.o ABSOLUTE
    _printf_l                                0x00000000   Number         0  stubs.o ABSOLUTE
    _printf_lc                               0x00000000   Number         0  stubs.o ABSOLUTE
    _printf_ll                               0x00000000   Number         0  stubs.o ABSOLUTE
    _printf_lld                              0x00000000   Number         0  stubs.o ABSOLUTE
    _printf_lli                              0x00000000   Number         0  stubs.o ABSOLUTE
    _printf_llo                              0x00000000   Number         0  stubs.o ABSOLUTE
    _printf_llu                              0x00000000   Number         0  stubs.o ABSOLUTE
    _printf_llx                              0x00000000   Number         0  stubs.o ABSOLUTE
    _printf_longlong_dec                     0x00000000   Number         0  stubs.o ABSOLUTE
    _printf_longlong_hex                     0x00000000   Number         0  stubs.o ABSOLUTE
    _printf_longlong_oct                     0x00000000   Number         0  stubs.o ABSOLUTE
    _printf_ls                               0x00000000   Number         0  stubs.o ABSOLUTE
    _printf_mbtowc                           0x00000000   Number         0  stubs.o ABSOLUTE
    _printf_n                                0x00000000   Number         0  stubs.o ABSOLUTE
    _printf_o                                0x00000000   Number         0  stubs.o ABSOLUTE
    _printf_p                                0x00000000   Number         0  stubs.o ABSOLUTE
    _printf_percent                          0x00000000   Number         0  stubs.o ABSOLUTE
    _printf_pre_padding                      0x00000000   Number         0  stubs.o ABSOLUTE
    _printf_return_value                     0x00000000   Number         0  stubs.o ABSOLUTE
    _printf_s                                0x00000000   Number         0  stubs.o ABSOLUTE
    _printf_sizespec                         0x00000000   Number         0  stubs.o ABSOLUTE
    _printf_str                              0x00000000   Number         0  stubs.o ABSOLUTE
    _printf_truncate_signed                  0x00000000   Number         0  stubs.o ABSOLUTE
    _printf_truncate_unsigned                0x00000000   Number         0  stubs.o ABSOLUTE
    _printf_u                                0x00000000   Number         0  stubs.o ABSOLUTE
    _printf_wc                               0x00000000   Number         0  stubs.o ABSOLUTE
    _printf_wctomb                           0x00000000   Number         0  stubs.o ABSOLUTE
    _printf_widthprec                        0x00000000   Number         0  stubs.o ABSOLUTE
    _printf_x                                0x00000000   Number         0  stubs.o ABSOLUTE
    __arm_fini_                               - Undefined Weak Reference
    __cpp_initialize__aeabi_                  - Undefined Weak Reference
    __cxa_finalize                            - Undefined Weak Reference
    __decompress                              - Undefined Weak Reference
    _clock_init                               - Undefined Weak Reference
    _microlib_exit                            - Undefined Weak Reference
    __Vectors_Size                           0x00000188   Number         0  startup_stm32f407xx.o ABSOLUTE
    __Vectors                                0x08000000   Data           4  startup_stm32f407xx.o(RESET)
    __Vectors_End                            0x08000188   Data           0  startup_stm32f407xx.o(RESET)
    __main                                   0x08000189   Thumb Code     0  entry.o(.ARM.Collect$$$$00000000)
    _main_stk                                0x08000189   Thumb Code     0  entry2.o(.ARM.Collect$$$$00000001)
    _main_scatterload                        0x0800018d   Thumb Code     0  entry5.o(.ARM.Collect$$$$00000004)
    __main_after_scatterload                 0x08000191   Thumb Code     0  entry5.o(.ARM.Collect$$$$00000004)
    _main_clock                              0x08000191   Thumb Code     0  entry7b.o(.ARM.Collect$$$$00000008)
    _main_cpp_init                           0x08000191   Thumb Code     0  entry8b.o(.ARM.Collect$$$$0000000A)
    _main_init                               0x08000191   Thumb Code     0  entry9a.o(.ARM.Collect$$$$0000000B)
    __rt_lib_shutdown_fini                   0x08000199   Thumb Code     0  entry12b.o(.ARM.Collect$$$$0000000E)
    __rt_final_cpp                           0x0800019d   Thumb Code     0  entry10a.o(.ARM.Collect$$$$0000000F)
    __rt_final_exit                          0x0800019d   Thumb Code     0  entry11a.o(.ARM.Collect$$$$00000011)
    Reset_Handler                            0x080001a1   Thumb Code     8  startup_stm32f407xx.o(.text)
    ADC_IRQHandler                           0x080001bb   Thumb Code     0  startup_stm32f407xx.o(.text)
    CAN1_RX0_IRQHandler                      0x080001bb   Thumb Code     0  startup_stm32f407xx.o(.text)
    CAN1_RX1_IRQHandler                      0x080001bb   Thumb Code     0  startup_stm32f407xx.o(.text)
    CAN1_SCE_IRQHandler                      0x080001bb   Thumb Code     0  startup_stm32f407xx.o(.text)
    CAN1_TX_IRQHandler                       0x080001bb   Thumb Code     0  startup_stm32f407xx.o(.text)
    CAN2_RX0_IRQHandler                      0x080001bb   Thumb Code     0  startup_stm32f407xx.o(.text)
    CAN2_RX1_IRQHandler                      0x080001bb   Thumb Code     0  startup_stm32f407xx.o(.text)
    CAN2_SCE_IRQHandler                      0x080001bb   Thumb Code     0  startup_stm32f407xx.o(.text)
    CAN2_TX_IRQHandler                       0x080001bb   Thumb Code     0  startup_stm32f407xx.o(.text)
    DCMI_IRQHandler                          0x080001bb   Thumb Code     0  startup_stm32f407xx.o(.text)
    DMA1_Stream0_IRQHandler                  0x080001bb   Thumb Code     0  startup_stm32f407xx.o(.text)
    DMA1_Stream1_IRQHandler                  0x080001bb   Thumb Code     0  startup_stm32f407xx.o(.text)
    DMA1_Stream2_IRQHandler                  0x080001bb   Thumb Code     0  startup_stm32f407xx.o(.text)
    DMA1_Stream3_IRQHandler                  0x080001bb   Thumb Code     0  startup_stm32f407xx.o(.text)
    DMA1_Stream4_IRQHandler                  0x080001bb   Thumb Code     0  startup_stm32f407xx.o(.text)
    DMA1_Stream5_IRQHandler                  0x080001bb   Thumb Code     0  startup_stm32f407xx.o(.text)
    DMA1_Stream6_IRQHandler                  0x080001bb   Thumb Code     0  startup_stm32f407xx.o(.text)
    DMA1_Stream7_IRQHandler                  0x080001bb   Thumb Code     0  startup_stm32f407xx.o(.text)
    DMA2_Stream0_IRQHandler                  0x080001bb   Thumb Code     0  startup_stm32f407xx.o(.text)
    DMA2_Stream2_IRQHandler                  0x080001bb   Thumb Code     0  startup_stm32f407xx.o(.text)
    DMA2_Stream3_IRQHandler                  0x080001bb   Thumb Code     0  startup_stm32f407xx.o(.text)
    DMA2_Stream4_IRQHandler                  0x080001bb   Thumb Code     0  startup_stm32f407xx.o(.text)
    DMA2_Stream5_IRQHandler                  0x080001bb   Thumb Code     0  startup_stm32f407xx.o(.text)
    DMA2_Stream6_IRQHandler                  0x080001bb   Thumb Code     0  startup_stm32f407xx.o(.text)
    DMA2_Stream7_IRQHandler                  0x080001bb   Thumb Code     0  startup_stm32f407xx.o(.text)
    ETH_IRQHandler                           0x080001bb   Thumb Code     0  startup_stm32f407xx.o(.text)
    ETH_WKUP_IRQHandler                      0x080001bb   Thumb Code     0  startup_stm32f407xx.o(.text)
    EXTI0_IRQHandler                         0x080001bb   Thumb Code     0  startup_stm32f407xx.o(.text)
    EXTI15_10_IRQHandler                     0x080001bb   Thumb Code     0  startup_stm32f407xx.o(.text)
    EXTI1_IRQHandler                         0x080001bb   Thumb Code     0  startup_stm32f407xx.o(.text)
    EXTI2_IRQHandler                         0x080001bb   Thumb Code     0  startup_stm32f407xx.o(.text)
    EXTI3_IRQHandler                         0x080001bb   Thumb Code     0  startup_stm32f407xx.o(.text)
    EXTI4_IRQHandler                         0x080001bb   Thumb Code     0  startup_stm32f407xx.o(.text)
    EXTI9_5_IRQHandler                       0x080001bb   Thumb Code     0  startup_stm32f407xx.o(.text)
    FLASH_IRQHandler                         0x080001bb   Thumb Code     0  startup_stm32f407xx.o(.text)
    FMC_IRQHandler                           0x080001bb   Thumb Code     0  startup_stm32f407xx.o(.text)
    FPU_IRQHandler                           0x080001bb   Thumb Code     0  startup_stm32f407xx.o(.text)
    HASH_RNG_IRQHandler                      0x080001bb   Thumb Code     0  startup_stm32f407xx.o(.text)
    I2C1_ER_IRQHandler                       0x080001bb   Thumb Code     0  startup_stm32f407xx.o(.text)
    I2C1_EV_IRQHandler                       0x080001bb   Thumb Code     0  startup_stm32f407xx.o(.text)
    I2C2_ER_IRQHandler                       0x080001bb   Thumb Code     0  startup_stm32f407xx.o(.text)
    I2C2_EV_IRQHandler                       0x080001bb   Thumb Code     0  startup_stm32f407xx.o(.text)
    I2C3_ER_IRQHandler                       0x080001bb   Thumb Code     0  startup_stm32f407xx.o(.text)
    I2C3_EV_IRQHandler                       0x080001bb   Thumb Code     0  startup_stm32f407xx.o(.text)
    OTG_FS_IRQHandler                        0x080001bb   Thumb Code     0  startup_stm32f407xx.o(.text)
    OTG_FS_WKUP_IRQHandler                   0x080001bb   Thumb Code     0  startup_stm32f407xx.o(.text)
    OTG_HS_EP1_IN_IRQHandler                 0x080001bb   Thumb Code     0  startup_stm32f407xx.o(.text)
    OTG_HS_EP1_OUT_IRQHandler                0x080001bb   Thumb Code     0  startup_stm32f407xx.o(.text)
    OTG_HS_IRQHandler                        0x080001bb   Thumb Code     0  startup_stm32f407xx.o(.text)
    OTG_HS_WKUP_IRQHandler                   0x080001bb   Thumb Code     0  startup_stm32f407xx.o(.text)
    PVD_IRQHandler                           0x080001bb   Thumb Code     0  startup_stm32f407xx.o(.text)
    RCC_IRQHandler                           0x080001bb   Thumb Code     0  startup_stm32f407xx.o(.text)
    RTC_Alarm_IRQHandler                     0x080001bb   Thumb Code     0  startup_stm32f407xx.o(.text)
    RTC_WKUP_IRQHandler                      0x080001bb   Thumb Code     0  startup_stm32f407xx.o(.text)
    SDIO_IRQHandler                          0x080001bb   Thumb Code     0  startup_stm32f407xx.o(.text)
    SPI1_IRQHandler                          0x080001bb   Thumb Code     0  startup_stm32f407xx.o(.text)
    SPI2_IRQHandler                          0x080001bb   Thumb Code     0  startup_stm32f407xx.o(.text)
    SPI3_IRQHandler                          0x080001bb   Thumb Code     0  startup_stm32f407xx.o(.text)
    TAMP_STAMP_IRQHandler                    0x080001bb   Thumb Code     0  startup_stm32f407xx.o(.text)
    TIM1_BRK_TIM9_IRQHandler                 0x080001bb   Thumb Code     0  startup_stm32f407xx.o(.text)
    TIM1_CC_IRQHandler                       0x080001bb   Thumb Code     0  startup_stm32f407xx.o(.text)
    TIM1_TRG_COM_TIM11_IRQHandler            0x080001bb   Thumb Code     0  startup_stm32f407xx.o(.text)
    TIM1_UP_TIM10_IRQHandler                 0x080001bb   Thumb Code     0  startup_stm32f407xx.o(.text)
    TIM2_IRQHandler                          0x080001bb   Thumb Code     0  startup_stm32f407xx.o(.text)
    TIM3_IRQHandler                          0x080001bb   Thumb Code     0  startup_stm32f407xx.o(.text)
    TIM4_IRQHandler                          0x080001bb   Thumb Code     0  startup_stm32f407xx.o(.text)
    TIM5_IRQHandler                          0x080001bb   Thumb Code     0  startup_stm32f407xx.o(.text)
    TIM7_IRQHandler                          0x080001bb   Thumb Code     0  startup_stm32f407xx.o(.text)
    TIM8_BRK_TIM12_IRQHandler                0x080001bb   Thumb Code     0  startup_stm32f407xx.o(.text)
    TIM8_CC_IRQHandler                       0x080001bb   Thumb Code     0  startup_stm32f407xx.o(.text)
    TIM8_TRG_COM_TIM14_IRQHandler            0x080001bb   Thumb Code     0  startup_stm32f407xx.o(.text)
    TIM8_UP_TIM13_IRQHandler                 0x080001bb   Thumb Code     0  startup_stm32f407xx.o(.text)
    UART4_IRQHandler                         0x080001bb   Thumb Code     0  startup_stm32f407xx.o(.text)
    UART5_IRQHandler                         0x080001bb   Thumb Code     0  startup_stm32f407xx.o(.text)
    USART2_IRQHandler                        0x080001bb   Thumb Code     0  startup_stm32f407xx.o(.text)
    USART3_IRQHandler                        0x080001bb   Thumb Code     0  startup_stm32f407xx.o(.text)
    USART6_IRQHandler                        0x080001bb   Thumb Code     0  startup_stm32f407xx.o(.text)
    WWDG_IRQHandler                          0x080001bb   Thumb Code     0  startup_stm32f407xx.o(.text)
    __aeabi_uldivmod                         0x080001c5   Thumb Code    98  uldiv.o(.text)
    __aeabi_memcpy                           0x08000227   Thumb Code    36  memcpya.o(.text)
    __aeabi_memcpy4                          0x08000227   Thumb Code     0  memcpya.o(.text)
    __aeabi_memcpy8                          0x08000227   Thumb Code     0  memcpya.o(.text)
    __aeabi_memset                           0x0800024b   Thumb Code    14  memseta.o(.text)
    __aeabi_memset4                          0x0800024b   Thumb Code     0  memseta.o(.text)
    __aeabi_memset8                          0x0800024b   Thumb Code     0  memseta.o(.text)
    __aeabi_memclr                           0x08000259   Thumb Code     4  memseta.o(.text)
    __aeabi_memclr4                          0x08000259   Thumb Code     0  memseta.o(.text)
    __aeabi_memclr8                          0x08000259   Thumb Code     0  memseta.o(.text)
    _memset$wrapper                          0x0800025d   Thumb Code    18  memseta.o(.text)
    __aeabi_dadd                             0x0800026f   Thumb Code   322  dadd.o(.text)
    __aeabi_dsub                             0x080003b1   Thumb Code     6  dadd.o(.text)
    __aeabi_drsub                            0x080003b7   Thumb Code     6  dadd.o(.text)
    __aeabi_dmul                             0x080003bd   Thumb Code   228  dmul.o(.text)
    __aeabi_ddiv                             0x080004a1   Thumb Code   222  ddiv.o(.text)
    __aeabi_i2d                              0x0800057f   Thumb Code    34  dflti.o(.text)
    __aeabi_ui2d                             0x080005a1   Thumb Code    26  dfltui.o(.text)
    __aeabi_d2uiz                            0x080005bb   Thumb Code    50  dfixui.o(.text)
    __aeabi_f2d                              0x080005ed   Thumb Code    38  f2d.o(.text)
    __aeabi_cdcmpeq                          0x08000615   Thumb Code     0  cdcmple.o(.text)
    __aeabi_cdcmple                          0x08000615   Thumb Code    48  cdcmple.o(.text)
    __aeabi_cdrcmple                         0x08000645   Thumb Code    48  cdrcmple.o(.text)
    __aeabi_d2f                              0x08000675   Thumb Code    56  d2f.o(.text)
    __aeabi_uidiv                            0x080006ad   Thumb Code     0  uidiv.o(.text)
    __aeabi_uidivmod                         0x080006ad   Thumb Code    44  uidiv.o(.text)
    __aeabi_llsl                             0x080006d9   Thumb Code    30  llshl.o(.text)
    _ll_shift_l                              0x080006d9   Thumb Code     0  llshl.o(.text)
    __aeabi_llsr                             0x080006f7   Thumb Code    32  llushr.o(.text)
    _ll_ushift_r                             0x080006f7   Thumb Code     0  llushr.o(.text)
    __aeabi_lasr                             0x08000717   Thumb Code    36  llsshr.o(.text)
    _ll_sshift_r                             0x08000717   Thumb Code     0  llsshr.o(.text)
    __I$use$fp                               0x0800073b   Thumb Code     0  iusefp.o(.text)
    _float_round                             0x0800073b   Thumb Code    18  fepilogue.o(.text)
    _float_epilogue                          0x0800074d   Thumb Code    92  fepilogue.o(.text)
    _double_round                            0x080007a9   Thumb Code    30  depilogue.o(.text)
    _double_epilogue                         0x080007c7   Thumb Code   156  depilogue.o(.text)
    __ARM_scalbn                             0x08000863   Thumb Code    46  dscalb.o(.text)
    scalbn                                   0x08000863   Thumb Code     0  dscalb.o(.text)
    _dsqrt                                   0x08000891   Thumb Code   162  dsqrt.o(.text)
    __aeabi_d2ulz                            0x08000933   Thumb Code    48  dfixul.o(.text)
    __scatterload                            0x08000965   Thumb Code    28  init.o(.text)
    __scatterload_rt2                        0x08000965   Thumb Code     0  init.o(.text)
    __aeabi_d2iz                             0x08000989   Thumb Code    62  dfixi.o(.text)
    BusFault_Handler                         0x08000b85   Thumb Code     2  stm32f4xx_it.o(i.BusFault_Handler)
    CanRead_joystic_excute                   0x08000b87   Thumb Code     4  can.o(i.CanRead_joystic_excute)
    Can_joystic_receive                      0x08000b8d   Thumb Code    92  can.o(i.Can_joystic_receive)
    DMA2_Stream1_IRQHandler                  0x08000bf1   Thumb Code     6  adc.o(i.DMA2_Stream1_IRQHandler)
    DebugMon_Handler                         0x08000ccb   Thumb Code     2  stm32f4xx_it.o(i.DebugMon_Handler)
    HAL_ADC_ConfigChannel                    0x08000ccd   Thumb Code   326  stm32f4xx_hal_adc.o(i.HAL_ADC_ConfigChannel)
    HAL_ADC_ConvCpltCallback                 0x08000e25   Thumb Code   156  adc.o(i.HAL_ADC_ConvCpltCallback)
    HAL_ADC_ConvHalfCpltCallback             0x08000f01   Thumb Code     2  stm32f4xx_hal_adc.o(i.HAL_ADC_ConvHalfCpltCallback)
    HAL_ADC_ErrorCallback                    0x08000f03   Thumb Code     2  stm32f4xx_hal_adc.o(i.HAL_ADC_ErrorCallback)
    HAL_ADC_Init                             0x08000f05   Thumb Code    84  stm32f4xx_hal_adc.o(i.HAL_ADC_Init)
    HAL_ADC_MspInit                          0x08000f59   Thumb Code     2  stm32f4xx_hal_adc.o(i.HAL_ADC_MspInit)
    HAL_ADC_Start_DMA                        0x08000f5d   Thumb Code   328  stm32f4xx_hal_adc.o(i.HAL_ADC_Start_DMA)
    HAL_ADC_Stop_DMA                         0x080010c9   Thumb Code   108  stm32f4xx_hal_adc.o(i.HAL_ADC_Stop_DMA)
    HAL_CAN_ConfigFilter                     0x08001135   Thumb Code   266  stm32f4xx_hal_can.o(i.HAL_CAN_ConfigFilter)
    HAL_CAN_GetRxFifoFillLevel               0x08001245   Thumb Code    38  stm32f4xx_hal_can.o(i.HAL_CAN_GetRxFifoFillLevel)
    HAL_CAN_GetRxMessage                     0x0800126b   Thumb Code   262  stm32f4xx_hal_can.o(i.HAL_CAN_GetRxMessage)
    HAL_CAN_Init                             0x08001371   Thumb Code   338  stm32f4xx_hal_can.o(i.HAL_CAN_Init)
    HAL_CAN_MspInit                          0x080014c5   Thumb Code   106  can.o(i.HAL_CAN_MspInit)
    HAL_CAN_Start                            0x0800153d   Thumb Code    88  stm32f4xx_hal_can.o(i.HAL_CAN_Start)
    HAL_DMA_Abort                            0x08001595   Thumb Code   142  stm32f4xx_hal_dma.o(i.HAL_DMA_Abort)
    HAL_DMA_Abort_IT                         0x08001623   Thumb Code    36  stm32f4xx_hal_dma.o(i.HAL_DMA_Abort_IT)
    HAL_DMA_IRQHandler                       0x08001649   Thumb Code   460  stm32f4xx_hal_dma.o(i.HAL_DMA_IRQHandler)
    HAL_DMA_Init                             0x08001819   Thumb Code   208  stm32f4xx_hal_dma.o(i.HAL_DMA_Init)
    HAL_DMA_Start_IT                         0x080018ed   Thumb Code   110  stm32f4xx_hal_dma.o(i.HAL_DMA_Start_IT)
    HAL_GPIO_Init                            0x0800195d   Thumb Code   418  stm32f4xx_hal_gpio.o(i.HAL_GPIO_Init)
    HAL_GPIO_TogglePin                       0x08001b2d   Thumb Code    16  stm32f4xx_hal_gpio.o(i.HAL_GPIO_TogglePin)
    HAL_GPIO_WritePin                        0x08001b3d   Thumb Code    14  stm32f4xx_hal_gpio.o(i.HAL_GPIO_WritePin)
    HAL_GetREVID                             0x08001b4d   Thumb Code     8  stm32f4xx_hal.o(i.HAL_GetREVID)
    HAL_GetTick                              0x08001b59   Thumb Code     6  stm32f4xx_hal.o(i.HAL_GetTick)
    HAL_IWDG_Init                            0x08001b65   Thumb Code    90  stm32f4xx_hal_iwdg.o(i.HAL_IWDG_Init)
    HAL_IWDG_Refresh                         0x08001bbf   Thumb Code    12  stm32f4xx_hal_iwdg.o(i.HAL_IWDG_Refresh)
    HAL_IncTick                              0x08001bcd   Thumb Code    12  stm32f4xx_hal.o(i.HAL_IncTick)
    HAL_Init                                 0x08001bdd   Thumb Code    40  stm32f4xx_hal.o(i.HAL_Init)
    HAL_InitTick                             0x08001c09   Thumb Code    58  stm32f4xx_hal.o(i.HAL_InitTick)
    HAL_MspInit                              0x08001c4d   Thumb Code     2  stm32f4xx_hal_msp_template.o(i.HAL_MspInit)
    HAL_NVIC_EnableIRQ                       0x08001c4f   Thumb Code    26  stm32f4xx_hal_cortex.o(i.HAL_NVIC_EnableIRQ)
    HAL_NVIC_SetPriority                     0x08001c69   Thumb Code    60  stm32f4xx_hal_cortex.o(i.HAL_NVIC_SetPriority)
    HAL_NVIC_SetPriorityGrouping             0x08001ca9   Thumb Code    26  stm32f4xx_hal_cortex.o(i.HAL_NVIC_SetPriorityGrouping)
    HAL_RCC_ClockConfig                      0x08001ccd   Thumb Code   310  stm32f4xx_hal_rcc.o(i.HAL_RCC_ClockConfig)
    HAL_RCC_GetHCLKFreq                      0x08001e19   Thumb Code     6  stm32f4xx_hal_rcc.o(i.HAL_RCC_GetHCLKFreq)
    HAL_RCC_GetPCLK1Freq                     0x08001e25   Thumb Code    22  stm32f4xx_hal_rcc.o(i.HAL_RCC_GetPCLK1Freq)
    HAL_RCC_GetPCLK2Freq                     0x08001e45   Thumb Code    22  stm32f4xx_hal_rcc.o(i.HAL_RCC_GetPCLK2Freq)
    HAL_RCC_GetSysClockFreq                  0x08001e65   Thumb Code    94  stm32f4xx_hal_rcc.o(i.HAL_RCC_GetSysClockFreq)
    HAL_RCC_OscConfig                        0x08001ed1   Thumb Code   942  stm32f4xx_hal_rcc.o(i.HAL_RCC_OscConfig)
    HAL_SYSTICK_Config                       0x08002291   Thumb Code    40  stm32f4xx_hal_cortex.o(i.HAL_SYSTICK_Config)
    HAL_TIMEx_BreakCallback                  0x080022b9   Thumb Code     2  stm32f4xx_hal_tim_ex.o(i.HAL_TIMEx_BreakCallback)
    HAL_TIMEx_CommutCallback                 0x080022bb   Thumb Code     2  stm32f4xx_hal_tim_ex.o(i.HAL_TIMEx_CommutCallback)
    HAL_TIMEx_ConfigBreakDeadTime            0x080022bd   Thumb Code    84  stm32f4xx_hal_tim_ex.o(i.HAL_TIMEx_ConfigBreakDeadTime)
    HAL_TIMEx_PWMN_Start                     0x08002311   Thumb Code   182  stm32f4xx_hal_tim_ex.o(i.HAL_TIMEx_PWMN_Start)
    HAL_TIM_Base_Init                        0x080023e5   Thumb Code    74  stm32f4xx_hal_tim.o(i.HAL_TIM_Base_Init)
    HAL_TIM_Base_MspInit                     0x08002431   Thumb Code    50  btim.o(i.HAL_TIM_Base_MspInit)
    HAL_TIM_Base_Start_IT                    0x0800246d   Thumb Code   110  stm32f4xx_hal_tim.o(i.HAL_TIM_Base_Start_IT)
    HAL_TIM_IC_CaptureCallback               0x080024f9   Thumb Code     2  stm32f4xx_hal_tim.o(i.HAL_TIM_IC_CaptureCallback)
    HAL_TIM_IRQHandler                       0x080024fb   Thumb Code   366  stm32f4xx_hal_tim.o(i.HAL_TIM_IRQHandler)
    HAL_TIM_OC_DelayElapsedCallback          0x08002669   Thumb Code     2  stm32f4xx_hal_tim.o(i.HAL_TIM_OC_DelayElapsedCallback)
    HAL_TIM_PWM_ConfigChannel                0x0800266b   Thumb Code   210  stm32f4xx_hal_tim.o(i.HAL_TIM_PWM_ConfigChannel)
    HAL_TIM_PWM_Init                         0x0800273d   Thumb Code    74  stm32f4xx_hal_tim.o(i.HAL_TIM_PWM_Init)
    HAL_TIM_PWM_MspInit                      0x08002787   Thumb Code     2  stm32f4xx_hal_tim.o(i.HAL_TIM_PWM_MspInit)
    HAL_TIM_PWM_PulseFinishedCallback        0x08002789   Thumb Code     2  stm32f4xx_hal_tim.o(i.HAL_TIM_PWM_PulseFinishedCallback)
    HAL_TIM_PWM_Start                        0x0800278d   Thumb Code   190  stm32f4xx_hal_tim.o(i.HAL_TIM_PWM_Start)
    HAL_TIM_PeriodElapsedCallback            0x08002869   Thumb Code  1574  btim.o(i.HAL_TIM_PeriodElapsedCallback)
    HAL_TIM_TriggerCallback                  0x08002ebd   Thumb Code     2  stm32f4xx_hal_tim.o(i.HAL_TIM_TriggerCallback)
    HAL_UARTEx_RxEventCallback               0x08002ebf   Thumb Code     2  stm32f4xx_hal_uart.o(i.HAL_UARTEx_RxEventCallback)
    HAL_UART_ErrorCallback                   0x08002ec1   Thumb Code     2  stm32f4xx_hal_uart.o(i.HAL_UART_ErrorCallback)
    HAL_UART_IRQHandler                      0x08002ec5   Thumb Code   458  stm32f4xx_hal_uart.o(i.HAL_UART_IRQHandler)
    HAL_UART_Init                            0x08003095   Thumb Code   100  stm32f4xx_hal_uart.o(i.HAL_UART_Init)
    HAL_UART_MspInit                         0x080030f9   Thumb Code   130  usart.o(i.HAL_UART_MspInit)
    HAL_UART_Receive_IT                      0x08003189   Thumb Code    46  stm32f4xx_hal_uart.o(i.HAL_UART_Receive_IT)
    HAL_UART_RxCpltCallback                  0x080031b9   Thumb Code    96  usart.o(i.HAL_UART_RxCpltCallback)
    HAL_UART_TxCpltCallback                  0x08003225   Thumb Code     2  stm32f4xx_hal_uart.o(i.HAL_UART_TxCpltCallback)
    HardFault_Handler                        0x08003227   Thumb Code     2  stm32f4xx_it.o(i.HardFault_Handler)
    Hard_devInit                             0x08003229   Thumb Code   100  task.o(i.Hard_devInit)
    LeftMoterMove                            0x0800328d   Thumb Code   450  moterdriver.o(i.LeftMoterMove)
    LeftMoterStop                            0x08003469   Thumb Code     8  moterdriver.o(i.LeftMoterStop)
    MemManage_Handler                        0x08003471   Thumb Code     2  stm32f4xx_it.o(i.MemManage_Handler)
    MoterL_pwm_chy_init                      0x08003475   Thumb Code   302  moterdriver.o(i.MoterL_pwm_chy_init)
    MoterR_pwm_chy_init                      0x080035b9   Thumb Code   300  moterdriver.o(i.MoterR_pwm_chy_init)
    MoterdriveInit                           0x080036fd   Thumb Code    22  moterdriver.o(i.MoterdriveInit)
    Move_parameter_set                       0x08003715   Thumb Code    82  wheelspeedmap.o(i.Move_parameter_set)
    NMI_Handler                              0x08003771   Thumb Code     2  stm32f4xx_it.o(i.NMI_Handler)
    OS_IT_RUN                                0x08003775   Thumb Code    64  api_schedule.o(i.OS_IT_RUN)
    PeachOSRun                               0x080037b9   Thumb Code    52  api_schedule.o(i.PeachOSRun)
    PendSV_Handler                           0x080037f1   Thumb Code     2  stm32f4xx_it.o(i.PendSV_Handler)
    Reverse_Kinemaping                       0x080037f5   Thumb Code   374  wheelspeedmap.o(i.Reverse_Kinemaping)
    RightMoterMove                           0x0800399d   Thumb Code   450  moterdriver.o(i.RightMoterMove)
    RightMoterStop                           0x08003b79   Thumb Code     8  moterdriver.o(i.RightMoterStop)
    SVC_Handler                              0x08003b81   Thumb Code     2  stm32f4xx_it.o(i.SVC_Handler)
    SysTick_Handler                          0x08003b83   Thumb Code     4  stm32f4xx_it.o(i.SysTick_Handler)
    SystemInit                               0x08003b89   Thumb Code    12  system_stm32f4xx.o(i.SystemInit)
    TIM6_DAC_IRQHandler                      0x08003b99   Thumb Code     6  btim.o(i.TIM6_DAC_IRQHandler)
    TIM_Base_SetConfig                       0x08003ba5   Thumb Code   160  stm32f4xx_hal_tim.o(i.TIM_Base_SetConfig)
    TIM_CCxChannelCmd                        0x08003c71   Thumb Code    26  stm32f4xx_hal_tim.o(i.TIM_CCxChannelCmd)
    TIM_OC2_SetConfig                        0x08003d0d   Thumb Code   106  stm32f4xx_hal_tim.o(i.TIM_OC2_SetConfig)
    Task_GetMlx90393                         0x08003e45   Thumb Code     4  task.o(i.Task_GetMlx90393)
    Task_R9DataScope                         0x08003e49   Thumb Code     2  task.o(i.Task_R9DataScope)
    Task_UnderpanDrive                       0x08003e4b   Thumb Code     4  task.o(i.Task_UnderpanDrive)
    Task_led_control                         0x08003e51   Thumb Code    10  task.o(i.Task_led_control)
    UART_Start_Receive_IT                    0x08004081   Thumb Code    54  stm32f4xx_hal_uart.o(i.UART_Start_Receive_IT)
    USART1_IRQHandler                        0x08004115   Thumb Code     6  usart.o(i.USART1_IRQHandler)
    UsageFault_Handler                       0x08004121   Thumb Code     2  stm32f4xx_it.o(i.UsageFault_Handler)
    Value_limit                              0x08004123   Thumb Code    20  common.o(i.Value_limit)
    Value_limitf                             0x08004137   Thumb Code    40  common.o(i.Value_limitf)
    __0printf                                0x08004161   Thumb Code    22  printfa.o(i.__0printf)
    __1printf                                0x08004161   Thumb Code     0  printfa.o(i.__0printf)
    __2printf                                0x08004161   Thumb Code     0  printfa.o(i.__0printf)
    __c89printf                              0x08004161   Thumb Code     0  printfa.o(i.__0printf)
    printf                                   0x08004161   Thumb Code     0  printfa.o(i.__0printf)
    __ARM_fpclassify                         0x08004181   Thumb Code    48  fpclassify.o(i.__ARM_fpclassify)
    __hardfp_fabs                            0x080041d1   Thumb Code    20  fabs.o(i.__hardfp_fabs)
    __hardfp_pow                             0x080041e9   Thumb Code  3072  pow.o(i.__hardfp_pow)
    __hardfp_sin                             0x08004e39   Thumb Code   180  sin.o(i.__hardfp_sin)
    __ieee754_rem_pio2                       0x08004f01   Thumb Code   938  rred.o(i.__ieee754_rem_pio2)
    __kernel_cos                             0x08005339   Thumb Code   322  cos_i.o(i.__kernel_cos)
    __kernel_poly                            0x080054a9   Thumb Code   248  poly.o(i.__kernel_poly)
    __kernel_sin                             0x080055a1   Thumb Code   280  sin_i.o(i.__kernel_sin)
    __mathlib_dbl_divzero                    0x080056d1   Thumb Code    28  dunder.o(i.__mathlib_dbl_divzero)
    __mathlib_dbl_infnan                     0x08005701   Thumb Code    20  dunder.o(i.__mathlib_dbl_infnan)
    __mathlib_dbl_infnan2                    0x08005715   Thumb Code    20  dunder.o(i.__mathlib_dbl_infnan2)
    __mathlib_dbl_invalid                    0x08005729   Thumb Code    24  dunder.o(i.__mathlib_dbl_invalid)
    __mathlib_dbl_overflow                   0x08005749   Thumb Code    24  dunder.o(i.__mathlib_dbl_overflow)
    __mathlib_dbl_underflow                  0x08005769   Thumb Code    24  dunder.o(i.__mathlib_dbl_underflow)
    __scatterload_copy                       0x08005789   Thumb Code    14  handlers.o(i.__scatterload_copy)
    __scatterload_null                       0x08005797   Thumb Code     2  handlers.o(i.__scatterload_null)
    __scatterload_zeroinit                   0x08005799   Thumb Code    14  handlers.o(i.__scatterload_zeroinit)
    __set_errno                              0x080057a9   Thumb Code     6  errno.o(i.__set_errno)
    adc3_nch_dma_init                        0x08006041   Thumb Code   228  adc.o(i.adc3_nch_dma_init)
    adc_channel_set                          0x08006141   Thumb Code    16  adc.o(i.adc_channel_set)
    adc_init                                 0x08006151   Thumb Code   186  adc.o(i.adc_init)
    atim_tim1_cplm_pwm_set                   0x08006219   Thumb Code    42  moterdriver.o(i.atim_tim1_cplm_pwm_set)
    atim_tim8_cplm_pwm_set                   0x0800624d   Thumb Code    44  moterdriver.o(i.atim_tim8_cplm_pwm_set)
    brake                                    0x08006281   Thumb Code    26  brake.o(i.brake)
    brake_excute                             0x080062a1   Thumb Code    88  wheelspeedmap.o(i.brake_excute)
    brake_init                               0x08006301   Thumb Code    56  brake.o(i.brake_init)
    btim_timx_int_init                       0x08006341   Thumb Code    32  btim.o(i.btim_timx_int_init)
    calc_adc_val                             0x08006369   Thumb Code   306  adc.o(i.calc_adc_val)
    can_init                                 0x080064a1   Thumb Code   104  can.o(i.can_init)
    can_receive_msg                          0x08006511   Thumb Code    66  can.o(i.can_receive_msg)
    car_move                                 0x08006559   Thumb Code    88  moterdriver.o(i.car_move)
    delay_init                               0x080065b1   Thumb Code     6  delay.o(i.delay_init)
    fabs                                     0x080065bd   Thumb Code    24  fabs.o(i.fabs)
    filterInit                               0x080065d5   Thumb Code    50  common.o(i.filterInit)
    filterValue_float                        0x08006611   Thumb Code    66  common.o(i.filterValue_float)
    fputc                                    0x08006659   Thumb Code    14  usart.o(i.fputc)
    increment_pid_ctrl                       0x0800666d   Thumb Code   108  pid.o(i.increment_pid_ctrl)
    initLowPassFilter                        0x080066d9   Thumb Code    62  common.o(i.initLowPassFilter)
    initializeFilter                         0x08006721   Thumb Code    34  common.o(i.initializeFilter)
    iwdg_feed                                0x08006749   Thumb Code     6  wdg.o(i.iwdg_feed)
    iwdg_init                                0x08006755   Thumb Code    16  wdg.o(i.iwdg_init)
    led_init                                 0x0800676d   Thumb Code   102  led.o(i.led_init)
    local_slopelimitx                        0x080067e1   Thumb Code    78  common.o(i.local_slopelimitx)
    local_slopelimity                        0x08006835   Thumb Code    78  common.o(i.local_slopelimity)
    lowPassFilter                            0x08006889   Thumb Code    86  common.o(i.lowPassFilter)
    lowpass_init                             0x080068e9   Thumb Code   156  common.o(i.lowpass_init)
    main                                     0x080069a9   Thumb Code    10  main.o(i.main)
    pid_init                                 0x080069b5   Thumb Code   174  pid.o(i.pid_init)
    sqrt                                     0x08006a7d   Thumb Code   110  sqrt.o(i.sqrt)
    sys_stm32_clock_init                     0x08006aed   Thumb Code   172  sys.o(i.sys_stm32_clock_init)
    underpanExcute                           0x08006ba5   Thumb Code   408  wheelspeedmap.o(i.underpanExcute)
    usart_init                               0x08006d71   Thumb Code    44  usart.o(i.usart_init)
    AHBPrescTable                            0x08006da8   Data          16  system_stm32f4xx.o(.constdata)
    APBPrescTable                            0x08006db8   Data           8  system_stm32f4xx.o(.constdata)
    __mathlib_zero                           0x08006e80   Data           8  qnan.o(.constdata)
    Region$$Table$$Base                      0x08006f78   Number         0  anon$$obj.o(Region$$Table)
    Region$$Table$$Limit                     0x08006f98   Number         0  anon$$obj.o(Region$$Table)
    SystemCoreClock                          0x20000000   Data           4  system_stm32f4xx.o(.data)
    g_rx_buffer                              0x20000008   Data           1  usart.o(.data)
    g_usart_rx_sta                           0x2000000a   Data           2  usart.o(.data)
    __stdout                                 0x2000000c   Data           4  usart.o(.data)
    TaskCount                                0x20000014   Data           1  api_schedule.o(.data)
    TaskST                                   0x20000018   Data          48  api_schedule.o(.data)
    brakeflage                               0x20000088   Data           2  wheelspeedmap.o(.data)
    CanKeybufReceive                         0x2000009c   Data           8  can.o(.data)
    CanLedCmdbufSend                         0x200000a4   Data           8  can.o(.data)
    CanjoysticbufReceive                     0x200000ac   Data           8  can.o(.data)
    uwTickFreq                               0x200000b4   Data           1  stm32f4xx_hal.o(.data)
    uwTickPrio                               0x200000b8   Data           4  stm32f4xx_hal.o(.data)
    uwTick                                   0x200000bc   Data           4  stm32f4xx_hal.o(.data)
    g_usart_rx_buf                           0x200000c4   Data         200  usart.o(.bss)
    g_uart1_handle                           0x2000018c   Data          68  usart.o(.bss)
    g_adc_value                              0x200001d0   Data       22000  adc.o(.bss)
    g_adc3_nch_dma_handle                    0x200057c0   Data          72  adc.o(.bss)
    g_dma_nch_adc3_handle                    0x20005808   Data          96  adc.o(.bss)
    g_adc_val                                0x20005868   Data          22  adc.o(.bss)
    g_sbreak1_dead_time1_config              0x20005880   Data          32  moterdriver.o(.bss)
    g_sbreak2_dead_time8_config              0x200058a0   Data          32  moterdriver.o(.bss)
    g_tim1_cplm_pwm_handle                   0x200058c0   Data          72  moterdriver.o(.bss)
    g_tim8_cplm_pwm_handle                   0x20005908   Data          72  moterdriver.o(.bss)
    g_timx_handler                           0x20005950   Data          72  btim.o(.bss)
    filter_LN                                0x20005998   Data          64  common.o(.bss)
    filter_RN                                0x200059d8   Data          64  common.o(.bss)
    filter_Lpwm                              0x20005a18   Data          64  common.o(.bss)
    filter_Rpwm                              0x20005a58   Data          64  common.o(.bss)
    filter_lspeed                            0x20005a98   Data          64  common.o(.bss)
    filter_rspeed                            0x20005ad8   Data          64  common.o(.bss)
    lowpassl_speed                           0x20005b18   Data          16  common.o(.bss)
    lowpassr_speed                           0x20005b28   Data          16  common.o(.bss)
    lowpassl_volatage                        0x20005b38   Data          16  common.o(.bss)
    lowpassr_volatage                        0x20005b48   Data          16  common.o(.bss)
    lowpassl_current                         0x20005b58   Data          16  common.o(.bss)
    lowpassr_current                         0x20005b68   Data          16  common.o(.bss)
    hightpassl_speed                         0x20005b78   Data          12  common.o(.bss)
    hightpassr_speed                         0x20005b84   Data          12  common.o(.bss)
    hightpassl_volatage                      0x20005b90   Data          12  common.o(.bss)
    hightpassr_volatage                      0x20005b9c   Data          12  common.o(.bss)
    hightpassl_current                       0x20005ba8   Data          12  common.o(.bss)
    hightpassr_current                       0x20005bb4   Data          12  common.o(.bss)
    iwdg_handler                             0x20005bc0   Data          12  wdg.o(.bss)
    Struc_ActuPra_Out                        0x20005bcc   Data          36  wheelspeedmap.o(.bss)
    Struc_ActuPra_Int                        0x20005bf0   Data          80  wheelspeedmap.o(.bss)
    gl_motor_data                            0x20005c40   Data          40  wheelspeedmap.o(.bss)
    gr_motor_data                            0x20005c68   Data          40  wheelspeedmap.o(.bss)
    g_r9sys_data                             0x20005c90   Data          12  wheelspeedmap.o(.bss)
    g_canx_handler                           0x20005c9c   Data          40  can.o(.bss)
    g_canx_txheader                          0x20005cc4   Data          24  can.o(.bss)
    g_canx_rxheader                          0x20005cdc   Data          28  can.o(.bss)
    mlxdata                                  0x20005cf8   Data          40  mlx90393.o(.bss)
    gl_speed_pid                             0x20005d20   Data          48  pid.o(.bss)
    gl_current_pid                           0x20005d50   Data          48  pid.o(.bss)
    gr_speed_pid                             0x20005d80   Data          48  pid.o(.bss)
    gr_current_pid                           0x20005db0   Data          48  pid.o(.bss)
    __initial_sp                             0x200061e0   Data           0  startup_stm32f407xx.o(STACK)



==============================================================================

Memory Map of the image

  Image Entry point : 0x08000189

  Load Region LR_IROM1 (Base: 0x08000000, Size: 0x0000705c, Max: 0x00100000, ABSOLUTE)

    Execution Region ER_IROM1 (Exec base: 0x08000000, Load base: 0x08000000, Size: 0x00006f98, Max: 0x00100000, ABSOLUTE)

    Exec Addr    Load Addr    Size         Type   Attr      Idx    E Section Name        Object

    0x08000000   0x08000000   0x00000188   Data   RO            3    RESET               startup_stm32f407xx.o
    0x08000188   0x08000188   0x00000000   Code   RO         7827  * .ARM.Collect$$$$00000000  mc_w.l(entry.o)
    0x08000188   0x08000188   0x00000004   Code   RO         8168    .ARM.Collect$$$$00000001  mc_w.l(entry2.o)
    0x0800018c   0x0800018c   0x00000004   Code   RO         8171    .ARM.Collect$$$$00000004  mc_w.l(entry5.o)
    0x08000190   0x08000190   0x00000000   Code   RO         8173    .ARM.Collect$$$$00000008  mc_w.l(entry7b.o)
    0x08000190   0x08000190   0x00000000   Code   RO         8175    .ARM.Collect$$$$0000000A  mc_w.l(entry8b.o)
    0x08000190   0x08000190   0x00000008   Code   RO         8176    .ARM.Collect$$$$0000000B  mc_w.l(entry9a.o)
    0x08000198   0x08000198   0x00000004   Code   RO         8183    .ARM.Collect$$$$0000000E  mc_w.l(entry12b.o)
    0x0800019c   0x0800019c   0x00000000   Code   RO         8178    .ARM.Collect$$$$0000000F  mc_w.l(entry10a.o)
    0x0800019c   0x0800019c   0x00000000   Code   RO         8180    .ARM.Collect$$$$00000011  mc_w.l(entry11a.o)
    0x0800019c   0x0800019c   0x00000004   Code   RO         8169    .ARM.Collect$$$$00002712  mc_w.l(entry2.o)
    0x080001a0   0x080001a0   0x00000024   Code   RO            4    .text               startup_stm32f407xx.o
    0x080001c4   0x080001c4   0x00000062   Code   RO         7830    .text               mc_w.l(uldiv.o)
    0x08000226   0x08000226   0x00000024   Code   RO         7832    .text               mc_w.l(memcpya.o)
    0x0800024a   0x0800024a   0x00000024   Code   RO         7834    .text               mc_w.l(memseta.o)
    0x0800026e   0x0800026e   0x0000014e   Code   RO         8099    .text               mf_w.l(dadd.o)
    0x080003bc   0x080003bc   0x000000e4   Code   RO         8101    .text               mf_w.l(dmul.o)
    0x080004a0   0x080004a0   0x000000de   Code   RO         8103    .text               mf_w.l(ddiv.o)
    0x0800057e   0x0800057e   0x00000022   Code   RO         8107    .text               mf_w.l(dflti.o)
    0x080005a0   0x080005a0   0x0000001a   Code   RO         8109    .text               mf_w.l(dfltui.o)
    0x080005ba   0x080005ba   0x00000032   Code   RO         8111    .text               mf_w.l(dfixui.o)
    0x080005ec   0x080005ec   0x00000026   Code   RO         8113    .text               mf_w.l(f2d.o)
    0x08000612   0x08000612   0x00000002   PAD
    0x08000614   0x08000614   0x00000030   Code   RO         8115    .text               mf_w.l(cdcmple.o)
    0x08000644   0x08000644   0x00000030   Code   RO         8117    .text               mf_w.l(cdrcmple.o)
    0x08000674   0x08000674   0x00000038   Code   RO         8119    .text               mf_w.l(d2f.o)
    0x080006ac   0x080006ac   0x0000002c   Code   RO         8184    .text               mc_w.l(uidiv.o)
    0x080006d8   0x080006d8   0x0000001e   Code   RO         8186    .text               mc_w.l(llshl.o)
    0x080006f6   0x080006f6   0x00000020   Code   RO         8188    .text               mc_w.l(llushr.o)
    0x08000716   0x08000716   0x00000024   Code   RO         8190    .text               mc_w.l(llsshr.o)
    0x0800073a   0x0800073a   0x00000000   Code   RO         8199    .text               mc_w.l(iusefp.o)
    0x0800073a   0x0800073a   0x0000006e   Code   RO         8200    .text               mf_w.l(fepilogue.o)
    0x080007a8   0x080007a8   0x000000ba   Code   RO         8202    .text               mf_w.l(depilogue.o)
    0x08000862   0x08000862   0x0000002e   Code   RO         8204    .text               mf_w.l(dscalb.o)
    0x08000890   0x08000890   0x000000a2   Code   RO         8206    .text               mf_w.l(dsqrt.o)
    0x08000932   0x08000932   0x00000030   Code   RO         8208    .text               mf_w.l(dfixul.o)
    0x08000962   0x08000962   0x00000002   PAD
    0x08000964   0x08000964   0x00000024   Code   RO         8210    .text               mc_w.l(init.o)
    0x08000988   0x08000988   0x0000003e   Code   RO         8212    .text               mf_w.l(dfixi.o)
    0x080009c6   0x080009c6   0x0000006e   Code   RO         1935    i.ADC_DMAConvCplt   stm32f4xx_hal_adc.o
    0x08000a34   0x08000a34   0x00000016   Code   RO         1936    i.ADC_DMAError      stm32f4xx_hal_adc.o
    0x08000a4a   0x08000a4a   0x0000000a   Code   RO         1937    i.ADC_DMAHalfConvCplt  stm32f4xx_hal_adc.o
    0x08000a54   0x08000a54   0x00000130   Code   RO         1938    i.ADC_Init          stm32f4xx_hal_adc.o
    0x08000b84   0x08000b84   0x00000002   Code   RO          324    i.BusFault_Handler  stm32f4xx_it.o
    0x08000b86   0x08000b86   0x00000004   Code   RO         1289    i.CanRead_joystic_excute  can.o
    0x08000b8a   0x08000b8a   0x00000002   PAD
    0x08000b8c   0x08000b8c   0x00000064   Code   RO         1290    i.Can_joystic_receive  can.o
    0x08000bf0   0x08000bf0   0x0000000c   Code   RO          669    i.DMA2_Stream1_IRQHandler  adc.o
    0x08000bfc   0x08000bfc   0x0000002c   Code   RO         3117    i.DMA_CalcBaseAndBitshift  stm32f4xx_hal_dma.o
    0x08000c28   0x08000c28   0x00000078   Code   RO         3118    i.DMA_CheckFifoParam  stm32f4xx_hal_dma.o
    0x08000ca0   0x08000ca0   0x0000002a   Code   RO         3119    i.DMA_SetConfig     stm32f4xx_hal_dma.o
    0x08000cca   0x08000cca   0x00000002   Code   RO          325    i.DebugMon_Handler  stm32f4xx_it.o
    0x08000ccc   0x08000ccc   0x00000158   Code   RO         1940    i.HAL_ADC_ConfigChannel  stm32f4xx_hal_adc.o
    0x08000e24   0x08000e24   0x000000dc   Code   RO          670    i.HAL_ADC_ConvCpltCallback  adc.o
    0x08000f00   0x08000f00   0x00000002   Code   RO         1942    i.HAL_ADC_ConvHalfCpltCallback  stm32f4xx_hal_adc.o
    0x08000f02   0x08000f02   0x00000002   Code   RO         1944    i.HAL_ADC_ErrorCallback  stm32f4xx_hal_adc.o
    0x08000f04   0x08000f04   0x00000054   Code   RO         1949    i.HAL_ADC_Init      stm32f4xx_hal_adc.o
    0x08000f58   0x08000f58   0x00000002   Code   RO         1952    i.HAL_ADC_MspInit   stm32f4xx_hal_adc.o
    0x08000f5a   0x08000f5a   0x00000002   PAD
    0x08000f5c   0x08000f5c   0x0000016c   Code   RO         1956    i.HAL_ADC_Start_DMA  stm32f4xx_hal_adc.o
    0x080010c8   0x080010c8   0x0000006c   Code   RO         1959    i.HAL_ADC_Stop_DMA  stm32f4xx_hal_adc.o
    0x08001134   0x08001134   0x00000110   Code   RO         2213    i.HAL_CAN_ConfigFilter  stm32f4xx_hal_can.o
    0x08001244   0x08001244   0x00000026   Code   RO         2218    i.HAL_CAN_GetRxFifoFillLevel  stm32f4xx_hal_can.o
    0x0800126a   0x0800126a   0x00000106   Code   RO         2219    i.HAL_CAN_GetRxMessage  stm32f4xx_hal_can.o
    0x08001370   0x08001370   0x00000152   Code   RO         2224    i.HAL_CAN_Init      stm32f4xx_hal_can.o
    0x080014c2   0x080014c2   0x00000002   PAD
    0x080014c4   0x080014c4   0x00000078   Code   RO         1291    i.HAL_CAN_MspInit   can.o
    0x0800153c   0x0800153c   0x00000058   Code   RO         2236    i.HAL_CAN_Start     stm32f4xx_hal_can.o
    0x08001594   0x08001594   0x0000008e   Code   RO         3120    i.HAL_DMA_Abort     stm32f4xx_hal_dma.o
    0x08001622   0x08001622   0x00000024   Code   RO         3121    i.HAL_DMA_Abort_IT  stm32f4xx_hal_dma.o
    0x08001646   0x08001646   0x00000002   PAD
    0x08001648   0x08001648   0x000001d0   Code   RO         3125    i.HAL_DMA_IRQHandler  stm32f4xx_hal_dma.o
    0x08001818   0x08001818   0x000000d4   Code   RO         3126    i.HAL_DMA_Init      stm32f4xx_hal_dma.o
    0x080018ec   0x080018ec   0x0000006e   Code   RO         3130    i.HAL_DMA_Start_IT  stm32f4xx_hal_dma.o
    0x0800195a   0x0800195a   0x00000002   PAD
    0x0800195c   0x0800195c   0x000001d0   Code   RO         3706    i.HAL_GPIO_Init     stm32f4xx_hal_gpio.o
    0x08001b2c   0x08001b2c   0x00000010   Code   RO         3709    i.HAL_GPIO_TogglePin  stm32f4xx_hal_gpio.o
    0x08001b3c   0x08001b3c   0x0000000e   Code   RO         3710    i.HAL_GPIO_WritePin  stm32f4xx_hal_gpio.o
    0x08001b4a   0x08001b4a   0x00000002   PAD
    0x08001b4c   0x08001b4c   0x0000000c   Code   RO         1761    i.HAL_GetREVID      stm32f4xx_hal.o
    0x08001b58   0x08001b58   0x0000000c   Code   RO         1762    i.HAL_GetTick       stm32f4xx_hal.o
    0x08001b64   0x08001b64   0x0000005a   Code   RO         4861    i.HAL_IWDG_Init     stm32f4xx_hal_iwdg.o
    0x08001bbe   0x08001bbe   0x0000000c   Code   RO         4862    i.HAL_IWDG_Refresh  stm32f4xx_hal_iwdg.o
    0x08001bca   0x08001bca   0x00000002   PAD
    0x08001bcc   0x08001bcc   0x00000010   Code   RO         1768    i.HAL_IncTick       stm32f4xx_hal.o
    0x08001bdc   0x08001bdc   0x0000002c   Code   RO         1769    i.HAL_Init          stm32f4xx_hal.o
    0x08001c08   0x08001c08   0x00000044   Code   RO         1770    i.HAL_InitTick      stm32f4xx_hal.o
    0x08001c4c   0x08001c4c   0x00000002   Code   RO         4964    i.HAL_MspInit       stm32f4xx_hal_msp_template.o
    0x08001c4e   0x08001c4e   0x0000001a   Code   RO         2467    i.HAL_NVIC_EnableIRQ  stm32f4xx_hal_cortex.o
    0x08001c68   0x08001c68   0x00000040   Code   RO         2473    i.HAL_NVIC_SetPriority  stm32f4xx_hal_cortex.o
    0x08001ca8   0x08001ca8   0x00000024   Code   RO         2474    i.HAL_NVIC_SetPriorityGrouping  stm32f4xx_hal_cortex.o
    0x08001ccc   0x08001ccc   0x0000014c   Code   RO         5198    i.HAL_RCC_ClockConfig  stm32f4xx_hal_rcc.o
    0x08001e18   0x08001e18   0x0000000c   Code   RO         5203    i.HAL_RCC_GetHCLKFreq  stm32f4xx_hal_rcc.o
    0x08001e24   0x08001e24   0x00000020   Code   RO         5205    i.HAL_RCC_GetPCLK1Freq  stm32f4xx_hal_rcc.o
    0x08001e44   0x08001e44   0x00000020   Code   RO         5206    i.HAL_RCC_GetPCLK2Freq  stm32f4xx_hal_rcc.o
    0x08001e64   0x08001e64   0x0000006c   Code   RO         5207    i.HAL_RCC_GetSysClockFreq  stm32f4xx_hal_rcc.o
    0x08001ed0   0x08001ed0   0x000003c0   Code   RO         5210    i.HAL_RCC_OscConfig  stm32f4xx_hal_rcc.o
    0x08002290   0x08002290   0x00000028   Code   RO         2478    i.HAL_SYSTICK_Config  stm32f4xx_hal_cortex.o
    0x080022b8   0x080022b8   0x00000002   Code   RO         7495    i.HAL_TIMEx_BreakCallback  stm32f4xx_hal_tim_ex.o
    0x080022ba   0x080022ba   0x00000002   Code   RO         7496    i.HAL_TIMEx_CommutCallback  stm32f4xx_hal_tim_ex.o
    0x080022bc   0x080022bc   0x00000054   Code   RO         7498    i.HAL_TIMEx_ConfigBreakDeadTime  stm32f4xx_hal_tim_ex.o
    0x08002310   0x08002310   0x000000d4   Code   RO         7525    i.HAL_TIMEx_PWMN_Start  stm32f4xx_hal_tim_ex.o
    0x080023e4   0x080023e4   0x0000004a   Code   RO         6780    i.HAL_TIM_Base_Init  stm32f4xx_hal_tim.o
    0x0800242e   0x0800242e   0x00000002   PAD
    0x08002430   0x08002430   0x0000003c   Code   RO          840    i.HAL_TIM_Base_MspInit  btim.o
    0x0800246c   0x0800246c   0x0000008c   Code   RO         6785    i.HAL_TIM_Base_Start_IT  stm32f4xx_hal_tim.o
    0x080024f8   0x080024f8   0x00000002   Code   RO         6814    i.HAL_TIM_IC_CaptureCallback  stm32f4xx_hal_tim.o
    0x080024fa   0x080024fa   0x0000016e   Code   RO         6828    i.HAL_TIM_IRQHandler  stm32f4xx_hal_tim.o
    0x08002668   0x08002668   0x00000002   Code   RO         6831    i.HAL_TIM_OC_DelayElapsedCallback  stm32f4xx_hal_tim.o
    0x0800266a   0x0800266a   0x000000d2   Code   RO         6852    i.HAL_TIM_PWM_ConfigChannel  stm32f4xx_hal_tim.o
    0x0800273c   0x0800273c   0x0000004a   Code   RO         6855    i.HAL_TIM_PWM_Init  stm32f4xx_hal_tim.o
    0x08002786   0x08002786   0x00000002   Code   RO         6857    i.HAL_TIM_PWM_MspInit  stm32f4xx_hal_tim.o
    0x08002788   0x08002788   0x00000002   Code   RO         6858    i.HAL_TIM_PWM_PulseFinishedCallback  stm32f4xx_hal_tim.o
    0x0800278a   0x0800278a   0x00000002   PAD
    0x0800278c   0x0800278c   0x000000dc   Code   RO         6860    i.HAL_TIM_PWM_Start  stm32f4xx_hal_tim.o
    0x08002868   0x08002868   0x00000654   Code   RO          841    i.HAL_TIM_PeriodElapsedCallback  btim.o
    0x08002ebc   0x08002ebc   0x00000002   Code   RO         6871    i.HAL_TIM_TriggerCallback  stm32f4xx_hal_tim.o
    0x08002ebe   0x08002ebe   0x00000002   Code   RO         5862    i.HAL_UARTEx_RxEventCallback  stm32f4xx_hal_uart.o
    0x08002ec0   0x08002ec0   0x00000002   Code   RO         5876    i.HAL_UART_ErrorCallback  stm32f4xx_hal_uart.o
    0x08002ec2   0x08002ec2   0x00000002   PAD
    0x08002ec4   0x08002ec4   0x000001d0   Code   RO         5879    i.HAL_UART_IRQHandler  stm32f4xx_hal_uart.o
    0x08003094   0x08003094   0x00000064   Code   RO         5880    i.HAL_UART_Init     stm32f4xx_hal_uart.o
    0x080030f8   0x080030f8   0x00000090   Code   RO          554    i.HAL_UART_MspInit  usart.o
    0x08003188   0x08003188   0x0000002e   Code   RO         5885    i.HAL_UART_Receive_IT  stm32f4xx_hal_uart.o
    0x080031b6   0x080031b6   0x00000002   PAD
    0x080031b8   0x080031b8   0x0000006c   Code   RO          555    i.HAL_UART_RxCpltCallback  usart.o
    0x08003224   0x08003224   0x00000002   Code   RO         5891    i.HAL_UART_TxCpltCallback  stm32f4xx_hal_uart.o
    0x08003226   0x08003226   0x00000002   Code   RO          326    i.HardFault_Handler  stm32f4xx_it.o
    0x08003228   0x08003228   0x00000064   Code   RO          926    i.Hard_devInit      task.o
    0x0800328c   0x0800328c   0x000001dc   Code   RO          729    i.LeftMoterMove     moterdriver.o
    0x08003468   0x08003468   0x00000008   Code   RO          730    i.LeftMoterStop     moterdriver.o
    0x08003470   0x08003470   0x00000002   Code   RO          327    i.MemManage_Handler  stm32f4xx_it.o
    0x08003472   0x08003472   0x00000002   PAD
    0x08003474   0x08003474   0x00000144   Code   RO          731    i.MoterL_pwm_chy_init  moterdriver.o
    0x080035b8   0x080035b8   0x00000144   Code   RO          732    i.MoterR_pwm_chy_init  moterdriver.o
    0x080036fc   0x080036fc   0x00000016   Code   RO          733    i.MoterdriveInit    moterdriver.o
    0x08003712   0x08003712   0x00000002   PAD
    0x08003714   0x08003714   0x0000005c   Code   RO         1212    i.Move_parameter_set  wheelspeedmap.o
    0x08003770   0x08003770   0x00000002   Code   RO          328    i.NMI_Handler       stm32f4xx_it.o
    0x08003772   0x08003772   0x00000002   PAD
    0x08003774   0x08003774   0x00000044   Code   RO          890    i.OS_IT_RUN         api_schedule.o
    0x080037b8   0x080037b8   0x00000038   Code   RO          891    i.PeachOSRun        api_schedule.o
    0x080037f0   0x080037f0   0x00000002   Code   RO          329    i.PendSV_Handler    stm32f4xx_it.o
    0x080037f2   0x080037f2   0x00000002   PAD
    0x080037f4   0x080037f4   0x000001a8   Code   RO         1213    i.Reverse_Kinemaping  wheelspeedmap.o
    0x0800399c   0x0800399c   0x000001dc   Code   RO          734    i.RightMoterMove    moterdriver.o
    0x08003b78   0x08003b78   0x00000008   Code   RO          735    i.RightMoterStop    moterdriver.o
    0x08003b80   0x08003b80   0x00000002   Code   RO          330    i.SVC_Handler       stm32f4xx_it.o
    0x08003b82   0x08003b82   0x00000004   Code   RO          331    i.SysTick_Handler   stm32f4xx_it.o
    0x08003b86   0x08003b86   0x00000002   PAD
    0x08003b88   0x08003b88   0x00000010   Code   RO          400    i.SystemInit        system_stm32f4xx.o
    0x08003b98   0x08003b98   0x0000000c   Code   RO          842    i.TIM6_DAC_IRQHandler  btim.o
    0x08003ba4   0x08003ba4   0x000000cc   Code   RO         6873    i.TIM_Base_SetConfig  stm32f4xx_hal_tim.o
    0x08003c70   0x08003c70   0x0000001a   Code   RO         6874    i.TIM_CCxChannelCmd  stm32f4xx_hal_tim.o
    0x08003c8a   0x08003c8a   0x0000001a   Code   RO         7534    i.TIM_CCxNChannelCmd  stm32f4xx_hal_tim_ex.o
    0x08003ca4   0x08003ca4   0x00000068   Code   RO         6886    i.TIM_OC1_SetConfig  stm32f4xx_hal_tim.o
    0x08003d0c   0x08003d0c   0x00000074   Code   RO         6887    i.TIM_OC2_SetConfig  stm32f4xx_hal_tim.o
    0x08003d80   0x08003d80   0x00000070   Code   RO         6888    i.TIM_OC3_SetConfig  stm32f4xx_hal_tim.o
    0x08003df0   0x08003df0   0x00000054   Code   RO         6889    i.TIM_OC4_SetConfig  stm32f4xx_hal_tim.o
    0x08003e44   0x08003e44   0x00000004   Code   RO          927    i.Task_GetMlx90393  task.o
    0x08003e48   0x08003e48   0x00000002   Code   RO          928    i.Task_R9DataScope  task.o
    0x08003e4a   0x08003e4a   0x00000004   Code   RO          929    i.Task_UnderpanDrive  task.o
    0x08003e4e   0x08003e4e   0x00000002   PAD
    0x08003e50   0x08003e50   0x00000010   Code   RO          930    i.Task_led_control  task.o
    0x08003e60   0x08003e60   0x00000010   Code   RO         5893    i.UART_DMAAbortOnError  stm32f4xx_hal_uart.o
    0x08003e70   0x08003e70   0x00000030   Code   RO         5903    i.UART_EndRxTransfer  stm32f4xx_hal_uart.o
    0x08003ea0   0x08003ea0   0x0000001a   Code   RO         5904    i.UART_EndTransmit_IT  stm32f4xx_hal_uart.o
    0x08003eba   0x08003eba   0x000000b2   Code   RO         5906    i.UART_Receive_IT   stm32f4xx_hal_uart.o
    0x08003f6c   0x08003f6c   0x00000114   Code   RO         5907    i.UART_SetConfig    stm32f4xx_hal_uart.o
    0x08004080   0x08004080   0x00000036   Code   RO         5909    i.UART_Start_Receive_IT  stm32f4xx_hal_uart.o
    0x080040b6   0x080040b6   0x0000005e   Code   RO         5910    i.UART_Transmit_IT  stm32f4xx_hal_uart.o
    0x08004114   0x08004114   0x0000000c   Code   RO          556    i.USART1_IRQHandler  usart.o
    0x08004120   0x08004120   0x00000002   Code   RO          332    i.UsageFault_Handler  stm32f4xx_it.o
    0x08004122   0x08004122   0x00000014   Code   RO          976    i.Value_limit       common.o
    0x08004136   0x08004136   0x00000028   Code   RO          977    i.Value_limitf      common.o
    0x0800415e   0x0800415e   0x00000002   PAD
    0x08004160   0x08004160   0x00000020   Code   RO         8071    i.__0printf         mc_w.l(printfa.o)
    0x08004180   0x08004180   0x00000030   Code   RO         8152    i.__ARM_fpclassify  m_wm.l(fpclassify.o)
    0x080041b0   0x080041b0   0x00000020   Code   RO         2480    i.__NVIC_SetPriority  stm32f4xx_hal_cortex.o
    0x080041d0   0x080041d0   0x00000014   Code   RO         7783    i.__hardfp_fabs     m_wm.l(fabs.o)
    0x080041e4   0x080041e4   0x00000004   PAD
    0x080041e8   0x080041e8   0x00000c50   Code   RO         7789    i.__hardfp_pow      m_wm.l(pow.o)
    0x08004e38   0x08004e38   0x000000c8   Code   RO         7803    i.__hardfp_sin      m_wm.l(sin.o)
    0x08004f00   0x08004f00   0x00000438   Code   RO         8157    i.__ieee754_rem_pio2  m_wm.l(rred.o)
    0x08005338   0x08005338   0x00000170   Code   RO         8135    i.__kernel_cos      m_wm.l(cos_i.o)
    0x080054a8   0x080054a8   0x000000f8   Code   RO         8154    i.__kernel_poly     m_wm.l(poly.o)
    0x080055a0   0x080055a0   0x00000130   Code   RO         8162    i.__kernel_sin      m_wm.l(sin_i.o)
    0x080056d0   0x080056d0   0x00000030   Code   RO         8138    i.__mathlib_dbl_divzero  m_wm.l(dunder.o)
    0x08005700   0x08005700   0x00000014   Code   RO         8139    i.__mathlib_dbl_infnan  m_wm.l(dunder.o)
    0x08005714   0x08005714   0x00000014   Code   RO         8140    i.__mathlib_dbl_infnan2  m_wm.l(dunder.o)
    0x08005728   0x08005728   0x00000020   Code   RO         8141    i.__mathlib_dbl_invalid  m_wm.l(dunder.o)
    0x08005748   0x08005748   0x00000020   Code   RO         8142    i.__mathlib_dbl_overflow  m_wm.l(dunder.o)
    0x08005768   0x08005768   0x00000020   Code   RO         8144    i.__mathlib_dbl_underflow  m_wm.l(dunder.o)
    0x08005788   0x08005788   0x0000000e   Code   RO         8216    i.__scatterload_copy  mc_w.l(handlers.o)
    0x08005796   0x08005796   0x00000002   Code   RO         8217    i.__scatterload_null  mc_w.l(handlers.o)
    0x08005798   0x08005798   0x0000000e   Code   RO         8218    i.__scatterload_zeroinit  mc_w.l(handlers.o)
    0x080057a6   0x080057a6   0x00000002   PAD
    0x080057a8   0x080057a8   0x0000000c   Code   RO         8194    i.__set_errno       mc_w.l(errno.o)
    0x080057b4   0x080057b4   0x00000184   Code   RO         8078    i._fp_digits        mc_w.l(printfa.o)
    0x08005938   0x08005938   0x000006b4   Code   RO         8079    i._printf_core      mc_w.l(printfa.o)
    0x08005fec   0x08005fec   0x00000024   Code   RO         8080    i._printf_post_padding  mc_w.l(printfa.o)
    0x08006010   0x08006010   0x0000002e   Code   RO         8081    i._printf_pre_padding  mc_w.l(printfa.o)
    0x0800603e   0x0800603e   0x00000002   PAD
    0x08006040   0x08006040   0x00000100   Code   RO          671    i.adc3_nch_dma_init  adc.o
    0x08006140   0x08006140   0x00000010   Code   RO          672    i.adc_channel_set   adc.o
    0x08006150   0x08006150   0x000000c8   Code   RO          673    i.adc_init          adc.o
    0x08006218   0x08006218   0x00000034   Code   RO          736    i.atim_tim1_cplm_pwm_set  moterdriver.o
    0x0800624c   0x0800624c   0x00000034   Code   RO          737    i.atim_tim8_cplm_pwm_set  moterdriver.o
    0x08006280   0x08006280   0x00000020   Code   RO          810    i.brake             brake.o
    0x080062a0   0x080062a0   0x00000060   Code   RO         1215    i.brake_excute      wheelspeedmap.o
    0x08006300   0x08006300   0x00000040   Code   RO          811    i.brake_init        brake.o
    0x08006340   0x08006340   0x00000028   Code   RO          843    i.btim_timx_int_init  btim.o
    0x08006368   0x08006368   0x00000138   Code   RO          674    i.calc_adc_val      adc.o
    0x080064a0   0x080064a0   0x00000070   Code   RO         1292    i.can_init          can.o
    0x08006510   0x08006510   0x00000048   Code   RO         1293    i.can_receive_msg   can.o
    0x08006558   0x08006558   0x00000058   Code   RO          738    i.car_move          moterdriver.o
    0x080065b0   0x080065b0   0x0000000c   Code   RO          438    i.delay_init        delay.o
    0x080065bc   0x080065bc   0x00000018   Code   RO         7785    i.fabs              m_wm.l(fabs.o)
    0x080065d4   0x080065d4   0x0000003c   Code   RO          978    i.filterInit        common.o
    0x08006610   0x08006610   0x00000048   Code   RO          981    i.filterValue_float  common.o
    0x08006658   0x08006658   0x00000014   Code   RO          560    i.fputc             usart.o
    0x0800666c   0x0800666c   0x0000006c   Code   RO         1707    i.increment_pid_ctrl  pid.o
    0x080066d8   0x080066d8   0x00000048   Code   RO          984    i.initLowPassFilter  common.o
    0x08006720   0x08006720   0x00000028   Code   RO          986    i.initializeFilter  common.o
    0x08006748   0x08006748   0x0000000c   Code   RO         1179    i.iwdg_feed         wdg.o
    0x08006754   0x08006754   0x00000018   Code   RO         1180    i.iwdg_init         wdg.o
    0x0800676c   0x0800676c   0x00000074   Code   RO          633    i.led_init          led.o
    0x080067e0   0x080067e0   0x00000054   Code   RO          987    i.local_slopelimitx  common.o
    0x08006834   0x08006834   0x00000054   Code   RO          988    i.local_slopelimity  common.o
    0x08006888   0x08006888   0x00000060   Code   RO          989    i.lowPassFilter     common.o
    0x080068e8   0x080068e8   0x000000c0   Code   RO          999    i.lowpass_init      common.o
    0x080069a8   0x080069a8   0x0000000a   Code   RO           13    i.main              main.o
    0x080069b2   0x080069b2   0x00000002   PAD
    0x080069b4   0x080069b4   0x000000c8   Code   RO         1709    i.pid_init          pid.o
    0x08006a7c   0x08006a7c   0x0000006e   Code   RO         7817    i.sqrt              m_wm.l(sqrt.o)
    0x08006aea   0x08006aea   0x00000002   PAD
    0x08006aec   0x08006aec   0x000000b8   Code   RO          487    i.sys_stm32_clock_init  sys.o
    0x08006ba4   0x08006ba4   0x000001cc   Code   RO         1216    i.underpanExcute    wheelspeedmap.o
    0x08006d70   0x08006d70   0x00000038   Code   RO          561    i.usart_init        usart.o
    0x08006da8   0x08006da8   0x00000010   Data   RO          401    .constdata          system_stm32f4xx.o
    0x08006db8   0x08006db8   0x00000008   Data   RO          402    .constdata          system_stm32f4xx.o
    0x08006dc0   0x08006dc0   0x00000008   Data   RO         3132    .constdata          stm32f4xx_hal_dma.o
    0x08006dc8   0x08006dc8   0x00000088   Data   RO         7792    .constdata          m_wm.l(pow.o)
    0x08006e50   0x08006e50   0x00000030   Data   RO         8136    .constdata          m_wm.l(cos_i.o)
    0x08006e80   0x08006e80   0x00000008   Data   RO         8156    .constdata          m_wm.l(qnan.o)
    0x08006e88   0x08006e88   0x000000c8   Data   RO         8159    .constdata          m_wm.l(rred.o)
    0x08006f50   0x08006f50   0x00000028   Data   RO         8163    .constdata          m_wm.l(sin_i.o)
    0x08006f78   0x08006f78   0x00000020   Data   RO         8214    Region$$Table       anon$$obj.o


    Execution Region RW_IRAM1 (Exec base: 0x20000000, Load base: 0x08006f98, Size: 0x000061e0, Max: 0x00020000, ABSOLUTE)

    Exec Addr    Load Addr    Size         Type   Attr      Idx    E Section Name        Object

    0x20000000   0x08006f98   0x00000004   Data   RW          403    .data               system_stm32f4xx.o
    0x20000004   0x08006f9c   0x00000004   Data   RW          441    .data               delay.o
    0x20000008   0x08006fa0   0x00000004   Data   RW          563    .data               usart.o
    0x2000000c   0x08006fa4   0x00000004   Data   RW          564    .data               usart.o
    0x20000010   0x08006fa8   0x00000001   Data   RW          845    .data               btim.o
    0x20000011   0x08006fa9   0x00000003   PAD
    0x20000014   0x08006fac   0x00000034   Data   RW          892    .data               api_schedule.o
    0x20000048   0x08006fe0   0x00000040   Data   RW         1005    .data               common.o
    0x20000088   0x08007020   0x00000010   Data   RW         1220    .data               wheelspeedmap.o
    0x20000098   0x08007030   0x0000001c   Data   RW         1296    .data               can.o
    0x200000b4   0x0800704c   0x0000000c   Data   RW         1776    .data               stm32f4xx_hal.o
    0x200000c0   0x08007058   0x00000004   Data   RW         8195    .data               mc_w.l(errno.o)
    0x200000c4        -       0x0000010c   Zero   RW          562    .bss                usart.o
    0x200001d0        -       0x000056ae   Zero   RW          675    .bss                adc.o
    0x2000587e   0x0800705c   0x00000002   PAD
    0x20005880        -       0x000000d0   Zero   RW          739    .bss                moterdriver.o
    0x20005950        -       0x00000048   Zero   RW          844    .bss                btim.o
    0x20005998        -       0x00000228   Zero   RW         1004    .bss                common.o
    0x20005bc0        -       0x0000000c   Zero   RW         1181    .bss                wdg.o
    0x20005bcc        -       0x000000c4   Zero   RW         1218    .bss                wheelspeedmap.o
    0x20005c90        -       0x0000000c   Zero   RW         1219    .bss                wheelspeedmap.o
    0x20005c9c        -       0x0000005c   Zero   RW         1295    .bss                can.o
    0x20005cf8        -       0x00000028   Zero   RW         1593    .bss                mlx90393.o
    0x20005d20        -       0x000000c0   Zero   RW         1710    .bss                pid.o
    0x20005de0        -       0x00000400   Zero   RW            1    STACK               startup_stm32f407xx.o


==============================================================================

Image component sizes


      Code (inc. data)   RO Data    RW Data    ZI Data      Debug   Object Name

      1016        118          0          0      22190       5449   adc.o
       124          8          0         52          0       2544   api_schedule.o
        96         14          0          0          0       1685   brake.o
      1732        194          0          1         72       4063   btim.o
       408         36          0         28         92     580530   can.o
       760         90          0         64        552      19783   common.o
        12          6          0          4          0        877   delay.o
       116         14          0          0          0       1191   led.o
        10          0          0          0          0     716491   main.o
         0          0          0          0         40       2426   mlx90393.o
      1830        116          0          0        208      10716   moterdriver.o
       308         26          0          0        192       3106   pid.o
        36          8        392          0       1024       1036   startup_stm32f407xx.o
       152         28          0         12          0      10040   stm32f4xx_hal.o
      1352         60          0          0          0       9347   stm32f4xx_hal_adc.o
       998          6          0          0          0       5626   stm32f4xx_hal_can.o
       198         14          0          0          0      34643   stm32f4xx_hal_cortex.o
      1170         14          8          0          0       8354   stm32f4xx_hal_dma.o
       494         46          0          0          0       3321   stm32f4xx_hal_gpio.o
       102          0          0          0          0       2147   stm32f4xx_hal_iwdg.o
         2          0          0          0          0        622   stm32f4xx_hal_msp_template.o
      1476         80          0          0          0       6988   stm32f4xx_hal_rcc.o
      1740        140          0          0          0      14664   stm32f4xx_hal_tim.o
       326         30          0          0          0       4560   stm32f4xx_hal_tim_ex.o
      1308         16          0          0          0      11288   stm32f4xx_hal_uart.o
        20          0          0          0          0       4942   stm32f4xx_it.o
       184         12          0          0          0       1547   sys.o
        16          4         24          4          0       1615   system_stm32f4xx.o
       126          6          0          0          0       2841   task.o
       340         50          0          8        268       5717   usart.o
        36         14          0          0         12       1471   wdg.o
      1072        120          0         16        208       5888   wheelspeedmap.o

    ----------------------------------------------------------------------
     17598       1270        456        192      24860    1485518   Object Totals
         0          0         32          0          0          0   (incl. Generated)
        38          0          0          3          2          0   (incl. Padding)

    ----------------------------------------------------------------------

      Code (inc. data)   RO Data    RW Data    ZI Data      Debug   Library Member Name

       368         46         48          0          0        200   cos_i.o
       184         44          0          0          0        744   dunder.o
        44          0          0          0          0        248   fabs.o
        48          0          0          0          0        124   fpclassify.o
       248          0          0          0          0        152   poly.o
      3152        296        136          0          0        352   pow.o
         0          0          8          0          0          0   qnan.o
      1080        142        200          0          0        188   rred.o
       200         20          0          0          0        164   sin.o
       304         24         40          0          0        208   sin_i.o
       110          0          0          0          0        148   sqrt.o
         0          0          0          0          0          0   entry.o
         0          0          0          0          0          0   entry10a.o
         0          0          0          0          0          0   entry11a.o
         4          0          0          0          0          0   entry12b.o
         8          4          0          0          0          0   entry2.o
         4          0          0          0          0          0   entry5.o
         0          0          0          0          0          0   entry7b.o
         0          0          0          0          0          0   entry8b.o
         8          4          0          0          0          0   entry9a.o
        12          6          0          4          0         68   errno.o
        30          0          0          0          0          0   handlers.o
        36          8          0          0          0         68   init.o
         0          0          0          0          0          0   iusefp.o
        30          0          0          0          0         68   llshl.o
        36          0          0          0          0         68   llsshr.o
        32          0          0          0          0         68   llushr.o
        36          0          0          0          0         68   memcpya.o
        36          0          0          0          0        108   memseta.o
      2218         90          0          0          0        464   printfa.o
        44          0          0          0          0         80   uidiv.o
        98          0          0          0          0         92   uldiv.o
        48          0          0          0          0         68   cdcmple.o
        48          0          0          0          0         68   cdrcmple.o
        56          0          0          0          0         88   d2f.o
       334          0          0          0          0        148   dadd.o
       222          0          0          0          0        100   ddiv.o
       186          0          0          0          0        176   depilogue.o
        62          0          0          0          0         80   dfixi.o
        50          0          0          0          0         76   dfixui.o
        48          0          0          0          0         68   dfixul.o
        34          0          0          0          0         76   dflti.o
        26          0          0          0          0         76   dfltui.o
       228          0          0          0          0         96   dmul.o
        46          0          0          0          0         80   dscalb.o
       162          0          0          0          0        100   dsqrt.o
        38          0          0          0          0         68   f2d.o
       110          0          0          0          0        168   fepilogue.o

    ----------------------------------------------------------------------
     10082        684        432          4          0       5216   Library Totals
        14          0          0          0          0          0   (incl. Padding)

    ----------------------------------------------------------------------

      Code (inc. data)   RO Data    RW Data    ZI Data      Debug   Library Name

      5738        572        432          0          0       2528   m_wm.l
      2632        112          0          4          0       1152   mc_w.l
      1698          0          0          0          0       1536   mf_w.l

    ----------------------------------------------------------------------
     10082        684        432          4          0       5216   Library Totals

    ----------------------------------------------------------------------

==============================================================================


      Code (inc. data)   RO Data    RW Data    ZI Data      Debug   

     27680       1954        888        196      24860    1473834   Grand Totals
     27680       1954        888        196      24860    1473834   ELF Image Totals
     27680       1954        888        196          0          0   ROM Totals

==============================================================================

    Total RO  Size (Code + RO Data)                28568 (  27.90kB)
    Total RW  Size (RW Data + ZI Data)             25056 (  24.47kB)
    Total ROM Size (Code + RO Data + RW Data)      28764 (  28.09kB)

==============================================================================

