<html>
<body>
<pre>
<h1>礦ision Build Log</h1>
<h2>Tool Versions:</h2>
IDE-Version: μVision V5.38.0.0
Copyright (C) 2022 ARM Ltd and ARM Germany GmbH. All rights reserved.
License Information: rehand fu@reha, HP Inc., LIC=65ISZ-JPW1A-63SMB-2C18Y-RU7XC-7M4J7
 
Tool Versions:
Toolchain:       MDK-ARM Plus  Version: 5.38.0.0
Toolchain Path:  D:\Keil_v5\ARM\ARMCC\Bin
C Compiler:      Armcc.exe V5.06 update 7 (build 960)
Assembler:       Armasm.exe V5.06 update 7 (build 960)
Linker/Locator:  ArmLink.exe V5.06 update 7 (build 960)
Library Manager: ArmAr.exe V5.06 update 7 (build 960)
Hex Converter:   FromElf.exe V5.06 update 7 (build 960)
CPU DLL:         SARMCM3.DLL V5.38.0.0
Dialog DLL:      DCM.DLL V1.17.5.0
Target DLL:      STLink\ST-LINKIII-KEIL_SWO.dll V3.1.0.0
Dialog DLL:      TCM.DLL V1.56.4.0
 
<h2>Project:</h2>
c:\Users\fu\Desktop\gitcode\Wheelchair_phase2_project\底盘闭环Demo板项目_MAXON单速度环\R9_407F_num_2\Projects\MDK-ARM\R9_NUM2.uvprojx
Project File Date:  04/07/2025

<h2>Output:</h2>
*** Using Compiler 'V5.06 update 7 (build 960)', folder: 'D:\Keil_v5\ARM\ARMCC\Bin'
Build target 'R9_407F_num2'
assembling startup_stm32f407xx.s...
compiling stm32f4xx_it.c...
..\..\Drivers\CMSIS\Device\ST\STM32F4xx\Include\stm32f407xx.h(52): warning:  #47-D: incompatible redefinition of macro "__FPU_PRESENT" 
  #define __FPU_PRESENT             1U       /*!< FPU present                                   */
..\..\Drivers\CMSIS\Include\core_cm4.h(80): warning:  #47-D: incompatible redefinition of macro "__FPU_USED" 
        #define __FPU_USED       1U
..\..\User\stm32f4xx_it.c: 2 warnings, 0 errors
compiling sys.c...
..\..\Drivers\CMSIS\Device\ST\STM32F4xx\Include\stm32f407xx.h(52): warning:  #47-D: incompatible redefinition of macro "__FPU_PRESENT" 
  #define __FPU_PRESENT             1U       /*!< FPU present                                   */
..\..\Drivers\CMSIS\Include\core_cm4.h(80): warning:  #47-D: incompatible redefinition of macro "__FPU_USED" 
        #define __FPU_USED       1U
..\..\Drivers\SYSTEM\sys\sys.c: 2 warnings, 0 errors
compiling delay.c...
..\..\Drivers\CMSIS\Device\ST\STM32F4xx\Include\stm32f407xx.h(52): warning:  #47-D: incompatible redefinition of macro "__FPU_PRESENT" 
  #define __FPU_PRESENT             1U       /*!< FPU present                                   */
..\..\Drivers\CMSIS\Include\core_cm4.h(80): warning:  #47-D: incompatible redefinition of macro "__FPU_USED" 
        #define __FPU_USED       1U
..\..\Drivers\SYSTEM\delay\delay.c: 2 warnings, 0 errors
compiling system_stm32f4xx.c...
..\..\Drivers\CMSIS\Device\ST\STM32F4xx\Include\stm32f407xx.h(52): warning:  #47-D: incompatible redefinition of macro "__FPU_PRESENT" 
  #define __FPU_PRESENT             1U       /*!< FPU present                                   */
..\..\Drivers\CMSIS\Include\core_cm4.h(80): warning:  #47-D: incompatible redefinition of macro "__FPU_USED" 
        #define __FPU_USED       1U
..\..\Drivers\CMSIS\Device\ST\STM32F4xx\Source\Templates\system_stm32f4xx.c: 2 warnings, 0 errors
compiling brake.c...
..\..\Drivers\CMSIS\Device\ST\STM32F4xx\Include\stm32f407xx.h(52): warning:  #47-D: incompatible redefinition of macro "__FPU_PRESENT" 
  #define __FPU_PRESENT             1U       /*!< FPU present                                   */
..\..\Drivers\CMSIS\Include\core_cm4.h(80): warning:  #47-D: incompatible redefinition of macro "__FPU_USED" 
        #define __FPU_USED       1U
..\..\Drivers\BSP\R9\brake.c: 2 warnings, 0 errors
compiling led.c...
..\..\Drivers\CMSIS\Device\ST\STM32F4xx\Include\stm32f407xx.h(52): warning:  #47-D: incompatible redefinition of macro "__FPU_PRESENT" 
  #define __FPU_PRESENT             1U       /*!< FPU present                                   */
..\..\Drivers\CMSIS\Include\core_cm4.h(80): warning:  #47-D: incompatible redefinition of macro "__FPU_USED" 
        #define __FPU_USED       1U
..\..\Drivers\BSP\LED\led.c: 2 warnings, 0 errors
compiling usart.c...
..\..\Drivers\CMSIS\Device\ST\STM32F4xx\Include\stm32f407xx.h(52): warning:  #47-D: incompatible redefinition of macro "__FPU_PRESENT" 
  #define __FPU_PRESENT             1U       /*!< FPU present                                   */
..\..\Drivers\CMSIS\Include\core_cm4.h(80): warning:  #47-D: incompatible redefinition of macro "__FPU_USED" 
        #define __FPU_USED       1U
..\..\Drivers\SYSTEM\usart\usart.c: 2 warnings, 0 errors
compiling moterdriver.c...
..\..\Drivers\CMSIS\Device\ST\STM32F4xx\Include\stm32f407xx.h(52): warning:  #47-D: incompatible redefinition of macro "__FPU_PRESENT" 
  #define __FPU_PRESENT             1U       /*!< FPU present                                   */
..\..\Drivers\CMSIS\Include\core_cm4.h(80): warning:  #47-D: incompatible redefinition of macro "__FPU_USED" 
        #define __FPU_USED       1U
..\..\Drivers\BSP\R9\moterdriver.c: 2 warnings, 0 errors
compiling btim.c...
..\..\Drivers\CMSIS\Device\ST\STM32F4xx\Include\stm32f407xx.h(52): warning:  #47-D: incompatible redefinition of macro "__FPU_PRESENT" 
  #define __FPU_PRESENT             1U       /*!< FPU present                                   */
..\..\Drivers\CMSIS\Include\core_cm4.h(80): warning:  #47-D: incompatible redefinition of macro "__FPU_USED" 
        #define __FPU_USED       1U
..\..\Drivers\./BSP/Common/common.h(112): warning:  #1-D: last line of file ends without a newline
   
..\..\Drivers\./BSP/R9/mlx90393.h(99): warning:  #65-D: expected a ";"
  } MLX90393Data;
..\..\Drivers\BSP\TIMER\btim.c(118): warning:  #1035-D: single-precision operand implicitly converted to double-precision
  		float Ra_lv=gl_motor_data.current * MOTER_L_RA;
..\..\Drivers\BSP\TIMER\btim.c(124): warning:  #1035-D: single-precision operand implicitly converted to double-precision
  		gl_motor_data.speed = (gl_motor_data.volatage - Ra_lv)/MOTER_L_CE;
..\..\Drivers\BSP\TIMER\btim.c(164): warning:  #1035-D: single-precision operand implicitly converted to double-precision
  	float Ra_rv=gr_motor_data.current * MOTER_R_RA;
..\..\Drivers\BSP\TIMER\btim.c(169): warning:  #1035-D: single-precision operand implicitly converted to double-precision
  	gr_motor_data.speed = (gr_motor_data.volatage - Ra_rv)/MOTER_R_CE;
..\..\Drivers\BSP\TIMER\btim.c(212): warning:  #1035-D: single-precision operand implicitly converted to double-precision
  		if (fabs(gl_motor_data.current > 120.0) || fabs(gr_motor_data.current > 120.0))
..\..\Drivers\BSP\TIMER\btim.c(212): warning:  #1035-D: single-precision operand implicitly converted to double-precision
  		if (fabs(gl_motor_data.current > 120.0) || fabs(gr_motor_data.current > 120.0))
..\..\Drivers\BSP\TIMER\btim.c(328): warning:  #1035-D: single-precision operand implicitly converted to double-precision
  	irc->feed_forward_voltage = Value_limitf(-irc->V_battery*0.9, irc->feed_forward_voltage, irc->V_battery*0.9);
..\..\Drivers\BSP\TIMER\btim.c(328): warning:  #1035-D: single-precision operand implicitly converted to double-precision
  	irc->feed_forward_voltage = Value_limitf(-irc->V_battery*0.9, irc->feed_forward_voltage, irc->V_battery*0.9);
..\..\Drivers\BSP\TIMER\btim.c(414): warning:  #1035-D: single-precision operand implicitly converted to double-precision
  	numerator =Value_limitf(-0.9*g_r9sys_data.r9_battary_v,numerator,0.9*g_r9sys_data.r9_battary_v);
..\..\Drivers\BSP\TIMER\btim.c: 13 warnings, 0 errors
compiling API_Schedule.c...
..\..\Drivers\CMSIS\Device\ST\STM32F4xx\Include\stm32f407xx.h(52): warning:  #47-D: incompatible redefinition of macro "__FPU_PRESENT" 
  #define __FPU_PRESENT             1U       /*!< FPU present                                   */
..\..\Drivers\CMSIS\Include\core_cm4.h(80): warning:  #47-D: incompatible redefinition of macro "__FPU_USED" 
        #define __FPU_USED       1U
..\..\Drivers\./BSP/Common/common.h(112): warning:  #1-D: last line of file ends without a newline
   
..\..\Drivers\./BSP/R9/mlx90393.h(99): warning:  #65-D: expected a ";"
  } MLX90393Data;
..\..\Drivers\BSP\API_Schedule.c: 4 warnings, 0 errors
compiling main.c...
..\..\Drivers\CMSIS\Device\ST\STM32F4xx\Include\stm32f407xx.h(52): warning:  #47-D: incompatible redefinition of macro "__FPU_PRESENT" 
  #define __FPU_PRESENT             1U       /*!< FPU present                                   */
..\..\Drivers\CMSIS\Include\core_cm4.h(80): warning:  #47-D: incompatible redefinition of macro "__FPU_USED" 
        #define __FPU_USED       1U
..\..\Drivers\./BSP/Common/common.h(112): warning:  #1-D: last line of file ends without a newline
   
..\..\Drivers\./BSP/R9/mlx90393.h(99): warning:  #65-D: expected a ";"
  } MLX90393Data;
..\..\User\main.c: 4 warnings, 0 errors
compiling task.c...
..\..\Drivers\CMSIS\Device\ST\STM32F4xx\Include\stm32f407xx.h(52): warning:  #47-D: incompatible redefinition of macro "__FPU_PRESENT" 
  #define __FPU_PRESENT             1U       /*!< FPU present                                   */
..\..\Drivers\CMSIS\Include\core_cm4.h(80): warning:  #47-D: incompatible redefinition of macro "__FPU_USED" 
        #define __FPU_USED       1U
..\..\Drivers\./BSP/Common/common.h(112): warning:  #1-D: last line of file ends without a newline
   
..\..\Drivers\./BSP/R9/mlx90393.h(99): warning:  #65-D: expected a ";"
  } MLX90393Data;
..\..\Drivers\BSP\task.c: 4 warnings, 0 errors
compiling adc.c...
..\..\Drivers\CMSIS\Device\ST\STM32F4xx\Include\stm32f407xx.h(52): warning:  #47-D: incompatible redefinition of macro "__FPU_PRESENT" 
  #define __FPU_PRESENT             1U       /*!< FPU present                                   */
..\..\Drivers\CMSIS\Include\core_cm4.h(80): warning:  #47-D: incompatible redefinition of macro "__FPU_USED" 
        #define __FPU_USED       1U
..\..\Drivers\./BSP/Common/common.h(112): warning:  #1-D: last line of file ends without a newline
   
..\..\Drivers\./BSP/R9/mlx90393.h(99): warning:  #65-D: expected a ";"
  } MLX90393Data;
..\..\Drivers\BSP\ADC\adc.c(166): warning:  #223-D: function "moterdata_collect" declared implicitly
          moterdata_collect();
..\..\Drivers\BSP\ADC\adc.c: 5 warnings, 0 errors
compiling curve.c...
..\..\Drivers\CMSIS\Device\ST\STM32F4xx\Include\stm32f407xx.h(52): warning:  #47-D: incompatible redefinition of macro "__FPU_PRESENT" 
  #define __FPU_PRESENT             1U       /*!< FPU present                                   */
..\..\Drivers\CMSIS\Include\core_cm4.h(80): warning:  #47-D: incompatible redefinition of macro "__FPU_USED" 
        #define __FPU_USED       1U
..\..\Drivers\BSP\Curve_planing\curve.c(29): warning:  #223-D: function "fabs" declared implicitly
    if((fabs(curve->currentSpeed-curve->startSpeed)<=curve->stepSpeed)&&(curve->maxTimes==0))
..\..\Drivers\BSP\Curve_planing\curve.c(62): warning:  #1035-D: single-precision operand implicitly converted to double-precision
    power=(0.0-spta->flexible)*power;
..\..\Drivers\BSP\Curve_planing\curve.c(64): warning:  #223-D: function "expf" declared implicitly
    speed=1.0+expf(power);
..\..\Drivers\BSP\Curve_planing\curve.c(119): warning:  #1-D: last line of file ends without a newline
  // }
..\..\Drivers\BSP\Curve_planing\curve.c: 6 warnings, 0 errors
compiling stm32f4xx_hal.c...
..\..\Drivers\CMSIS\Device\ST\STM32F4xx\Include\stm32f407xx.h(52): warning:  #47-D: incompatible redefinition of macro "__FPU_PRESENT" 
  #define __FPU_PRESENT             1U       /*!< FPU present                                   */
..\..\Drivers\CMSIS\Include\core_cm4.h(80): warning:  #47-D: incompatible redefinition of macro "__FPU_USED" 
        #define __FPU_USED       1U
..\..\Drivers\STM32F4xx_HAL_Driver\Src\stm32f4xx_hal.c: 2 warnings, 0 errors
compiling common.c...
..\..\Drivers\CMSIS\Device\ST\STM32F4xx\Include\stm32f407xx.h(52): warning:  #47-D: incompatible redefinition of macro "__FPU_PRESENT" 
  #define __FPU_PRESENT             1U       /*!< FPU present                                   */
..\..\Drivers\CMSIS\Include\core_cm4.h(80): warning:  #47-D: incompatible redefinition of macro "__FPU_USED" 
        #define __FPU_USED       1U
..\..\Drivers\./BSP/Common/common.h(112): warning:  #1-D: last line of file ends without a newline
   
..\..\Drivers\BSP\Common\common.c(339): warning:  #940-D: missing return statement at end of non-void function "sign" 
  }
..\..\Drivers\BSP\Common\common.c: 4 warnings, 0 errors
compiling stm32f4xx_hal_cec.c...
..\..\Drivers\CMSIS\Device\ST\STM32F4xx\Include\stm32f407xx.h(52): warning:  #47-D: incompatible redefinition of macro "__FPU_PRESENT" 
  #define __FPU_PRESENT             1U       /*!< FPU present                                   */
..\..\Drivers\CMSIS\Include\core_cm4.h(80): warning:  #47-D: incompatible redefinition of macro "__FPU_USED" 
        #define __FPU_USED       1U
..\..\Drivers\STM32F4xx_HAL_Driver\Src\stm32f4xx_hal_cec.c: 2 warnings, 0 errors
compiling wdg.c...
..\..\Drivers\CMSIS\Device\ST\STM32F4xx\Include\stm32f407xx.h(52): warning:  #47-D: incompatible redefinition of macro "__FPU_PRESENT" 
  #define __FPU_PRESENT             1U       /*!< FPU present                                   */
..\..\Drivers\CMSIS\Include\core_cm4.h(80): warning:  #47-D: incompatible redefinition of macro "__FPU_USED" 
        #define __FPU_USED       1U
..\..\Drivers\BSP\WDG\wdg.c: 2 warnings, 0 errors
compiling mlx90393.c...
..\..\Drivers\CMSIS\Device\ST\STM32F4xx\Include\stm32f407xx.h(52): warning:  #47-D: incompatible redefinition of macro "__FPU_PRESENT" 
  #define __FPU_PRESENT             1U       /*!< FPU present                                   */
..\..\Drivers\CMSIS\Include\core_cm4.h(80): warning:  #47-D: incompatible redefinition of macro "__FPU_USED" 
        #define __FPU_USED       1U
..\..\Drivers\./BSP/Common/common.h(112): warning:  #1-D: last line of file ends without a newline
   
..\..\Drivers\./BSP/R9/mlx90393.h(99): warning:  #65-D: expected a ";"
  } MLX90393Data;
..\..\Drivers\BSP\R9\mlx90393.c: 4 warnings, 0 errors
compiling stm32f4xx_hal_adc.c...
..\..\Drivers\CMSIS\Device\ST\STM32F4xx\Include\stm32f407xx.h(52): warning:  #47-D: incompatible redefinition of macro "__FPU_PRESENT" 
  #define __FPU_PRESENT             1U       /*!< FPU present                                   */
..\..\Drivers\CMSIS\Include\core_cm4.h(80): warning:  #47-D: incompatible redefinition of macro "__FPU_USED" 
        #define __FPU_USED       1U
..\..\Drivers\STM32F4xx_HAL_Driver\Src\stm32f4xx_hal_adc.c: 2 warnings, 0 errors
compiling stm32f4xx_hal_cortex.c...
..\..\Drivers\CMSIS\Device\ST\STM32F4xx\Include\stm32f407xx.h(52): warning:  #47-D: incompatible redefinition of macro "__FPU_PRESENT" 
  #define __FPU_PRESENT             1U       /*!< FPU present                                   */
..\..\Drivers\CMSIS\Include\core_cm4.h(80): warning:  #47-D: incompatible redefinition of macro "__FPU_USED" 
        #define __FPU_USED       1U
..\..\Drivers\STM32F4xx_HAL_Driver\Src\stm32f4xx_hal_cortex.c: 2 warnings, 0 errors
compiling can.c...
..\..\Drivers\CMSIS\Device\ST\STM32F4xx\Include\stm32f407xx.h(52): warning:  #47-D: incompatible redefinition of macro "__FPU_PRESENT" 
  #define __FPU_PRESENT             1U       /*!< FPU present                                   */
..\..\Drivers\CMSIS\Include\core_cm4.h(80): warning:  #47-D: incompatible redefinition of macro "__FPU_USED" 
        #define __FPU_USED       1U
..\..\Drivers\./BSP/Common/common.h(112): warning:  #1-D: last line of file ends without a newline
   
..\..\Drivers\./BSP/R9/mlx90393.h(99): warning:  #65-D: expected a ";"
  } MLX90393Data;
..\..\Drivers\BSP\CAN\can.c(234): warning:  #177-D: variable "comcont"  was declared but never referenced
      static uint16_t comcont;
..\..\Drivers\BSP\CAN\can.c(235): warning:  #177-D: variable "comflage"  was declared but never referenced
      static uint8_t comflage ;
..\..\Drivers\BSP\CAN\can.c: 6 warnings, 0 errors
compiling stm32f4xx_hal_can.c...
..\..\Drivers\CMSIS\Device\ST\STM32F4xx\Include\stm32f407xx.h(52): warning:  #47-D: incompatible redefinition of macro "__FPU_PRESENT" 
  #define __FPU_PRESENT             1U       /*!< FPU present                                   */
..\..\Drivers\CMSIS\Include\core_cm4.h(80): warning:  #47-D: incompatible redefinition of macro "__FPU_USED" 
        #define __FPU_USED       1U
..\..\Drivers\STM32F4xx_HAL_Driver\Src\stm32f4xx_hal_can.c: 2 warnings, 0 errors
compiling stm32f4xx_hal_adc_ex.c...
..\..\Drivers\CMSIS\Device\ST\STM32F4xx\Include\stm32f407xx.h(52): warning:  #47-D: incompatible redefinition of macro "__FPU_PRESENT" 
  #define __FPU_PRESENT             1U       /*!< FPU present                                   */
..\..\Drivers\CMSIS\Include\core_cm4.h(80): warning:  #47-D: incompatible redefinition of macro "__FPU_USED" 
        #define __FPU_USED       1U
..\..\Drivers\STM32F4xx_HAL_Driver\Src\stm32f4xx_hal_adc_ex.c: 2 warnings, 0 errors
compiling WheelSpeedMap.c...
..\..\Drivers\CMSIS\Device\ST\STM32F4xx\Include\stm32f407xx.h(52): warning:  #47-D: incompatible redefinition of macro "__FPU_PRESENT" 
  #define __FPU_PRESENT             1U       /*!< FPU present                                   */
..\..\Drivers\CMSIS\Include\core_cm4.h(80): warning:  #47-D: incompatible redefinition of macro "__FPU_USED" 
        #define __FPU_USED       1U
..\..\Drivers\./BSP/Common/common.h(112): warning:  #1-D: last line of file ends without a newline
   
..\..\Drivers\./BSP/R9/mlx90393.h(99): warning:  #65-D: expected a ";"
  } MLX90393Data;
..\..\Drivers\BSP\R9\WheelSpeedMap.c(253): warning:  #1035-D: single-precision operand implicitly converted to double-precision
  		set_forwardActmax = velPlanIn.set_forwardAct / JOYSTIC_R * velPlanIn.adcy;
..\..\Drivers\BSP\R9\WheelSpeedMap.c(254): warning:  #1035-D: single-precision operand implicitly converted to double-precision
  		lineVelocity = set_forwardActmax * velPlanIn.adcy / JOYSTIC_R; // sin(velPlanIn.adcy/JOYSTIC_R*PI/2.0);
..\..\Drivers\BSP\R9\WheelSpeedMap.c(258): warning:  #1035-D: single-precision operand implicitly converted to double-precision
  		set_reverseActmax = velPlanIn.set_reverseAct / JOYSTIC_R * abs(velPlanIn.adcy);
..\..\Drivers\BSP\R9\WheelSpeedMap.c(258): warning:  #223-D: function "abs" declared implicitly
  		set_reverseActmax = velPlanIn.set_reverseAct / JOYSTIC_R * abs(velPlanIn.adcy);
..\..\Drivers\BSP\R9\WheelSpeedMap.c(259): warning:  #1035-D: single-precision operand implicitly converted to double-precision
  		lineVelocity = set_reverseActmax * velPlanIn.adcy / JOYSTIC_R; // sin(velPlanIn.adcy/JOYSTIC_R*PI/2.0);
..\..\Drivers\BSP\R9\WheelSpeedMap.c(261): warning:  #1035-D: single-precision operand implicitly converted to double-precision
  	set_turn_handlmax = velPlanIn.set_turnAct / JOYSTIC_R * abs(velPlanIn.adcx);
..\..\Drivers\BSP\R9\WheelSpeedMap.c(261): warning:  #223-D: function "abs" declared implicitly
  	set_turn_handlmax = velPlanIn.set_turnAct / JOYSTIC_R * abs(velPlanIn.adcx);
..\..\Drivers\BSP\R9\WheelSpeedMap.c(262): warning:  #1035-D: single-precision operand implicitly converted to double-precision
  	omega_velocity = set_turn_handlmax * velPlanIn.adcx / JOYSTIC_R; // sin(velPlanIn.adcx/JOYSTIC_R*PI/2.0); //杞悜
..\..\Drivers\BSP\R9\WheelSpeedMap.c(264): warning:  #1035-D: single-precision operand implicitly converted to double-precision
  	float handl_lineVelocity = lineVelocity * KMPH_TO_MPS;
..\..\Drivers\BSP\R9\WheelSpeedMap.c(265): warning:  #1035-D: single-precision operand implicitly converted to double-precision
  	float handl_omega_velocity = omega_velocity * KMPH_TO_MPS;
..\..\Drivers\BSP\R9\WheelSpeedMap.c(281): warning:  #1035-D: single-precision operand implicitly converted to double-precision
  	lineVelocity = ApplyLongitudinalConstraint(&handl_lineVelocity, &GEAR_CONSTRAINTS[Struc_ActuPra_Int.set_velocitylevelAct - 1], CONTROL_CYCLE_S) * MPS_TO_KMPH;
..\..\Drivers\BSP\R9\WheelSpeedMap.c(282): warning:  #1035-D: single-precision operand implicitly converted to double-precision
  	omega_velocity = ApplyLateralConstraint(&handl_omega_velocity, &GEAR_CONSTRAINTS[Struc_ActuPra_Int.set_velocitylevelAct - 1], CONTROL_CYCLE_S) * MPS_TO_KMPH;
..\..\Drivers\BSP\R9\WheelSpeedMap.c(354): warning:  #223-D: function "ir_compensation_init" declared implicitly
  			ir_compensation_init();
..\..\Drivers\BSP\R9\WheelSpeedMap.c(374): warning:  #1035-D: single-precision operand implicitly converted to double-precision
  	Struc_ActuPra_Int.K_revise = sin(0.5 * PI - (PI / 4.0 - Struc_ActuPra_Int.Steering_Angle / 180.0 * PI)) + cos(0.5 * PI - (PI / 4.0 - Struc_ActuPra_Int.Steering_Angle / 180.0 * PI));
..\..\Drivers\BSP\R9\WheelSpeedMap.c(374): warning:  #1035-D: single-precision operand implicitly converted to double-precision
  	Struc_ActuPra_Int.K_revise = sin(0.5 * PI - (PI / 4.0 - Struc_ActuPra_Int.Steering_Angle / 180.0 * PI)) + cos(0.5 * PI - (PI / 4.0 - Struc_ActuPra_Int.Steering_Angle / 180.0 * PI));
..\..\Drivers\BSP\R9\WheelSpeedMap.c(377): warning:  #1035-D: single-precision operand implicitly converted to double-precision
  	if (Struc_ActuPra_Int.set_Maximum_Strspeed == 1.0)
..\..\Drivers\BSP\R9\WheelSpeedMap.c(397): warning:  #1-D: last line of file ends without a newline
  }
..\..\Drivers\BSP\R9\WheelSpeedMap.c: 21 warnings, 0 errors
compiling pid.c...
..\..\Drivers\CMSIS\Device\ST\STM32F4xx\Include\stm32f407xx.h(52): warning:  #47-D: incompatible redefinition of macro "__FPU_PRESENT" 
  #define __FPU_PRESENT             1U       /*!< FPU present                                   */
..\..\Drivers\CMSIS\Include\core_cm4.h(80): warning:  #47-D: incompatible redefinition of macro "__FPU_USED" 
        #define __FPU_USED       1U
..\..\Drivers\./BSP/Common/common.h(112): warning:  #1-D: last line of file ends without a newline
   
..\..\Drivers\./BSP/R9/mlx90393.h(99): warning:  #65-D: expected a ";"
  } MLX90393Data;
..\..\Drivers\BSP\PID\pid.c(75): warning:  #1035-D: single-precision operand implicitly converted to double-precision
          uint8_t cond_abs = (fabsf(PID->Error) > 5.0);
..\..\Drivers\BSP\PID\pid.c(79): warning:  #1035-D: single-precision operand implicitly converted to double-precision
                  (fabsf(PID->Error) > (0.4 * fabsf(PID->SetPoint)));
..\..\Drivers\BSP\PID\pid.c(146): warning:  #1-D: last line of file ends without a newline
  }
..\..\Drivers\BSP\PID\pid.c: 7 warnings, 0 errors
compiling stm32f4xx_hal_cryp.c...
..\..\Drivers\CMSIS\Device\ST\STM32F4xx\Include\stm32f407xx.h(52): warning:  #47-D: incompatible redefinition of macro "__FPU_PRESENT" 
  #define __FPU_PRESENT             1U       /*!< FPU present                                   */
..\..\Drivers\CMSIS\Include\core_cm4.h(80): warning:  #47-D: incompatible redefinition of macro "__FPU_USED" 
        #define __FPU_USED       1U
..\..\Drivers\STM32F4xx_HAL_Driver\Src\stm32f4xx_hal_cryp.c: 2 warnings, 0 errors
compiling stm32f4xx_hal_eth.c...
..\..\Drivers\CMSIS\Device\ST\STM32F4xx\Include\stm32f407xx.h(52): warning:  #47-D: incompatible redefinition of macro "__FPU_PRESENT" 
  #define __FPU_PRESENT             1U       /*!< FPU present                                   */
..\..\Drivers\CMSIS\Include\core_cm4.h(80): warning:  #47-D: incompatible redefinition of macro "__FPU_USED" 
        #define __FPU_USED       1U
..\..\Drivers\STM32F4xx_HAL_Driver\Src\stm32f4xx_hal_eth.c: 2 warnings, 0 errors
compiling stm32f4xx_hal_crc.c...
..\..\Drivers\CMSIS\Device\ST\STM32F4xx\Include\stm32f407xx.h(52): warning:  #47-D: incompatible redefinition of macro "__FPU_PRESENT" 
  #define __FPU_PRESENT             1U       /*!< FPU present                                   */
..\..\Drivers\CMSIS\Include\core_cm4.h(80): warning:  #47-D: incompatible redefinition of macro "__FPU_USED" 
        #define __FPU_USED       1U
..\..\Drivers\STM32F4xx_HAL_Driver\Src\stm32f4xx_hal_crc.c: 2 warnings, 0 errors
compiling stm32f4xx_hal_dma2d.c...
..\..\Drivers\CMSIS\Device\ST\STM32F4xx\Include\stm32f407xx.h(52): warning:  #47-D: incompatible redefinition of macro "__FPU_PRESENT" 
  #define __FPU_PRESENT             1U       /*!< FPU present                                   */
..\..\Drivers\CMSIS\Include\core_cm4.h(80): warning:  #47-D: incompatible redefinition of macro "__FPU_USED" 
        #define __FPU_USED       1U
..\..\Drivers\STM32F4xx_HAL_Driver\Src\stm32f4xx_hal_dma2d.c: 2 warnings, 0 errors
compiling stm32f4xx_hal_dac.c...
..\..\Drivers\CMSIS\Device\ST\STM32F4xx\Include\stm32f407xx.h(52): warning:  #47-D: incompatible redefinition of macro "__FPU_PRESENT" 
  #define __FPU_PRESENT             1U       /*!< FPU present                                   */
..\..\Drivers\CMSIS\Include\core_cm4.h(80): warning:  #47-D: incompatible redefinition of macro "__FPU_USED" 
        #define __FPU_USED       1U
..\..\Drivers\STM32F4xx_HAL_Driver\Src\stm32f4xx_hal_dac.c: 2 warnings, 0 errors
compiling stm32f4xx_hal_dfsdm.c...
..\..\Drivers\CMSIS\Device\ST\STM32F4xx\Include\stm32f407xx.h(52): warning:  #47-D: incompatible redefinition of macro "__FPU_PRESENT" 
  #define __FPU_PRESENT             1U       /*!< FPU present                                   */
..\..\Drivers\CMSIS\Include\core_cm4.h(80): warning:  #47-D: incompatible redefinition of macro "__FPU_USED" 
        #define __FPU_USED       1U
..\..\Drivers\STM32F4xx_HAL_Driver\Src\stm32f4xx_hal_dfsdm.c: 2 warnings, 0 errors
compiling stm32f4xx_hal_dma.c...
..\..\Drivers\CMSIS\Device\ST\STM32F4xx\Include\stm32f407xx.h(52): warning:  #47-D: incompatible redefinition of macro "__FPU_PRESENT" 
  #define __FPU_PRESENT             1U       /*!< FPU present                                   */
..\..\Drivers\CMSIS\Include\core_cm4.h(80): warning:  #47-D: incompatible redefinition of macro "__FPU_USED" 
        #define __FPU_USED       1U
..\..\Drivers\STM32F4xx_HAL_Driver\Src\stm32f4xx_hal_dma.c: 2 warnings, 0 errors
compiling stm32f4xx_hal_dac_ex.c...
..\..\Drivers\CMSIS\Device\ST\STM32F4xx\Include\stm32f407xx.h(52): warning:  #47-D: incompatible redefinition of macro "__FPU_PRESENT" 
  #define __FPU_PRESENT             1U       /*!< FPU present                                   */
..\..\Drivers\CMSIS\Include\core_cm4.h(80): warning:  #47-D: incompatible redefinition of macro "__FPU_USED" 
        #define __FPU_USED       1U
..\..\Drivers\STM32F4xx_HAL_Driver\Src\stm32f4xx_hal_dac_ex.c: 2 warnings, 0 errors
compiling stm32f4xx_hal_dcmi.c...
..\..\Drivers\CMSIS\Device\ST\STM32F4xx\Include\stm32f407xx.h(52): warning:  #47-D: incompatible redefinition of macro "__FPU_PRESENT" 
  #define __FPU_PRESENT             1U       /*!< FPU present                                   */
..\..\Drivers\CMSIS\Include\core_cm4.h(80): warning:  #47-D: incompatible redefinition of macro "__FPU_USED" 
        #define __FPU_USED       1U
..\..\Drivers\STM32F4xx_HAL_Driver\Src\stm32f4xx_hal_dcmi.c: 2 warnings, 0 errors
compiling stm32f4xx_hal_dcmi_ex.c...
..\..\Drivers\CMSIS\Device\ST\STM32F4xx\Include\stm32f407xx.h(52): warning:  #47-D: incompatible redefinition of macro "__FPU_PRESENT" 
  #define __FPU_PRESENT             1U       /*!< FPU present                                   */
..\..\Drivers\CMSIS\Include\core_cm4.h(80): warning:  #47-D: incompatible redefinition of macro "__FPU_USED" 
        #define __FPU_USED       1U
..\..\Drivers\STM32F4xx_HAL_Driver\Src\stm32f4xx_hal_dcmi_ex.c: 2 warnings, 0 errors
compiling stm32f4xx_hal_cryp_ex.c...
..\..\Drivers\CMSIS\Device\ST\STM32F4xx\Include\stm32f407xx.h(52): warning:  #47-D: incompatible redefinition of macro "__FPU_PRESENT" 
  #define __FPU_PRESENT             1U       /*!< FPU present                                   */
..\..\Drivers\CMSIS\Include\core_cm4.h(80): warning:  #47-D: incompatible redefinition of macro "__FPU_USED" 
        #define __FPU_USED       1U
..\..\Drivers\STM32F4xx_HAL_Driver\Src\stm32f4xx_hal_cryp_ex.c: 2 warnings, 0 errors
compiling stm32f4xx_hal_dsi.c...
..\..\Drivers\CMSIS\Device\ST\STM32F4xx\Include\stm32f407xx.h(52): warning:  #47-D: incompatible redefinition of macro "__FPU_PRESENT" 
  #define __FPU_PRESENT             1U       /*!< FPU present                                   */
..\..\Drivers\CMSIS\Include\core_cm4.h(80): warning:  #47-D: incompatible redefinition of macro "__FPU_USED" 
        #define __FPU_USED       1U
..\..\Drivers\STM32F4xx_HAL_Driver\Src\stm32f4xx_hal_dsi.c: 2 warnings, 0 errors
compiling stm32f4xx_hal_dma_ex.c...
..\..\Drivers\CMSIS\Device\ST\STM32F4xx\Include\stm32f407xx.h(52): warning:  #47-D: incompatible redefinition of macro "__FPU_PRESENT" 
  #define __FPU_PRESENT             1U       /*!< FPU present                                   */
..\..\Drivers\CMSIS\Include\core_cm4.h(80): warning:  #47-D: incompatible redefinition of macro "__FPU_USED" 
        #define __FPU_USED       1U
..\..\Drivers\STM32F4xx_HAL_Driver\Src\stm32f4xx_hal_dma_ex.c: 2 warnings, 0 errors
compiling stm32f4xx_hal_fmpsmbus.c...
..\..\Drivers\CMSIS\Device\ST\STM32F4xx\Include\stm32f407xx.h(52): warning:  #47-D: incompatible redefinition of macro "__FPU_PRESENT" 
  #define __FPU_PRESENT             1U       /*!< FPU present                                   */
..\..\Drivers\CMSIS\Include\core_cm4.h(80): warning:  #47-D: incompatible redefinition of macro "__FPU_USED" 
        #define __FPU_USED       1U
..\..\Drivers\STM32F4xx_HAL_Driver\Src\stm32f4xx_hal_fmpsmbus.c: 2 warnings, 0 errors
compiling stm32f4xx_hal_exti.c...
..\..\Drivers\CMSIS\Device\ST\STM32F4xx\Include\stm32f407xx.h(52): warning:  #47-D: incompatible redefinition of macro "__FPU_PRESENT" 
  #define __FPU_PRESENT             1U       /*!< FPU present                                   */
..\..\Drivers\CMSIS\Include\core_cm4.h(80): warning:  #47-D: incompatible redefinition of macro "__FPU_USED" 
        #define __FPU_USED       1U
..\..\Drivers\STM32F4xx_HAL_Driver\Src\stm32f4xx_hal_exti.c: 2 warnings, 0 errors
compiling stm32f4xx_hal_fmpi2c_ex.c...
..\..\Drivers\CMSIS\Device\ST\STM32F4xx\Include\stm32f407xx.h(52): warning:  #47-D: incompatible redefinition of macro "__FPU_PRESENT" 
  #define __FPU_PRESENT             1U       /*!< FPU present                                   */
..\..\Drivers\CMSIS\Include\core_cm4.h(80): warning:  #47-D: incompatible redefinition of macro "__FPU_USED" 
        #define __FPU_USED       1U
..\..\Drivers\STM32F4xx_HAL_Driver\Src\stm32f4xx_hal_fmpi2c_ex.c: 2 warnings, 0 errors
compiling stm32f4xx_hal_fmpsmbus_ex.c...
..\..\Drivers\CMSIS\Device\ST\STM32F4xx\Include\stm32f407xx.h(52): warning:  #47-D: incompatible redefinition of macro "__FPU_PRESENT" 
  #define __FPU_PRESENT             1U       /*!< FPU present                                   */
..\..\Drivers\CMSIS\Include\core_cm4.h(80): warning:  #47-D: incompatible redefinition of macro "__FPU_USED" 
        #define __FPU_USED       1U
..\..\Drivers\STM32F4xx_HAL_Driver\Src\stm32f4xx_hal_fmpsmbus_ex.c: 2 warnings, 0 errors
compiling stm32f4xx_hal_hash.c...
..\..\Drivers\CMSIS\Device\ST\STM32F4xx\Include\stm32f407xx.h(52): warning:  #47-D: incompatible redefinition of macro "__FPU_PRESENT" 
  #define __FPU_PRESENT             1U       /*!< FPU present                                   */
..\..\Drivers\CMSIS\Include\core_cm4.h(80): warning:  #47-D: incompatible redefinition of macro "__FPU_USED" 
        #define __FPU_USED       1U
..\..\Drivers\STM32F4xx_HAL_Driver\Src\stm32f4xx_hal_hash.c: 2 warnings, 0 errors
compiling stm32f4xx_hal_flash_ex.c...
..\..\Drivers\CMSIS\Device\ST\STM32F4xx\Include\stm32f407xx.h(52): warning:  #47-D: incompatible redefinition of macro "__FPU_PRESENT" 
  #define __FPU_PRESENT             1U       /*!< FPU present                                   */
..\..\Drivers\CMSIS\Include\core_cm4.h(80): warning:  #47-D: incompatible redefinition of macro "__FPU_USED" 
        #define __FPU_USED       1U
..\..\Drivers\STM32F4xx_HAL_Driver\Src\stm32f4xx_hal_flash_ex.c: 2 warnings, 0 errors
compiling stm32f4xx_hal_hash_ex.c...
..\..\Drivers\CMSIS\Device\ST\STM32F4xx\Include\stm32f407xx.h(52): warning:  #47-D: incompatible redefinition of macro "__FPU_PRESENT" 
  #define __FPU_PRESENT             1U       /*!< FPU present                                   */
..\..\Drivers\CMSIS\Include\core_cm4.h(80): warning:  #47-D: incompatible redefinition of macro "__FPU_USED" 
        #define __FPU_USED       1U
..\..\Drivers\STM32F4xx_HAL_Driver\Src\stm32f4xx_hal_hash_ex.c: 2 warnings, 0 errors
compiling stm32f4xx_hal_i2c_ex.c...
..\..\Drivers\CMSIS\Device\ST\STM32F4xx\Include\stm32f407xx.h(52): warning:  #47-D: incompatible redefinition of macro "__FPU_PRESENT" 
  #define __FPU_PRESENT             1U       /*!< FPU present                                   */
..\..\Drivers\CMSIS\Include\core_cm4.h(80): warning:  #47-D: incompatible redefinition of macro "__FPU_USED" 
        #define __FPU_USED       1U
..\..\Drivers\STM32F4xx_HAL_Driver\Src\stm32f4xx_hal_i2c_ex.c: 2 warnings, 0 errors
compiling stm32f4xx_hal_flash.c...
..\..\Drivers\CMSIS\Device\ST\STM32F4xx\Include\stm32f407xx.h(52): warning:  #47-D: incompatible redefinition of macro "__FPU_PRESENT" 
  #define __FPU_PRESENT             1U       /*!< FPU present                                   */
..\..\Drivers\CMSIS\Include\core_cm4.h(80): warning:  #47-D: incompatible redefinition of macro "__FPU_USED" 
        #define __FPU_USED       1U
..\..\Drivers\STM32F4xx_HAL_Driver\Src\stm32f4xx_hal_flash.c: 2 warnings, 0 errors
compiling stm32f4xx_hal_gpio.c...
..\..\Drivers\CMSIS\Device\ST\STM32F4xx\Include\stm32f407xx.h(52): warning:  #47-D: incompatible redefinition of macro "__FPU_PRESENT" 
  #define __FPU_PRESENT             1U       /*!< FPU present                                   */
..\..\Drivers\CMSIS\Include\core_cm4.h(80): warning:  #47-D: incompatible redefinition of macro "__FPU_USED" 
        #define __FPU_USED       1U
..\..\Drivers\STM32F4xx_HAL_Driver\Src\stm32f4xx_hal_gpio.c: 2 warnings, 0 errors
compiling stm32f4xx_hal_flash_ramfunc.c...
..\..\Drivers\CMSIS\Device\ST\STM32F4xx\Include\stm32f407xx.h(52): warning:  #47-D: incompatible redefinition of macro "__FPU_PRESENT" 
  #define __FPU_PRESENT             1U       /*!< FPU present                                   */
..\..\Drivers\CMSIS\Include\core_cm4.h(80): warning:  #47-D: incompatible redefinition of macro "__FPU_USED" 
        #define __FPU_USED       1U
..\..\Drivers\STM32F4xx_HAL_Driver\Src\stm32f4xx_hal_flash_ramfunc.c: 2 warnings, 0 errors
compiling stm32f4xx_hal_fmpi2c.c...
..\..\Drivers\CMSIS\Device\ST\STM32F4xx\Include\stm32f407xx.h(52): warning:  #47-D: incompatible redefinition of macro "__FPU_PRESENT" 
  #define __FPU_PRESENT             1U       /*!< FPU present                                   */
..\..\Drivers\CMSIS\Include\core_cm4.h(80): warning:  #47-D: incompatible redefinition of macro "__FPU_USED" 
        #define __FPU_USED       1U
..\..\Drivers\STM32F4xx_HAL_Driver\Src\stm32f4xx_hal_fmpi2c.c: 2 warnings, 0 errors
compiling stm32f4xx_hal_i2c.c...
..\..\Drivers\CMSIS\Device\ST\STM32F4xx\Include\stm32f407xx.h(52): warning:  #47-D: incompatible redefinition of macro "__FPU_PRESENT" 
  #define __FPU_PRESENT             1U       /*!< FPU present                                   */
..\..\Drivers\CMSIS\Include\core_cm4.h(80): warning:  #47-D: incompatible redefinition of macro "__FPU_USED" 
        #define __FPU_USED       1U
..\..\Drivers\STM32F4xx_HAL_Driver\Src\stm32f4xx_hal_i2c.c: 2 warnings, 0 errors
compiling stm32f4xx_hal_mmc.c...
..\..\Drivers\CMSIS\Device\ST\STM32F4xx\Include\stm32f407xx.h(52): warning:  #47-D: incompatible redefinition of macro "__FPU_PRESENT" 
  #define __FPU_PRESENT             1U       /*!< FPU present                                   */
..\..\Drivers\CMSIS\Include\core_cm4.h(80): warning:  #47-D: incompatible redefinition of macro "__FPU_USED" 
        #define __FPU_USED       1U
..\..\Drivers\STM32F4xx_HAL_Driver\Src\stm32f4xx_hal_mmc.c: 2 warnings, 0 errors
compiling stm32f4xx_hal_qspi.c...
..\..\Drivers\CMSIS\Device\ST\STM32F4xx\Include\stm32f407xx.h(52): warning:  #47-D: incompatible redefinition of macro "__FPU_PRESENT" 
  #define __FPU_PRESENT             1U       /*!< FPU present                                   */
..\..\Drivers\CMSIS\Include\core_cm4.h(80): warning:  #47-D: incompatible redefinition of macro "__FPU_USED" 
        #define __FPU_USED       1U
..\..\Drivers\STM32F4xx_HAL_Driver\Src\stm32f4xx_hal_qspi.c: 2 warnings, 0 errors
compiling stm32f4xx_hal_iwdg.c...
..\..\Drivers\CMSIS\Device\ST\STM32F4xx\Include\stm32f407xx.h(52): warning:  #47-D: incompatible redefinition of macro "__FPU_PRESENT" 
  #define __FPU_PRESENT             1U       /*!< FPU present                                   */
..\..\Drivers\CMSIS\Include\core_cm4.h(80): warning:  #47-D: incompatible redefinition of macro "__FPU_USED" 
        #define __FPU_USED       1U
..\..\Drivers\STM32F4xx_HAL_Driver\Src\stm32f4xx_hal_iwdg.c: 2 warnings, 0 errors
compiling stm32f4xx_hal_lptim.c...
..\..\Drivers\CMSIS\Device\ST\STM32F4xx\Include\stm32f407xx.h(52): warning:  #47-D: incompatible redefinition of macro "__FPU_PRESENT" 
  #define __FPU_PRESENT             1U       /*!< FPU present                                   */
..\..\Drivers\CMSIS\Include\core_cm4.h(80): warning:  #47-D: incompatible redefinition of macro "__FPU_USED" 
        #define __FPU_USED       1U
..\..\Drivers\STM32F4xx_HAL_Driver\Src\stm32f4xx_hal_lptim.c: 2 warnings, 0 errors
compiling stm32f4xx_hal_msp_template.c...
..\..\Drivers\CMSIS\Device\ST\STM32F4xx\Include\stm32f407xx.h(52): warning:  #47-D: incompatible redefinition of macro "__FPU_PRESENT" 
  #define __FPU_PRESENT             1U       /*!< FPU present                                   */
..\..\Drivers\CMSIS\Include\core_cm4.h(80): warning:  #47-D: incompatible redefinition of macro "__FPU_USED" 
        #define __FPU_USED       1U
..\..\Drivers\STM32F4xx_HAL_Driver\Src\stm32f4xx_hal_msp_template.c: 2 warnings, 0 errors
compiling stm32f4xx_hal_pwr_ex.c...
..\..\Drivers\CMSIS\Device\ST\STM32F4xx\Include\stm32f407xx.h(52): warning:  #47-D: incompatible redefinition of macro "__FPU_PRESENT" 
  #define __FPU_PRESENT             1U       /*!< FPU present                                   */
..\..\Drivers\CMSIS\Include\core_cm4.h(80): warning:  #47-D: incompatible redefinition of macro "__FPU_USED" 
        #define __FPU_USED       1U
..\..\Drivers\STM32F4xx_HAL_Driver\Src\stm32f4xx_hal_pwr_ex.c: 2 warnings, 0 errors
compiling stm32f4xx_hal_rcc.c...
..\..\Drivers\CMSIS\Device\ST\STM32F4xx\Include\stm32f407xx.h(52): warning:  #47-D: incompatible redefinition of macro "__FPU_PRESENT" 
  #define __FPU_PRESENT             1U       /*!< FPU present                                   */
..\..\Drivers\CMSIS\Include\core_cm4.h(80): warning:  #47-D: incompatible redefinition of macro "__FPU_USED" 
        #define __FPU_USED       1U
..\..\Drivers\STM32F4xx_HAL_Driver\Src\stm32f4xx_hal_rcc.c: 2 warnings, 0 errors
compiling stm32f4xx_hal_ltdc_ex.c...
..\..\Drivers\CMSIS\Device\ST\STM32F4xx\Include\stm32f407xx.h(52): warning:  #47-D: incompatible redefinition of macro "__FPU_PRESENT" 
  #define __FPU_PRESENT             1U       /*!< FPU present                                   */
..\..\Drivers\CMSIS\Include\core_cm4.h(80): warning:  #47-D: incompatible redefinition of macro "__FPU_USED" 
        #define __FPU_USED       1U
..\..\Drivers\STM32F4xx_HAL_Driver\Src\stm32f4xx_hal_ltdc_ex.c: 2 warnings, 0 errors
compiling stm32f4xx_hal_pwr.c...
..\..\Drivers\CMSIS\Device\ST\STM32F4xx\Include\stm32f407xx.h(52): warning:  #47-D: incompatible redefinition of macro "__FPU_PRESENT" 
  #define __FPU_PRESENT             1U       /*!< FPU present                                   */
..\..\Drivers\CMSIS\Include\core_cm4.h(80): warning:  #47-D: incompatible redefinition of macro "__FPU_USED" 
        #define __FPU_USED       1U
..\..\Drivers\STM32F4xx_HAL_Driver\Src\stm32f4xx_hal_pwr.c: 2 warnings, 0 errors
compiling stm32f4xx_hal_ltdc.c...
..\..\Drivers\CMSIS\Device\ST\STM32F4xx\Include\stm32f407xx.h(52): warning:  #47-D: incompatible redefinition of macro "__FPU_PRESENT" 
  #define __FPU_PRESENT             1U       /*!< FPU present                                   */
..\..\Drivers\CMSIS\Include\core_cm4.h(80): warning:  #47-D: incompatible redefinition of macro "__FPU_USED" 
        #define __FPU_USED       1U
..\..\Drivers\STM32F4xx_HAL_Driver\Src\stm32f4xx_hal_ltdc.c: 2 warnings, 0 errors
compiling stm32f4xx_hal_irda.c...
..\..\Drivers\CMSIS\Device\ST\STM32F4xx\Include\stm32f407xx.h(52): warning:  #47-D: incompatible redefinition of macro "__FPU_PRESENT" 
  #define __FPU_PRESENT             1U       /*!< FPU present                                   */
..\..\Drivers\CMSIS\Include\core_cm4.h(80): warning:  #47-D: incompatible redefinition of macro "__FPU_USED" 
        #define __FPU_USED       1U
..\..\Drivers\STM32F4xx_HAL_Driver\Src\stm32f4xx_hal_irda.c: 2 warnings, 0 errors
compiling stm32f4xx_hal_i2s_ex.c...
..\..\Drivers\CMSIS\Device\ST\STM32F4xx\Include\stm32f407xx.h(52): warning:  #47-D: incompatible redefinition of macro "__FPU_PRESENT" 
  #define __FPU_PRESENT             1U       /*!< FPU present                                   */
..\..\Drivers\CMSIS\Include\core_cm4.h(80): warning:  #47-D: incompatible redefinition of macro "__FPU_USED" 
        #define __FPU_USED       1U
..\..\Drivers\STM32F4xx_HAL_Driver\Src\stm32f4xx_hal_i2s_ex.c: 2 warnings, 0 errors
compiling stm32f4xx_hal_i2s.c...
..\..\Drivers\CMSIS\Device\ST\STM32F4xx\Include\stm32f407xx.h(52): warning:  #47-D: incompatible redefinition of macro "__FPU_PRESENT" 
  #define __FPU_PRESENT             1U       /*!< FPU present                                   */
..\..\Drivers\CMSIS\Include\core_cm4.h(80): warning:  #47-D: incompatible redefinition of macro "__FPU_USED" 
        #define __FPU_USED       1U
..\..\Drivers\STM32F4xx_HAL_Driver\Src\stm32f4xx_hal_i2s.c: 2 warnings, 0 errors
compiling stm32f4xx_hal_sram.c...
..\..\Drivers\CMSIS\Device\ST\STM32F4xx\Include\stm32f407xx.h(52): warning:  #47-D: incompatible redefinition of macro "__FPU_PRESENT" 
  #define __FPU_PRESENT             1U       /*!< FPU present                                   */
..\..\Drivers\CMSIS\Include\core_cm4.h(80): warning:  #47-D: incompatible redefinition of macro "__FPU_USED" 
        #define __FPU_USED       1U
..\..\Drivers\STM32F4xx_HAL_Driver\Src\stm32f4xx_hal_sram.c: 2 warnings, 0 errors
compiling stm32f4xx_hal_wwdg.c...
..\..\Drivers\CMSIS\Device\ST\STM32F4xx\Include\stm32f407xx.h(52): warning:  #47-D: incompatible redefinition of macro "__FPU_PRESENT" 
  #define __FPU_PRESENT             1U       /*!< FPU present                                   */
..\..\Drivers\CMSIS\Include\core_cm4.h(80): warning:  #47-D: incompatible redefinition of macro "__FPU_USED" 
        #define __FPU_USED       1U
..\..\Drivers\STM32F4xx_HAL_Driver\Src\stm32f4xx_hal_wwdg.c: 2 warnings, 0 errors
compiling stm32f4xx_hal_rtc.c...
..\..\Drivers\CMSIS\Device\ST\STM32F4xx\Include\stm32f407xx.h(52): warning:  #47-D: incompatible redefinition of macro "__FPU_PRESENT" 
  #define __FPU_PRESENT             1U       /*!< FPU present                                   */
..\..\Drivers\CMSIS\Include\core_cm4.h(80): warning:  #47-D: incompatible redefinition of macro "__FPU_USED" 
        #define __FPU_USED       1U
..\..\Drivers\STM32F4xx_HAL_Driver\Src\stm32f4xx_hal_rtc.c: 2 warnings, 0 errors
compiling stm32f4xx_ll_fsmc.c...
..\..\Drivers\CMSIS\Device\ST\STM32F4xx\Include\stm32f407xx.h(52): warning:  #47-D: incompatible redefinition of macro "__FPU_PRESENT" 
  #define __FPU_PRESENT             1U       /*!< FPU present                                   */
..\..\Drivers\CMSIS\Include\core_cm4.h(80): warning:  #47-D: incompatible redefinition of macro "__FPU_USED" 
        #define __FPU_USED       1U
..\..\Drivers\STM32F4xx_HAL_Driver\Src\stm32f4xx_ll_fsmc.c: 2 warnings, 0 errors
compiling stm32f4xx_hal_rng.c...
..\..\Drivers\CMSIS\Device\ST\STM32F4xx\Include\stm32f407xx.h(52): warning:  #47-D: incompatible redefinition of macro "__FPU_PRESENT" 
  #define __FPU_PRESENT             1U       /*!< FPU present                                   */
..\..\Drivers\CMSIS\Include\core_cm4.h(80): warning:  #47-D: incompatible redefinition of macro "__FPU_USED" 
        #define __FPU_USED       1U
..\..\Drivers\STM32F4xx_HAL_Driver\Src\stm32f4xx_hal_rng.c: 2 warnings, 0 errors
compiling stm32f4xx_hal_rtc_ex.c...
..\..\Drivers\CMSIS\Device\ST\STM32F4xx\Include\stm32f407xx.h(52): warning:  #47-D: incompatible redefinition of macro "__FPU_PRESENT" 
  #define __FPU_PRESENT             1U       /*!< FPU present                                   */
..\..\Drivers\CMSIS\Include\core_cm4.h(80): warning:  #47-D: incompatible redefinition of macro "__FPU_USED" 
        #define __FPU_USED       1U
..\..\Drivers\STM32F4xx_HAL_Driver\Src\stm32f4xx_hal_rtc_ex.c: 2 warnings, 0 errors
compiling stm32f4xx_hal_usart.c...
..\..\Drivers\CMSIS\Device\ST\STM32F4xx\Include\stm32f407xx.h(52): warning:  #47-D: incompatible redefinition of macro "__FPU_PRESENT" 
  #define __FPU_PRESENT             1U       /*!< FPU present                                   */
..\..\Drivers\CMSIS\Include\core_cm4.h(80): warning:  #47-D: incompatible redefinition of macro "__FPU_USED" 
        #define __FPU_USED       1U
..\..\Drivers\STM32F4xx_HAL_Driver\Src\stm32f4xx_hal_usart.c: 2 warnings, 0 errors
compiling stm32f4xx_hal_rcc_ex.c...
..\..\Drivers\CMSIS\Device\ST\STM32F4xx\Include\stm32f407xx.h(52): warning:  #47-D: incompatible redefinition of macro "__FPU_PRESENT" 
  #define __FPU_PRESENT             1U       /*!< FPU present                                   */
..\..\Drivers\CMSIS\Include\core_cm4.h(80): warning:  #47-D: incompatible redefinition of macro "__FPU_USED" 
        #define __FPU_USED       1U
..\..\Drivers\STM32F4xx_HAL_Driver\Src\stm32f4xx_hal_rcc_ex.c: 2 warnings, 0 errors
compiling stm32f4xx_hal_uart.c...
..\..\Drivers\CMSIS\Device\ST\STM32F4xx\Include\stm32f407xx.h(52): warning:  #47-D: incompatible redefinition of macro "__FPU_PRESENT" 
  #define __FPU_PRESENT             1U       /*!< FPU present                                   */
..\..\Drivers\CMSIS\Include\core_cm4.h(80): warning:  #47-D: incompatible redefinition of macro "__FPU_USED" 
        #define __FPU_USED       1U
..\..\Drivers\STM32F4xx_HAL_Driver\Src\stm32f4xx_hal_uart.c: 2 warnings, 0 errors
compiling stm32f4xx_hal_tim_ex.c...
..\..\Drivers\CMSIS\Device\ST\STM32F4xx\Include\stm32f407xx.h(52): warning:  #47-D: incompatible redefinition of macro "__FPU_PRESENT" 
  #define __FPU_PRESENT             1U       /*!< FPU present                                   */
..\..\Drivers\CMSIS\Include\core_cm4.h(80): warning:  #47-D: incompatible redefinition of macro "__FPU_USED" 
        #define __FPU_USED       1U
..\..\Drivers\STM32F4xx_HAL_Driver\Src\stm32f4xx_hal_tim_ex.c: 2 warnings, 0 errors
compiling stm32f4xx_hal_tim.c...
..\..\Drivers\CMSIS\Device\ST\STM32F4xx\Include\stm32f407xx.h(52): warning:  #47-D: incompatible redefinition of macro "__FPU_PRESENT" 
  #define __FPU_PRESENT             1U       /*!< FPU present                                   */
..\..\Drivers\CMSIS\Include\core_cm4.h(80): warning:  #47-D: incompatible redefinition of macro "__FPU_USED" 
        #define __FPU_USED       1U
..\..\Drivers\STM32F4xx_HAL_Driver\Src\stm32f4xx_hal_tim.c: 2 warnings, 0 errors
linking...
Program Size: Code=23304 RO-data=576 RW-data=140 ZI-data=6228  
FromELF: creating hex file...
"..\..\Output\atk_f407.axf" - 0 Error(s), 208 Warning(s).

<h2>Software Packages used:</h2>

Package Vendor: Keil
                https://www.keil.com/pack/Keil.STM32F4xx_DFP.2.17.1.pack
                Keil.STM32F4xx_DFP.2.17.1
                STMicroelectronics STM32F4 Series Device Support, Drivers and Examples

<h2>Collection of Component include folders:</h2>
  C:/Users/fu/AppData/Local/Arm/Packs/Keil/STM32F4xx_DFP/2.17.1/Drivers/CMSIS/Device/ST/STM32F4xx/Include

<h2>Collection of Component Files used:</h2>
Build Time Elapsed:  00:00:40
</pre>
</body>
</html>
