<html>
<body>
<pre>
<h1>礦ision Build Log</h1>
<h2>Tool Versions:</h2>
IDE-Version: μVision V5.38.0.0
Copyright (C) 2022 ARM Ltd and ARM Germany GmbH. All rights reserved.
License Information: rehand fu@reha, HP Inc., LIC=65ISZ-JPW1A-63SMB-2C18Y-RU7XC-7M4J7
 
Tool Versions:
Toolchain:       MDK-ARM Plus  Version: 5.38.0.0
Toolchain Path:  D:\Keil_v5\ARM\ARMCC\Bin
C Compiler:      Armcc.exe V5.06 update 7 (build 960)
Assembler:       Armasm.exe V5.06 update 7 (build 960)
Linker/Locator:  ArmLink.exe V5.06 update 7 (build 960)
Library Manager: ArmAr.exe V5.06 update 7 (build 960)
Hex Converter:   FromElf.exe V5.06 update 7 (build 960)
CPU DLL:         SARMCM3.DLL V5.38.0.0
Dialog DLL:      DCM.DLL V1.17.5.0
Target DLL:      STLink\ST-LINKIII-KEIL_SWO.dll V3.1.0.0
Dialog DLL:      TCM.DLL V1.56.4.0
 
<h2>Project:</h2>
c:\Users\fu\Desktop\gitcode\Wheelchair_phase2_project\底盘闭环Demo板项目_MAXON单速度环\R9_407F_num_2\Projects\MDK-ARM\R9_NUM2.uvprojx
Project File Date:  04/10/2025

<h2>Output:</h2>
*** Using Compiler 'V5.06 update 7 (build 960)', folder: 'D:\Keil_v5\ARM\ARMCC\Bin'
Build target 'R9_407F_num2'
compiling WheelSpeedMap.c...
..\..\Drivers\CMSIS\Device\ST\STM32F4xx\Include\stm32f407xx.h(52): warning:  #47-D: incompatible redefinition of macro "__FPU_PRESENT" 
  #define __FPU_PRESENT             1U       /*!< FPU present                                   */
..\..\Drivers\CMSIS\Include\core_cm4.h(80): warning:  #47-D: incompatible redefinition of macro "__FPU_USED" 
        #define __FPU_USED       1U
..\..\Drivers\./BSP/Common/common.h(112): warning:  #1-D: last line of file ends without a newline
   
..\..\Drivers\./BSP/R9/mlx90393.h(99): warning:  #65-D: expected a ";"
  } MLX90393Data;
..\..\Drivers\BSP\R9\WheelSpeedMap.c(253): warning:  #1035-D: single-precision operand implicitly converted to double-precision
  		set_forwardActmax = velPlanIn.set_forwardAct / JOYSTIC_R * velPlanIn.adcy;
..\..\Drivers\BSP\R9\WheelSpeedMap.c(254): warning:  #1035-D: single-precision operand implicitly converted to double-precision
  		lineVelocity = set_forwardActmax *velPlanIn.adcy / JOYSTIC_R; //
..\..\Drivers\BSP\R9\WheelSpeedMap.c(258): warning:  #1035-D: single-precision operand implicitly converted to double-precision
  		set_reverseActmax = velPlanIn.set_reverseAct/ JOYSTIC_R * abs(velPlanIn.adcy);
..\..\Drivers\BSP\R9\WheelSpeedMap.c(258): warning:  #223-D: function "abs" declared implicitly
  		set_reverseActmax = velPlanIn.set_reverseAct/ JOYSTIC_R * abs(velPlanIn.adcy);
..\..\Drivers\BSP\R9\WheelSpeedMap.c(259): warning:  #1035-D: single-precision operand implicitly converted to double-precision
  		lineVelocity = set_reverseActmax *velPlanIn.adcy / JOYSTIC_R; // 
..\..\Drivers\BSP\R9\WheelSpeedMap.c(261): warning:  #1035-D: single-precision operand implicitly converted to double-precision
  	set_turn_handlmax = velPlanIn.set_turnAct/JOYSTIC_R * abs(velPlanIn.adcx);
..\..\Drivers\BSP\R9\WheelSpeedMap.c(261): warning:  #223-D: function "abs" declared implicitly
  	set_turn_handlmax = velPlanIn.set_turnAct/JOYSTIC_R * abs(velPlanIn.adcx);
..\..\Drivers\BSP\R9\WheelSpeedMap.c(262): warning:  #1035-D: single-precision operand implicitly converted to double-precision
  	omega_velocity = set_turn_handlmax * velPlanIn.adcx / JOYSTIC_R; // sin(velPlanIn.adcx/JOYSTIC_R*PI/2.0); //杞悜
..\..\Drivers\BSP\R9\WheelSpeedMap.c(264): warning:  #1035-D: single-precision operand implicitly converted to double-precision
  	float handl_lineVelocity = lineVelocity * KMPH_TO_MPS;
..\..\Drivers\BSP\R9\WheelSpeedMap.c(265): warning:  #1035-D: single-precision operand implicitly converted to double-precision
  	float handl_omega_velocity = omega_velocity * KMPH_TO_MPS;
..\..\Drivers\BSP\R9\WheelSpeedMap.c(281): warning:  #1035-D: single-precision operand implicitly converted to double-precision
  	lineVelocity = ApplyLongitudinalConstraint(&handl_lineVelocity, &GEAR_CONSTRAINTS[Struc_ActuPra_Int.set_velocitylevelAct - 1], CONTROL_CYCLE_S) * MPS_TO_KMPH;
..\..\Drivers\BSP\R9\WheelSpeedMap.c(282): warning:  #1035-D: single-precision operand implicitly converted to double-precision
  	omega_velocity = ApplyLateralConstraint(&handl_omega_velocity, &GEAR_CONSTRAINTS[Struc_ActuPra_Int.set_velocitylevelAct - 1], CONTROL_CYCLE_S) * MPS_TO_KMPH;
..\..\Drivers\BSP\R9\WheelSpeedMap.c(354): warning:  #223-D: function "ir_compensation_init" declared implicitly
  			ir_compensation_init();
..\..\Drivers\BSP\R9\WheelSpeedMap.c(374): warning:  #1035-D: single-precision operand implicitly converted to double-precision
  	Struc_ActuPra_Int.K_revise = sin(0.5 * PI - (PI / 4.0 - Struc_ActuPra_Int.Steering_Angle / 180.0 * PI)) + cos(0.5 * PI - (PI / 4.0 - Struc_ActuPra_Int.Steering_Angle / 180.0 * PI));
..\..\Drivers\BSP\R9\WheelSpeedMap.c(374): warning:  #1035-D: single-precision operand implicitly converted to double-precision
  	Struc_ActuPra_Int.K_revise = sin(0.5 * PI - (PI / 4.0 - Struc_ActuPra_Int.Steering_Angle / 180.0 * PI)) + cos(0.5 * PI - (PI / 4.0 - Struc_ActuPra_Int.Steering_Angle / 180.0 * PI));
..\..\Drivers\BSP\R9\WheelSpeedMap.c(377): warning:  #1035-D: single-precision operand implicitly converted to double-precision
  	if (Struc_ActuPra_Int.set_Maximum_Strspeed == 1.0)
..\..\Drivers\BSP\R9\WheelSpeedMap.c(397): warning:  #1-D: last line of file ends without a newline
  }
..\..\Drivers\BSP\R9\WheelSpeedMap.c: 21 warnings, 0 errors
linking...
Program Size: Code=23120 RO-data=576 RW-data=140 ZI-data=6228  
FromELF: creating hex file...
"..\..\Output\atk_f407.axf" - 0 Error(s), 21 Warning(s).

<h2>Software Packages used:</h2>

Package Vendor: Keil
                https://www.keil.com/pack/Keil.STM32F4xx_DFP.2.17.1.pack
                Keil.STM32F4xx_DFP.2.17.1
                STMicroelectronics STM32F4 Series Device Support, Drivers and Examples

<h2>Collection of Component include folders:</h2>
  C:/Users/fu/AppData/Local/Arm/Packs/Keil/STM32F4xx_DFP/2.17.1/Drivers/CMSIS/Device/ST/STM32F4xx/Include

<h2>Collection of Component Files used:</h2>
Build Time Elapsed:  00:00:08
</pre>
</body>
</html>
