<html>
<body>
<pre>
<h1>礦ision Build Log</h1>
<h2>Tool Versions:</h2>
IDE-Version: μVision V5.38.0.0
Copyright (C) 2022 ARM Ltd and ARM Germany GmbH. All rights reserved.
License Information: rehand fu@reha, HP Inc., LIC=65ISZ-JPW1A-63SMB-2C18Y-RU7XC-7M4J7
 
Tool Versions:
Toolchain:       MDK-ARM Plus  Version: 5.38.0.0
Toolchain Path:  D:\Keil_v5\ARM\ARMCC\Bin
C Compiler:      Armcc.exe V5.06 update 7 (build 960)
Assembler:       Armasm.exe V5.06 update 7 (build 960)
Linker/Locator:  ArmLink.exe V5.06 update 7 (build 960)
Library Manager: ArmAr.exe V5.06 update 7 (build 960)
Hex Converter:   FromElf.exe V5.06 update 7 (build 960)
CPU DLL:         SARMCM3.DLL V5.38.0.0
Dialog DLL:      DCM.DLL V1.17.5.0
Target DLL:      STLink\ST-LINKIII-KEIL_SWO.dll V3.1.0.0
Dialog DLL:      TCM.DLL V1.56.4.0
 
<h2>Project:</h2>
C:\Users\fu\Desktop\Code\Wheelchair_phase2_project\展示样机升级\R9_407F_num_2\Projects\MDK-ARM\R9_NUM2.uvprojx
Project File Date:  02/10/2025

<h2>Output:</h2>
*** Using Compiler 'V5.06 update 7 (build 960)', folder: 'D:\Keil_v5\ARM\ARMCC\Bin'
Build target 'R9_407F_num2'
assembling startup_stm32f407xx.s...
compiling sys.c...
..\..\Drivers\CMSIS\Device\ST\STM32F4xx\Include\stm32f407xx.h(52): warning:  #47-D: incompatible redefinition of macro "__FPU_PRESENT" 
  #define __FPU_PRESENT             1U       /*!< FPU present                                   */
..\..\Drivers\CMSIS\Include\core_cm4.h(80): warning:  #47-D: incompatible redefinition of macro "__FPU_USED" 
        #define __FPU_USED       1U
..\..\Drivers\SYSTEM\sys\sys.c: 2 warnings, 0 errors
compiling usart.c...
..\..\Drivers\CMSIS\Device\ST\STM32F4xx\Include\stm32f407xx.h(52): warning:  #47-D: incompatible redefinition of macro "__FPU_PRESENT" 
  #define __FPU_PRESENT             1U       /*!< FPU present                                   */
..\..\Drivers\CMSIS\Include\core_cm4.h(80): warning:  #47-D: incompatible redefinition of macro "__FPU_USED" 
        #define __FPU_USED       1U
..\..\Drivers\SYSTEM\usart\usart.c: 2 warnings, 0 errors
compiling delay.c...
..\..\Drivers\CMSIS\Device\ST\STM32F4xx\Include\stm32f407xx.h(52): warning:  #47-D: incompatible redefinition of macro "__FPU_PRESENT" 
  #define __FPU_PRESENT             1U       /*!< FPU present                                   */
..\..\Drivers\CMSIS\Include\core_cm4.h(80): warning:  #47-D: incompatible redefinition of macro "__FPU_USED" 
        #define __FPU_USED       1U
..\..\Drivers\SYSTEM\delay\delay.c: 2 warnings, 0 errors
compiling stm32f4xx_it.c...
..\..\Drivers\CMSIS\Device\ST\STM32F4xx\Include\stm32f407xx.h(52): warning:  #47-D: incompatible redefinition of macro "__FPU_PRESENT" 
  #define __FPU_PRESENT             1U       /*!< FPU present                                   */
..\..\Drivers\CMSIS\Include\core_cm4.h(80): warning:  #47-D: incompatible redefinition of macro "__FPU_USED" 
        #define __FPU_USED       1U
..\..\User\stm32f4xx_it.c: 2 warnings, 0 errors
compiling system_stm32f4xx.c...
..\..\Drivers\CMSIS\Device\ST\STM32F4xx\Include\stm32f407xx.h(52): warning:  #47-D: incompatible redefinition of macro "__FPU_PRESENT" 
  #define __FPU_PRESENT             1U       /*!< FPU present                                   */
..\..\Drivers\CMSIS\Include\core_cm4.h(80): warning:  #47-D: incompatible redefinition of macro "__FPU_USED" 
        #define __FPU_USED       1U
..\..\Drivers\CMSIS\Device\ST\STM32F4xx\Source\Templates\system_stm32f4xx.c: 2 warnings, 0 errors
compiling brake.c...
..\..\Drivers\CMSIS\Device\ST\STM32F4xx\Include\stm32f407xx.h(52): warning:  #47-D: incompatible redefinition of macro "__FPU_PRESENT" 
  #define __FPU_PRESENT             1U       /*!< FPU present                                   */
..\..\Drivers\CMSIS\Include\core_cm4.h(80): warning:  #47-D: incompatible redefinition of macro "__FPU_USED" 
        #define __FPU_USED       1U
..\..\Drivers\BSP\R9\brake.c: 2 warnings, 0 errors
compiling task.c...
..\..\Drivers\CMSIS\Device\ST\STM32F4xx\Include\stm32f407xx.h(52): warning:  #47-D: incompatible redefinition of macro "__FPU_PRESENT" 
  #define __FPU_PRESENT             1U       /*!< FPU present                                   */
..\..\Drivers\CMSIS\Include\core_cm4.h(80): warning:  #47-D: incompatible redefinition of macro "__FPU_USED" 
        #define __FPU_USED       1U
..\..\Drivers\BSP\task.c(203): warning:  #1-D: last line of file ends without a newline
  }
..\..\Drivers\BSP\task.c: 3 warnings, 0 errors
compiling adc.c...
..\..\Drivers\CMSIS\Device\ST\STM32F4xx\Include\stm32f407xx.h(52): warning:  #47-D: incompatible redefinition of macro "__FPU_PRESENT" 
  #define __FPU_PRESENT             1U       /*!< FPU present                                   */
..\..\Drivers\CMSIS\Include\core_cm4.h(80): warning:  #47-D: incompatible redefinition of macro "__FPU_USED" 
        #define __FPU_USED       1U
..\..\Drivers\BSP\ADC\adc.c: 2 warnings, 0 errors
compiling led.c...
..\..\Drivers\CMSIS\Device\ST\STM32F4xx\Include\stm32f407xx.h(52): warning:  #47-D: incompatible redefinition of macro "__FPU_PRESENT" 
  #define __FPU_PRESENT             1U       /*!< FPU present                                   */
..\..\Drivers\CMSIS\Include\core_cm4.h(80): warning:  #47-D: incompatible redefinition of macro "__FPU_USED" 
        #define __FPU_USED       1U
..\..\Drivers\BSP\LED\led.c: 2 warnings, 0 errors
compiling moterdriver.c...
..\..\Drivers\CMSIS\Device\ST\STM32F4xx\Include\stm32f407xx.h(52): warning:  #47-D: incompatible redefinition of macro "__FPU_PRESENT" 
  #define __FPU_PRESENT             1U       /*!< FPU present                                   */
..\..\Drivers\CMSIS\Include\core_cm4.h(80): warning:  #47-D: incompatible redefinition of macro "__FPU_USED" 
        #define __FPU_USED       1U
..\..\Drivers\BSP\R9\moterdriver.c: 2 warnings, 0 errors
compiling btim.c...
..\..\Drivers\CMSIS\Device\ST\STM32F4xx\Include\stm32f407xx.h(52): warning:  #47-D: incompatible redefinition of macro "__FPU_PRESENT" 
  #define __FPU_PRESENT             1U       /*!< FPU present                                   */
..\..\Drivers\CMSIS\Include\core_cm4.h(80): warning:  #47-D: incompatible redefinition of macro "__FPU_USED" 
        #define __FPU_USED       1U
..\..\Drivers\BSP\TIMER\btim.c(138): warning:  #1035-D: single-precision operand implicitly converted to double-precision
  					gl_motor_data.speed = -(fabs(gl_motor_data.volatage) - gl_motor_data.current * MOTER_RA)/MOTER_CE;
..\..\Drivers\BSP\TIMER\btim.c(145): warning:  #1035-D: single-precision operand implicitly converted to double-precision
  					gl_motor_data.speed = (fabs(gl_motor_data.volatage) - gl_motor_data.current * MOTER_RA)/MOTER_CE;
..\..\Drivers\BSP\TIMER\btim.c(171): warning:  #1035-D: single-precision operand implicitly converted to double-precision
  					gr_motor_data.speed = -(fabs(gr_motor_data.volatage) - gr_motor_data.current * MOTER_RA)/MOTER_CE;
..\..\Drivers\BSP\TIMER\btim.c(180): warning:  #1035-D: single-precision operand implicitly converted to double-precision
  				gr_motor_data.speed = (fabs(gr_motor_data.volatage) - gr_motor_data.current * MOTER_RA)/MOTER_CE;
..\..\Drivers\BSP\TIMER\btim.c(122): warning:  #177-D: variable "templI"  was declared but never referenced
  			float templI;
..\..\Drivers\BSP\TIMER\btim.c(123): warning:  #177-D: variable "temprv"  was declared but never referenced
  			float temprv;
..\..\Drivers\BSP\TIMER\btim.c(124): warning:  #177-D: variable "temprI"  was declared but never referenced
  			float temprI;
..\..\Drivers\BSP\TIMER\btim.c: 9 warnings, 0 errors
compiling main.c...
..\..\Drivers\CMSIS\Device\ST\STM32F4xx\Include\stm32f407xx.h(52): warning:  #47-D: incompatible redefinition of macro "__FPU_PRESENT" 
  #define __FPU_PRESENT             1U       /*!< FPU present                                   */
..\..\Drivers\CMSIS\Include\core_cm4.h(80): warning:  #47-D: incompatible redefinition of macro "__FPU_USED" 
        #define __FPU_USED       1U
..\..\User\main.c: 2 warnings, 0 errors
compiling API_Schedule.c...
..\..\Drivers\CMSIS\Device\ST\STM32F4xx\Include\stm32f407xx.h(52): warning:  #47-D: incompatible redefinition of macro "__FPU_PRESENT" 
  #define __FPU_PRESENT             1U       /*!< FPU present                                   */
..\..\Drivers\CMSIS\Include\core_cm4.h(80): warning:  #47-D: incompatible redefinition of macro "__FPU_USED" 
        #define __FPU_USED       1U
..\..\Drivers\BSP\API_Schedule.c: 2 warnings, 0 errors
compiling wdg.c...
..\..\Drivers\CMSIS\Device\ST\STM32F4xx\Include\stm32f407xx.h(52): warning:  #47-D: incompatible redefinition of macro "__FPU_PRESENT" 
  #define __FPU_PRESENT             1U       /*!< FPU present                                   */
..\..\Drivers\CMSIS\Include\core_cm4.h(80): warning:  #47-D: incompatible redefinition of macro "__FPU_USED" 
        #define __FPU_USED       1U
..\..\Drivers\BSP\WDG\wdg.c: 2 warnings, 0 errors
compiling common.c...
..\..\Drivers\CMSIS\Device\ST\STM32F4xx\Include\stm32f407xx.h(52): warning:  #47-D: incompatible redefinition of macro "__FPU_PRESENT" 
  #define __FPU_PRESENT             1U       /*!< FPU present                                   */
..\..\Drivers\CMSIS\Include\core_cm4.h(80): warning:  #47-D: incompatible redefinition of macro "__FPU_USED" 
        #define __FPU_USED       1U
..\..\Drivers\BSP\Common\common.c: 2 warnings, 0 errors
compiling LegRestKinematics.c...
..\..\Drivers\CMSIS\Device\ST\STM32F4xx\Include\stm32f407xx.h(52): warning:  #47-D: incompatible redefinition of macro "__FPU_PRESENT" 
  #define __FPU_PRESENT             1U       /*!< FPU present                                   */
..\..\Drivers\CMSIS\Include\core_cm4.h(80): warning:  #47-D: incompatible redefinition of macro "__FPU_USED" 
        #define __FPU_USED       1U
..\..\Drivers\BSP\LEG_ KINEMATICS\LegRestKinematics.c(24): warning:  #1035-D: single-precision operand implicitly converted to double-precision
      legkinematicspra.theta1deg=THET1_a1*arm_sin_f32(THET1_b1*legkinematicspra.DeltB1+THET1_c1) + \
..\..\Drivers\BSP\LEG_ KINEMATICS\LegRestKinematics.c(24): warning:  #1035-D: single-precision operand implicitly converted to double-precision
      legkinematicspra.theta1deg=THET1_a1*arm_sin_f32(THET1_b1*legkinematicspra.DeltB1+THET1_c1) + \
..\..\Drivers\BSP\LEG_ KINEMATICS\LegRestKinematics.c(25): warning:  #1035-D: single-precision operand implicitly converted to double-precision
      THET1_a2*arm_sin_f32(THET1_b2*legkinematicspra.DeltB1+THET1_c2)
..\..\Drivers\BSP\LEG_ KINEMATICS\LegRestKinematics.c(25): warning:  #1035-D: single-precision operand implicitly converted to double-precision
      THET1_a2*arm_sin_f32(THET1_b2*legkinematicspra.DeltB1+THET1_c2)
..\..\Drivers\BSP\LEG_ KINEMATICS\LegRestKinematics.c(26): warning:  #1035-D: single-precision operand implicitly converted to double-precision
      +THET1_a3*arm_sin_f32(THET1_b3*legkinematicspra.DeltB1+THET1_c3);
..\..\Drivers\BSP\LEG_ KINEMATICS\LegRestKinematics.c(27): warning:  #1035-D: single-precision operand implicitly converted to double-precision
      legkinematicspra.theta1 = (180-legkinematicspra.theta1deg)*0.01745329;
..\..\Drivers\BSP\LEG_ KINEMATICS\LegRestKinematics.c(28): warning:  #1035-D: single-precision operand implicitly converted to double-precision
      legkinematicspra.theta2deg=THET2_a1*arm_sin_f32(THET2_b1*legkinematicspra.DeltB1+THET2_c1) + \
..\..\Drivers\BSP\LEG_ KINEMATICS\LegRestKinematics.c(28): warning:  #1035-D: single-precision operand implicitly converted to double-precision
      legkinematicspra.theta2deg=THET2_a1*arm_sin_f32(THET2_b1*legkinematicspra.DeltB1+THET2_c1) + \
..\..\Drivers\BSP\LEG_ KINEMATICS\LegRestKinematics.c(29): warning:  #1035-D: single-precision operand implicitly converted to double-precision
      THET2_a2*arm_sin_f32(THET2_b2*legkinematicspra.DeltB1+THET2_c2) + \
..\..\Drivers\BSP\LEG_ KINEMATICS\LegRestKinematics.c(29): warning:  #1035-D: single-precision operand implicitly converted to double-precision
      THET2_a2*arm_sin_f32(THET2_b2*legkinematicspra.DeltB1+THET2_c2) + \
..\..\Drivers\BSP\LEG_ KINEMATICS\LegRestKinematics.c(30): warning:  #1035-D: single-precision operand implicitly converted to double-precision
      THET2_a3*arm_sin_f32(THET2_b3*legkinematicspra.DeltB1+THET2_c3);
..\..\Drivers\BSP\LEG_ KINEMATICS\LegRestKinematics.c(30): warning:  #1035-D: single-precision operand implicitly converted to double-precision
      THET2_a3*arm_sin_f32(THET2_b3*legkinematicspra.DeltB1+THET2_c3);
..\..\Drivers\BSP\LEG_ KINEMATICS\LegRestKinematics.c(31): warning:  #1035-D: single-precision operand implicitly converted to double-precision
      legkinematicspra.theta2 = (180+legkinematicspra.theta2deg)*0.01745329;
..\..\Drivers\BSP\LEG_ KINEMATICS\LegRestKinematics.c(34): warning:  #1035-D: single-precision operand implicitly converted to double-precision
      THET3_p3*legkinematicspra.DeltB2 + THET3_p4;
..\..\Drivers\BSP\LEG_ KINEMATICS\LegRestKinematics.c(35): warning:  #1035-D: single-precision operand implicitly converted to double-precision
      legkinematicspra.theta3 = (CONSTANTANGLE-legkinematicspra.theta3deg)*0.01745329;
..\..\Drivers\BSP\LEG_ KINEMATICS\LegRestKinematics.c(38): warning:  #1035-D: single-precision operand implicitly converted to double-precision
      THET4_p3*legkinematicspra.DeltA2 +  THET4_p4+10.0;
..\..\Drivers\BSP\LEG_ KINEMATICS\LegRestKinematics.c(39): warning:  #1035-D: single-precision operand implicitly converted to double-precision
      legkinematicspra.theta4 = (180+legkinematicspra.theta4deg)*0.01745329;
..\..\Drivers\BSP\LEG_ KINEMATICS\LegRestKinematics.c(127): warning:  #1035-D: single-precision operand implicitly converted to double-precision
      chairkinematicspra.y_o = pDataDstT4_0[7]-132.0; // 鍙傝�冪偣璺濈鍦伴潰 璺濈  295  420 鍧愬Э楂樺害
..\..\Drivers\BSP\LEG_ KINEMATICS\LegRestKinematics.c: 20 warnings, 0 errors
compiling exception_handling.c...
..\..\Drivers\CMSIS\Device\ST\STM32F4xx\Include\stm32f407xx.h(52): warning:  #47-D: incompatible redefinition of macro "__FPU_PRESENT" 
  #define __FPU_PRESENT             1U       /*!< FPU present                                   */
..\..\Drivers\CMSIS\Include\core_cm4.h(80): warning:  #47-D: incompatible redefinition of macro "__FPU_USED" 
        #define __FPU_USED       1U
..\..\Drivers\BSP\Exception_handling\exception_handling.c: 2 warnings, 0 errors
compiling hostdap21.c...
..\..\Drivers\CMSIS\Device\ST\STM32F4xx\Include\stm32f407xx.h(52): warning:  #47-D: incompatible redefinition of macro "__FPU_PRESENT" 
  #define __FPU_PRESENT             1U       /*!< FPU present                                   */
..\..\Drivers\CMSIS\Include\core_cm4.h(80): warning:  #47-D: incompatible redefinition of macro "__FPU_USED" 
        #define __FPU_USED       1U
..\..\Drivers\BSP\DAP21\hostdap21.c: 2 warnings, 0 errors
compiling Comheartbeat.c...
..\..\Drivers\CMSIS\Device\ST\STM32F4xx\Include\stm32f407xx.h(52): warning:  #47-D: incompatible redefinition of macro "__FPU_PRESENT" 
  #define __FPU_PRESENT             1U       /*!< FPU present                                   */
..\..\Drivers\CMSIS\Include\core_cm4.h(80): warning:  #47-D: incompatible redefinition of macro "__FPU_USED" 
        #define __FPU_USED       1U
..\..\Drivers\BSP\Communicationheartbeat\Comheartbeat.c: 2 warnings, 0 errors
compiling stm32f4xx_hal.c...
..\..\Drivers\CMSIS\Device\ST\STM32F4xx\Include\stm32f407xx.h(52): warning:  #47-D: incompatible redefinition of macro "__FPU_PRESENT" 
  #define __FPU_PRESENT             1U       /*!< FPU present                                   */
..\..\Drivers\CMSIS\Include\core_cm4.h(80): warning:  #47-D: incompatible redefinition of macro "__FPU_USED" 
        #define __FPU_USED       1U
..\..\Drivers\STM32F4xx_HAL_Driver\Src\stm32f4xx_hal.c: 2 warnings, 0 errors
compiling mlx90393.c...
..\..\Drivers\CMSIS\Device\ST\STM32F4xx\Include\stm32f407xx.h(52): warning:  #47-D: incompatible redefinition of macro "__FPU_PRESENT" 
  #define __FPU_PRESENT             1U       /*!< FPU present                                   */
..\..\Drivers\CMSIS\Include\core_cm4.h(80): warning:  #47-D: incompatible redefinition of macro "__FPU_USED" 
        #define __FPU_USED       1U
..\..\Drivers\BSP\R9\mlx90393.c: 2 warnings, 0 errors
compiling Slavemodbus.c...
..\..\Drivers\CMSIS\Device\ST\STM32F4xx\Include\stm32f407xx.h(52): warning:  #47-D: incompatible redefinition of macro "__FPU_PRESENT" 
  #define __FPU_PRESENT             1U       /*!< FPU present                                   */
..\..\Drivers\CMSIS\Include\core_cm4.h(80): warning:  #47-D: incompatible redefinition of macro "__FPU_USED" 
        #define __FPU_USED       1U
..\..\Drivers\BSP\R9\Slavemodbus.c: 2 warnings, 0 errors
compiling getadcdata.c...
..\..\Drivers\CMSIS\Device\ST\STM32F4xx\Include\stm32f407xx.h(52): warning:  #47-D: incompatible redefinition of macro "__FPU_PRESENT" 
  #define __FPU_PRESENT             1U       /*!< FPU present                                   */
..\..\Drivers\CMSIS\Include\core_cm4.h(80): warning:  #47-D: incompatible redefinition of macro "__FPU_USED" 
        #define __FPU_USED       1U
..\..\Drivers\BSP\R9\getadcdata.c(134): warning:  #1035-D: single-precision operand implicitly converted to double-precision
  				if (Batcacu_V >=26.0)
..\..\Drivers\BSP\R9\getadcdata.c(138): warning:  #1035-D: single-precision operand implicitly converted to double-precision
  				else if (Batcacu_V >25.4 && Batcacu_V<26.2)
..\..\Drivers\BSP\R9\getadcdata.c(138): warning:  #1035-D: single-precision operand implicitly converted to double-precision
  				else if (Batcacu_V >25.4 && Batcacu_V<26.2)
..\..\Drivers\BSP\R9\getadcdata.c(143): warning:  #1035-D: single-precision operand implicitly converted to double-precision
  				else if(Batcacu_V >=23 && Batcacu_V<=25.4)
..\..\Drivers\BSP\R9\getadcdata.c(146): warning:  #1035-D: single-precision operand implicitly converted to double-precision
  					g_slaveReg[1] = roundToNDecimalPlaces(0.2917*Batcacu_V-6.558,2)*100.0;
..\..\Drivers\BSP\R9\getadcdata.c: 7 warnings, 0 errors
compiling pid.c...
..\..\Drivers\CMSIS\Device\ST\STM32F4xx\Include\stm32f407xx.h(52): warning:  #47-D: incompatible redefinition of macro "__FPU_PRESENT" 
  #define __FPU_PRESENT             1U       /*!< FPU present                                   */
..\..\Drivers\CMSIS\Include\core_cm4.h(80): warning:  #47-D: incompatible redefinition of macro "__FPU_USED" 
        #define __FPU_USED       1U
..\..\Drivers\BSP\PID\pid.c(111): warning:  #1-D: last line of file ends without a newline
  }
..\..\Drivers\BSP\PID\pid.c: 3 warnings, 0 errors
compiling WheelSpeedMap.c...
..\..\Drivers\CMSIS\Device\ST\STM32F4xx\Include\stm32f407xx.h(52): warning:  #47-D: incompatible redefinition of macro "__FPU_PRESENT" 
  #define __FPU_PRESENT             1U       /*!< FPU present                                   */
..\..\Drivers\CMSIS\Include\core_cm4.h(80): warning:  #47-D: incompatible redefinition of macro "__FPU_USED" 
        #define __FPU_USED       1U
..\..\Drivers\BSP\R9\WheelSpeedMap.c(109): warning:  #1035-D: single-precision operand implicitly converted to double-precision
  		set_forwardActmax =velPlanIn.set_forwardAct/JOYSTIC_R *velPlanIn.adcy;
..\..\Drivers\BSP\R9\WheelSpeedMap.c(114): warning:  #1035-D: single-precision operand implicitly converted to double-precision
  		set_reverseActmax =velPlanIn.set_reverseAct/JOYSTIC_R *abs(velPlanIn.adcy);
..\..\Drivers\BSP\R9\WheelSpeedMap.c(114): warning:  #223-D: function "abs" declared implicitly
  		set_reverseActmax =velPlanIn.set_reverseAct/JOYSTIC_R *abs(velPlanIn.adcy);
..\..\Drivers\BSP\R9\WheelSpeedMap.c(117): warning:  #1035-D: single-precision operand implicitly converted to double-precision
  	set_turn_handlmax =0.7*velPlanIn.set_turnAct/JOYSTIC_R *abs(velPlanIn.adcx) ;
..\..\Drivers\BSP\R9\WheelSpeedMap.c(117): warning:  #223-D: function "abs" declared implicitly
  	set_turn_handlmax =0.7*velPlanIn.set_turnAct/JOYSTIC_R *abs(velPlanIn.adcx) ;
..\..\Drivers\BSP\R9\WheelSpeedMap.c(236): warning:  #1035-D: single-precision operand implicitly converted to double-precision
  		if ((chairkinematicspra.y_o>50.8 && chairkinematicspra.y_o<152.4) ||
..\..\Drivers\BSP\R9\WheelSpeedMap.c(236): warning:  #1035-D: single-precision operand implicitly converted to double-precision
  		if ((chairkinematicspra.y_o>50.8 && chairkinematicspra.y_o<152.4) ||
..\..\Drivers\BSP\R9\WheelSpeedMap.c(244): warning:  #1035-D: single-precision operand implicitly converted to double-precision
  		if (chairkinematicspra.y_o>152.4 ||
..\..\Drivers\BSP\R9\WheelSpeedMap.c(247): warning:  #1035-D: single-precision operand implicitly converted to double-precision
  		(chairkinematicspra.y_o>50.8 && fabs(chairkinematicspra.theta_x2X)>6.0 && fabs(chairkinematicspra.theta_x2X)<10.0)
..\..\Drivers\BSP\R9\WheelSpeedMap.c(24): warning:  #177-D: variable "pitch"  was declared but never referenced
  static float pitch,roll,yaw;
..\..\Drivers\BSP\R9\WheelSpeedMap.c(24): warning:  #177-D: variable "roll"  was declared but never referenced
  static float pitch,roll,yaw;
..\..\Drivers\BSP\R9\WheelSpeedMap.c(24): warning:  #177-D: variable "yaw"  was declared but never referenced
  static float pitch,roll,yaw;
..\..\Drivers\BSP\R9\WheelSpeedMap.c: 14 warnings, 0 errors
compiling can.c...
..\..\Drivers\CMSIS\Device\ST\STM32F4xx\Include\stm32f407xx.h(52): warning:  #47-D: incompatible redefinition of macro "__FPU_PRESENT" 
  #define __FPU_PRESENT             1U       /*!< FPU present                                   */
..\..\Drivers\CMSIS\Include\core_cm4.h(80): warning:  #47-D: incompatible redefinition of macro "__FPU_USED" 
        #define __FPU_USED       1U
..\..\Drivers\BSP\CAN\can.c(233): warning:  #177-D: variable "comcont"  was declared but never referenced
      static uint16_t comcont;
..\..\Drivers\BSP\CAN\can.c(234): warning:  #177-D: variable "comflage"  was declared but never referenced
      static uint8_t comflage ;
..\..\Drivers\BSP\CAN\can.c: 4 warnings, 0 errors
compiling stm32f4xx_hal_cryp.c...
..\..\Drivers\CMSIS\Device\ST\STM32F4xx\Include\stm32f407xx.h(52): warning:  #47-D: incompatible redefinition of macro "__FPU_PRESENT" 
  #define __FPU_PRESENT             1U       /*!< FPU present                                   */
..\..\Drivers\CMSIS\Include\core_cm4.h(80): warning:  #47-D: incompatible redefinition of macro "__FPU_USED" 
        #define __FPU_USED       1U
..\..\Drivers\STM32F4xx_HAL_Driver\Src\stm32f4xx_hal_cryp.c: 2 warnings, 0 errors
compiling stm32f4xx_hal_dcmi_ex.c...
..\..\Drivers\CMSIS\Device\ST\STM32F4xx\Include\stm32f407xx.h(52): warning:  #47-D: incompatible redefinition of macro "__FPU_PRESENT" 
  #define __FPU_PRESENT             1U       /*!< FPU present                                   */
..\..\Drivers\CMSIS\Include\core_cm4.h(80): warning:  #47-D: incompatible redefinition of macro "__FPU_USED" 
        #define __FPU_USED       1U
..\..\Drivers\STM32F4xx_HAL_Driver\Src\stm32f4xx_hal_dcmi_ex.c: 2 warnings, 0 errors
compiling stm32f4xx_hal_dac.c...
..\..\Drivers\CMSIS\Device\ST\STM32F4xx\Include\stm32f407xx.h(52): warning:  #47-D: incompatible redefinition of macro "__FPU_PRESENT" 
  #define __FPU_PRESENT             1U       /*!< FPU present                                   */
..\..\Drivers\CMSIS\Include\core_cm4.h(80): warning:  #47-D: incompatible redefinition of macro "__FPU_USED" 
        #define __FPU_USED       1U
..\..\Drivers\STM32F4xx_HAL_Driver\Src\stm32f4xx_hal_dac.c: 2 warnings, 0 errors
compiling stm32f4xx_hal_crc.c...
..\..\Drivers\CMSIS\Device\ST\STM32F4xx\Include\stm32f407xx.h(52): warning:  #47-D: incompatible redefinition of macro "__FPU_PRESENT" 
  #define __FPU_PRESENT             1U       /*!< FPU present                                   */
..\..\Drivers\CMSIS\Include\core_cm4.h(80): warning:  #47-D: incompatible redefinition of macro "__FPU_USED" 
        #define __FPU_USED       1U
..\..\Drivers\STM32F4xx_HAL_Driver\Src\stm32f4xx_hal_crc.c: 2 warnings, 0 errors
compiling stm32f4xx_hal_dcmi.c...
..\..\Drivers\CMSIS\Device\ST\STM32F4xx\Include\stm32f407xx.h(52): warning:  #47-D: incompatible redefinition of macro "__FPU_PRESENT" 
  #define __FPU_PRESENT             1U       /*!< FPU present                                   */
..\..\Drivers\CMSIS\Include\core_cm4.h(80): warning:  #47-D: incompatible redefinition of macro "__FPU_USED" 
        #define __FPU_USED       1U
..\..\Drivers\STM32F4xx_HAL_Driver\Src\stm32f4xx_hal_dcmi.c: 2 warnings, 0 errors
compiling stm32f4xx_hal_cryp_ex.c...
..\..\Drivers\CMSIS\Device\ST\STM32F4xx\Include\stm32f407xx.h(52): warning:  #47-D: incompatible redefinition of macro "__FPU_PRESENT" 
  #define __FPU_PRESENT             1U       /*!< FPU present                                   */
..\..\Drivers\CMSIS\Include\core_cm4.h(80): warning:  #47-D: incompatible redefinition of macro "__FPU_USED" 
        #define __FPU_USED       1U
..\..\Drivers\STM32F4xx_HAL_Driver\Src\stm32f4xx_hal_cryp_ex.c: 2 warnings, 0 errors
compiling stm32f4xx_hal_dfsdm.c...
..\..\Drivers\CMSIS\Device\ST\STM32F4xx\Include\stm32f407xx.h(52): warning:  #47-D: incompatible redefinition of macro "__FPU_PRESENT" 
  #define __FPU_PRESENT             1U       /*!< FPU present                                   */
..\..\Drivers\CMSIS\Include\core_cm4.h(80): warning:  #47-D: incompatible redefinition of macro "__FPU_USED" 
        #define __FPU_USED       1U
..\..\Drivers\STM32F4xx_HAL_Driver\Src\stm32f4xx_hal_dfsdm.c: 2 warnings, 0 errors
compiling stm32f4xx_hal_adc_ex.c...
..\..\Drivers\CMSIS\Device\ST\STM32F4xx\Include\stm32f407xx.h(52): warning:  #47-D: incompatible redefinition of macro "__FPU_PRESENT" 
  #define __FPU_PRESENT             1U       /*!< FPU present                                   */
..\..\Drivers\CMSIS\Include\core_cm4.h(80): warning:  #47-D: incompatible redefinition of macro "__FPU_USED" 
        #define __FPU_USED       1U
..\..\Drivers\STM32F4xx_HAL_Driver\Src\stm32f4xx_hal_adc_ex.c: 2 warnings, 0 errors
compiling stm32f4xx_hal_adc.c...
..\..\Drivers\CMSIS\Device\ST\STM32F4xx\Include\stm32f407xx.h(52): warning:  #47-D: incompatible redefinition of macro "__FPU_PRESENT" 
  #define __FPU_PRESENT             1U       /*!< FPU present                                   */
..\..\Drivers\CMSIS\Include\core_cm4.h(80): warning:  #47-D: incompatible redefinition of macro "__FPU_USED" 
        #define __FPU_USED       1U
..\..\Drivers\STM32F4xx_HAL_Driver\Src\stm32f4xx_hal_adc.c: 2 warnings, 0 errors
compiling stm32f4xx_hal_cec.c...
..\..\Drivers\CMSIS\Device\ST\STM32F4xx\Include\stm32f407xx.h(52): warning:  #47-D: incompatible redefinition of macro "__FPU_PRESENT" 
  #define __FPU_PRESENT             1U       /*!< FPU present                                   */
..\..\Drivers\CMSIS\Include\core_cm4.h(80): warning:  #47-D: incompatible redefinition of macro "__FPU_USED" 
        #define __FPU_USED       1U
..\..\Drivers\STM32F4xx_HAL_Driver\Src\stm32f4xx_hal_cec.c: 2 warnings, 0 errors
compiling stm32f4xx_hal_dac_ex.c...
..\..\Drivers\CMSIS\Device\ST\STM32F4xx\Include\stm32f407xx.h(52): warning:  #47-D: incompatible redefinition of macro "__FPU_PRESENT" 
  #define __FPU_PRESENT             1U       /*!< FPU present                                   */
..\..\Drivers\CMSIS\Include\core_cm4.h(80): warning:  #47-D: incompatible redefinition of macro "__FPU_USED" 
        #define __FPU_USED       1U
..\..\Drivers\STM32F4xx_HAL_Driver\Src\stm32f4xx_hal_dac_ex.c: 2 warnings, 0 errors
compiling stm32f4xx_hal_cortex.c...
..\..\Drivers\CMSIS\Device\ST\STM32F4xx\Include\stm32f407xx.h(52): warning:  #47-D: incompatible redefinition of macro "__FPU_PRESENT" 
  #define __FPU_PRESENT             1U       /*!< FPU present                                   */
..\..\Drivers\CMSIS\Include\core_cm4.h(80): warning:  #47-D: incompatible redefinition of macro "__FPU_USED" 
        #define __FPU_USED       1U
..\..\Drivers\STM32F4xx_HAL_Driver\Src\stm32f4xx_hal_cortex.c: 2 warnings, 0 errors
compiling stm32f4xx_hal_can.c...
..\..\Drivers\CMSIS\Device\ST\STM32F4xx\Include\stm32f407xx.h(52): warning:  #47-D: incompatible redefinition of macro "__FPU_PRESENT" 
  #define __FPU_PRESENT             1U       /*!< FPU present                                   */
..\..\Drivers\CMSIS\Include\core_cm4.h(80): warning:  #47-D: incompatible redefinition of macro "__FPU_USED" 
        #define __FPU_USED       1U
..\..\Drivers\STM32F4xx_HAL_Driver\Src\stm32f4xx_hal_can.c: 2 warnings, 0 errors
compiling stm32f4xx_hal_fmpsmbus.c...
..\..\Drivers\CMSIS\Device\ST\STM32F4xx\Include\stm32f407xx.h(52): warning:  #47-D: incompatible redefinition of macro "__FPU_PRESENT" 
  #define __FPU_PRESENT             1U       /*!< FPU present                                   */
..\..\Drivers\CMSIS\Include\core_cm4.h(80): warning:  #47-D: incompatible redefinition of macro "__FPU_USED" 
        #define __FPU_USED       1U
..\..\Drivers\STM32F4xx_HAL_Driver\Src\stm32f4xx_hal_fmpsmbus.c: 2 warnings, 0 errors
compiling stm32f4xx_hal_fmpi2c_ex.c...
..\..\Drivers\CMSIS\Device\ST\STM32F4xx\Include\stm32f407xx.h(52): warning:  #47-D: incompatible redefinition of macro "__FPU_PRESENT" 
  #define __FPU_PRESENT             1U       /*!< FPU present                                   */
..\..\Drivers\CMSIS\Include\core_cm4.h(80): warning:  #47-D: incompatible redefinition of macro "__FPU_USED" 
        #define __FPU_USED       1U
..\..\Drivers\STM32F4xx_HAL_Driver\Src\stm32f4xx_hal_fmpi2c_ex.c: 2 warnings, 0 errors
compiling stm32f4xx_hal_fmpsmbus_ex.c...
..\..\Drivers\CMSIS\Device\ST\STM32F4xx\Include\stm32f407xx.h(52): warning:  #47-D: incompatible redefinition of macro "__FPU_PRESENT" 
  #define __FPU_PRESENT             1U       /*!< FPU present                                   */
..\..\Drivers\CMSIS\Include\core_cm4.h(80): warning:  #47-D: incompatible redefinition of macro "__FPU_USED" 
        #define __FPU_USED       1U
..\..\Drivers\STM32F4xx_HAL_Driver\Src\stm32f4xx_hal_fmpsmbus_ex.c: 2 warnings, 0 errors
compiling stm32f4xx_hal_dsi.c...
..\..\Drivers\CMSIS\Device\ST\STM32F4xx\Include\stm32f407xx.h(52): warning:  #47-D: incompatible redefinition of macro "__FPU_PRESENT" 
  #define __FPU_PRESENT             1U       /*!< FPU present                                   */
..\..\Drivers\CMSIS\Include\core_cm4.h(80): warning:  #47-D: incompatible redefinition of macro "__FPU_USED" 
        #define __FPU_USED       1U
..\..\Drivers\STM32F4xx_HAL_Driver\Src\stm32f4xx_hal_dsi.c: 2 warnings, 0 errors
compiling stm32f4xx_hal_dma.c...
..\..\Drivers\CMSIS\Device\ST\STM32F4xx\Include\stm32f407xx.h(52): warning:  #47-D: incompatible redefinition of macro "__FPU_PRESENT" 
  #define __FPU_PRESENT             1U       /*!< FPU present                                   */
..\..\Drivers\CMSIS\Include\core_cm4.h(80): warning:  #47-D: incompatible redefinition of macro "__FPU_USED" 
        #define __FPU_USED       1U
..\..\Drivers\STM32F4xx_HAL_Driver\Src\stm32f4xx_hal_dma.c: 2 warnings, 0 errors
compiling stm32f4xx_hal_exti.c...
..\..\Drivers\CMSIS\Device\ST\STM32F4xx\Include\stm32f407xx.h(52): warning:  #47-D: incompatible redefinition of macro "__FPU_PRESENT" 
  #define __FPU_PRESENT             1U       /*!< FPU present                                   */
..\..\Drivers\CMSIS\Include\core_cm4.h(80): warning:  #47-D: incompatible redefinition of macro "__FPU_USED" 
        #define __FPU_USED       1U
..\..\Drivers\STM32F4xx_HAL_Driver\Src\stm32f4xx_hal_exti.c: 2 warnings, 0 errors
compiling stm32f4xx_hal_fmpi2c.c...
..\..\Drivers\CMSIS\Device\ST\STM32F4xx\Include\stm32f407xx.h(52): warning:  #47-D: incompatible redefinition of macro "__FPU_PRESENT" 
  #define __FPU_PRESENT             1U       /*!< FPU present                                   */
..\..\Drivers\CMSIS\Include\core_cm4.h(80): warning:  #47-D: incompatible redefinition of macro "__FPU_USED" 
        #define __FPU_USED       1U
..\..\Drivers\STM32F4xx_HAL_Driver\Src\stm32f4xx_hal_fmpi2c.c: 2 warnings, 0 errors
compiling stm32f4xx_hal_flash_ramfunc.c...
..\..\Drivers\CMSIS\Device\ST\STM32F4xx\Include\stm32f407xx.h(52): warning:  #47-D: incompatible redefinition of macro "__FPU_PRESENT" 
  #define __FPU_PRESENT             1U       /*!< FPU present                                   */
..\..\Drivers\CMSIS\Include\core_cm4.h(80): warning:  #47-D: incompatible redefinition of macro "__FPU_USED" 
        #define __FPU_USED       1U
..\..\Drivers\STM32F4xx_HAL_Driver\Src\stm32f4xx_hal_flash_ramfunc.c: 2 warnings, 0 errors
compiling stm32f4xx_hal_flash_ex.c...
..\..\Drivers\CMSIS\Device\ST\STM32F4xx\Include\stm32f407xx.h(52): warning:  #47-D: incompatible redefinition of macro "__FPU_PRESENT" 
  #define __FPU_PRESENT             1U       /*!< FPU present                                   */
..\..\Drivers\CMSIS\Include\core_cm4.h(80): warning:  #47-D: incompatible redefinition of macro "__FPU_USED" 
        #define __FPU_USED       1U
..\..\Drivers\STM32F4xx_HAL_Driver\Src\stm32f4xx_hal_flash_ex.c: 2 warnings, 0 errors
compiling stm32f4xx_hal_dma2d.c...
..\..\Drivers\CMSIS\Device\ST\STM32F4xx\Include\stm32f407xx.h(52): warning:  #47-D: incompatible redefinition of macro "__FPU_PRESENT" 
  #define __FPU_PRESENT             1U       /*!< FPU present                                   */
..\..\Drivers\CMSIS\Include\core_cm4.h(80): warning:  #47-D: incompatible redefinition of macro "__FPU_USED" 
        #define __FPU_USED       1U
..\..\Drivers\STM32F4xx_HAL_Driver\Src\stm32f4xx_hal_dma2d.c: 2 warnings, 0 errors
compiling stm32f4xx_hal_eth.c...
..\..\Drivers\CMSIS\Device\ST\STM32F4xx\Include\stm32f407xx.h(52): warning:  #47-D: incompatible redefinition of macro "__FPU_PRESENT" 
  #define __FPU_PRESENT             1U       /*!< FPU present                                   */
..\..\Drivers\CMSIS\Include\core_cm4.h(80): warning:  #47-D: incompatible redefinition of macro "__FPU_USED" 
        #define __FPU_USED       1U
..\..\Drivers\STM32F4xx_HAL_Driver\Src\stm32f4xx_hal_eth.c: 2 warnings, 0 errors
compiling stm32f4xx_hal_dma_ex.c...
..\..\Drivers\CMSIS\Device\ST\STM32F4xx\Include\stm32f407xx.h(52): warning:  #47-D: incompatible redefinition of macro "__FPU_PRESENT" 
  #define __FPU_PRESENT             1U       /*!< FPU present                                   */
..\..\Drivers\CMSIS\Include\core_cm4.h(80): warning:  #47-D: incompatible redefinition of macro "__FPU_USED" 
        #define __FPU_USED       1U
..\..\Drivers\STM32F4xx_HAL_Driver\Src\stm32f4xx_hal_dma_ex.c: 2 warnings, 0 errors
compiling stm32f4xx_hal_flash.c...
..\..\Drivers\CMSIS\Device\ST\STM32F4xx\Include\stm32f407xx.h(52): warning:  #47-D: incompatible redefinition of macro "__FPU_PRESENT" 
  #define __FPU_PRESENT             1U       /*!< FPU present                                   */
..\..\Drivers\CMSIS\Include\core_cm4.h(80): warning:  #47-D: incompatible redefinition of macro "__FPU_USED" 
        #define __FPU_USED       1U
..\..\Drivers\STM32F4xx_HAL_Driver\Src\stm32f4xx_hal_flash.c: 2 warnings, 0 errors
compiling stm32f4xx_hal_mmc.c...
..\..\Drivers\CMSIS\Device\ST\STM32F4xx\Include\stm32f407xx.h(52): warning:  #47-D: incompatible redefinition of macro "__FPU_PRESENT" 
  #define __FPU_PRESENT             1U       /*!< FPU present                                   */
..\..\Drivers\CMSIS\Include\core_cm4.h(80): warning:  #47-D: incompatible redefinition of macro "__FPU_USED" 
        #define __FPU_USED       1U
..\..\Drivers\STM32F4xx_HAL_Driver\Src\stm32f4xx_hal_mmc.c: 2 warnings, 0 errors
compiling stm32f4xx_hal_lptim.c...
..\..\Drivers\CMSIS\Device\ST\STM32F4xx\Include\stm32f407xx.h(52): warning:  #47-D: incompatible redefinition of macro "__FPU_PRESENT" 
  #define __FPU_PRESENT             1U       /*!< FPU present                                   */
..\..\Drivers\CMSIS\Include\core_cm4.h(80): warning:  #47-D: incompatible redefinition of macro "__FPU_USED" 
        #define __FPU_USED       1U
..\..\Drivers\STM32F4xx_HAL_Driver\Src\stm32f4xx_hal_lptim.c: 2 warnings, 0 errors
compiling stm32f4xx_hal_ltdc.c...
..\..\Drivers\CMSIS\Device\ST\STM32F4xx\Include\stm32f407xx.h(52): warning:  #47-D: incompatible redefinition of macro "__FPU_PRESENT" 
  #define __FPU_PRESENT             1U       /*!< FPU present                                   */
..\..\Drivers\CMSIS\Include\core_cm4.h(80): warning:  #47-D: incompatible redefinition of macro "__FPU_USED" 
        #define __FPU_USED       1U
..\..\Drivers\STM32F4xx_HAL_Driver\Src\stm32f4xx_hal_ltdc.c: 2 warnings, 0 errors
compiling stm32f4xx_hal_hash.c...
..\..\Drivers\CMSIS\Device\ST\STM32F4xx\Include\stm32f407xx.h(52): warning:  #47-D: incompatible redefinition of macro "__FPU_PRESENT" 
  #define __FPU_PRESENT             1U       /*!< FPU present                                   */
..\..\Drivers\CMSIS\Include\core_cm4.h(80): warning:  #47-D: incompatible redefinition of macro "__FPU_USED" 
        #define __FPU_USED       1U
..\..\Drivers\STM32F4xx_HAL_Driver\Src\stm32f4xx_hal_hash.c: 2 warnings, 0 errors
compiling stm32f4xx_hal_ltdc_ex.c...
..\..\Drivers\CMSIS\Device\ST\STM32F4xx\Include\stm32f407xx.h(52): warning:  #47-D: incompatible redefinition of macro "__FPU_PRESENT" 
  #define __FPU_PRESENT             1U       /*!< FPU present                                   */
..\..\Drivers\CMSIS\Include\core_cm4.h(80): warning:  #47-D: incompatible redefinition of macro "__FPU_USED" 
        #define __FPU_USED       1U
..\..\Drivers\STM32F4xx_HAL_Driver\Src\stm32f4xx_hal_ltdc_ex.c: 2 warnings, 0 errors
compiling stm32f4xx_hal_i2c_ex.c...
..\..\Drivers\CMSIS\Device\ST\STM32F4xx\Include\stm32f407xx.h(52): warning:  #47-D: incompatible redefinition of macro "__FPU_PRESENT" 
  #define __FPU_PRESENT             1U       /*!< FPU present                                   */
..\..\Drivers\CMSIS\Include\core_cm4.h(80): warning:  #47-D: incompatible redefinition of macro "__FPU_USED" 
        #define __FPU_USED       1U
..\..\Drivers\STM32F4xx_HAL_Driver\Src\stm32f4xx_hal_i2c_ex.c: 2 warnings, 0 errors
compiling stm32f4xx_hal_hash_ex.c...
..\..\Drivers\CMSIS\Device\ST\STM32F4xx\Include\stm32f407xx.h(52): warning:  #47-D: incompatible redefinition of macro "__FPU_PRESENT" 
  #define __FPU_PRESENT             1U       /*!< FPU present                                   */
..\..\Drivers\CMSIS\Include\core_cm4.h(80): warning:  #47-D: incompatible redefinition of macro "__FPU_USED" 
        #define __FPU_USED       1U
..\..\Drivers\STM32F4xx_HAL_Driver\Src\stm32f4xx_hal_hash_ex.c: 2 warnings, 0 errors
compiling stm32f4xx_hal_i2s.c...
..\..\Drivers\CMSIS\Device\ST\STM32F4xx\Include\stm32f407xx.h(52): warning:  #47-D: incompatible redefinition of macro "__FPU_PRESENT" 
  #define __FPU_PRESENT             1U       /*!< FPU present                                   */
..\..\Drivers\CMSIS\Include\core_cm4.h(80): warning:  #47-D: incompatible redefinition of macro "__FPU_USED" 
        #define __FPU_USED       1U
..\..\Drivers\STM32F4xx_HAL_Driver\Src\stm32f4xx_hal_i2s.c: 2 warnings, 0 errors
compiling stm32f4xx_hal_irda.c...
..\..\Drivers\CMSIS\Device\ST\STM32F4xx\Include\stm32f407xx.h(52): warning:  #47-D: incompatible redefinition of macro "__FPU_PRESENT" 
  #define __FPU_PRESENT             1U       /*!< FPU present                                   */
..\..\Drivers\CMSIS\Include\core_cm4.h(80): warning:  #47-D: incompatible redefinition of macro "__FPU_USED" 
        #define __FPU_USED       1U
..\..\Drivers\STM32F4xx_HAL_Driver\Src\stm32f4xx_hal_irda.c: 2 warnings, 0 errors
compiling stm32f4xx_hal_gpio.c...
..\..\Drivers\CMSIS\Device\ST\STM32F4xx\Include\stm32f407xx.h(52): warning:  #47-D: incompatible redefinition of macro "__FPU_PRESENT" 
  #define __FPU_PRESENT             1U       /*!< FPU present                                   */
..\..\Drivers\CMSIS\Include\core_cm4.h(80): warning:  #47-D: incompatible redefinition of macro "__FPU_USED" 
        #define __FPU_USED       1U
..\..\Drivers\STM32F4xx_HAL_Driver\Src\stm32f4xx_hal_gpio.c: 2 warnings, 0 errors
compiling stm32f4xx_hal_iwdg.c...
..\..\Drivers\CMSIS\Device\ST\STM32F4xx\Include\stm32f407xx.h(52): warning:  #47-D: incompatible redefinition of macro "__FPU_PRESENT" 
  #define __FPU_PRESENT             1U       /*!< FPU present                                   */
..\..\Drivers\CMSIS\Include\core_cm4.h(80): warning:  #47-D: incompatible redefinition of macro "__FPU_USED" 
        #define __FPU_USED       1U
..\..\Drivers\STM32F4xx_HAL_Driver\Src\stm32f4xx_hal_iwdg.c: 2 warnings, 0 errors
compiling stm32f4xx_hal_i2s_ex.c...
..\..\Drivers\CMSIS\Device\ST\STM32F4xx\Include\stm32f407xx.h(52): warning:  #47-D: incompatible redefinition of macro "__FPU_PRESENT" 
  #define __FPU_PRESENT             1U       /*!< FPU present                                   */
..\..\Drivers\CMSIS\Include\core_cm4.h(80): warning:  #47-D: incompatible redefinition of macro "__FPU_USED" 
        #define __FPU_USED       1U
..\..\Drivers\STM32F4xx_HAL_Driver\Src\stm32f4xx_hal_i2s_ex.c: 2 warnings, 0 errors
compiling stm32f4xx_hal_i2c.c...
..\..\Drivers\CMSIS\Device\ST\STM32F4xx\Include\stm32f407xx.h(52): warning:  #47-D: incompatible redefinition of macro "__FPU_PRESENT" 
  #define __FPU_PRESENT             1U       /*!< FPU present                                   */
..\..\Drivers\CMSIS\Include\core_cm4.h(80): warning:  #47-D: incompatible redefinition of macro "__FPU_USED" 
        #define __FPU_USED       1U
..\..\Drivers\STM32F4xx_HAL_Driver\Src\stm32f4xx_hal_i2c.c: 2 warnings, 0 errors
compiling stm32f4xx_hal_pwr.c...
..\..\Drivers\CMSIS\Device\ST\STM32F4xx\Include\stm32f407xx.h(52): warning:  #47-D: incompatible redefinition of macro "__FPU_PRESENT" 
  #define __FPU_PRESENT             1U       /*!< FPU present                                   */
..\..\Drivers\CMSIS\Include\core_cm4.h(80): warning:  #47-D: incompatible redefinition of macro "__FPU_USED" 
        #define __FPU_USED       1U
..\..\Drivers\STM32F4xx_HAL_Driver\Src\stm32f4xx_hal_pwr.c: 2 warnings, 0 errors
compiling stm32f4xx_hal_rtc.c...
..\..\Drivers\CMSIS\Device\ST\STM32F4xx\Include\stm32f407xx.h(52): warning:  #47-D: incompatible redefinition of macro "__FPU_PRESENT" 
  #define __FPU_PRESENT             1U       /*!< FPU present                                   */
..\..\Drivers\CMSIS\Include\core_cm4.h(80): warning:  #47-D: incompatible redefinition of macro "__FPU_USED" 
        #define __FPU_USED       1U
..\..\Drivers\STM32F4xx_HAL_Driver\Src\stm32f4xx_hal_rtc.c: 2 warnings, 0 errors
compiling stm32f4xx_hal_rng.c...
..\..\Drivers\CMSIS\Device\ST\STM32F4xx\Include\stm32f407xx.h(52): warning:  #47-D: incompatible redefinition of macro "__FPU_PRESENT" 
  #define __FPU_PRESENT             1U       /*!< FPU present                                   */
..\..\Drivers\CMSIS\Include\core_cm4.h(80): warning:  #47-D: incompatible redefinition of macro "__FPU_USED" 
        #define __FPU_USED       1U
..\..\Drivers\STM32F4xx_HAL_Driver\Src\stm32f4xx_hal_rng.c: 2 warnings, 0 errors
compiling stm32f4xx_hal_rcc_ex.c...
..\..\Drivers\CMSIS\Device\ST\STM32F4xx\Include\stm32f407xx.h(52): warning:  #47-D: incompatible redefinition of macro "__FPU_PRESENT" 
  #define __FPU_PRESENT             1U       /*!< FPU present                                   */
..\..\Drivers\CMSIS\Include\core_cm4.h(80): warning:  #47-D: incompatible redefinition of macro "__FPU_USED" 
        #define __FPU_USED       1U
..\..\Drivers\STM32F4xx_HAL_Driver\Src\stm32f4xx_hal_rcc_ex.c: 2 warnings, 0 errors
compiling stm32f4xx_hal_rtc_ex.c...
..\..\Drivers\CMSIS\Device\ST\STM32F4xx\Include\stm32f407xx.h(52): warning:  #47-D: incompatible redefinition of macro "__FPU_PRESENT" 
  #define __FPU_PRESENT             1U       /*!< FPU present                                   */
..\..\Drivers\CMSIS\Include\core_cm4.h(80): warning:  #47-D: incompatible redefinition of macro "__FPU_USED" 
        #define __FPU_USED       1U
..\..\Drivers\STM32F4xx_HAL_Driver\Src\stm32f4xx_hal_rtc_ex.c: 2 warnings, 0 errors
compiling stm32f4xx_hal_wwdg.c...
..\..\Drivers\CMSIS\Device\ST\STM32F4xx\Include\stm32f407xx.h(52): warning:  #47-D: incompatible redefinition of macro "__FPU_PRESENT" 
  #define __FPU_PRESENT             1U       /*!< FPU present                                   */
..\..\Drivers\CMSIS\Include\core_cm4.h(80): warning:  #47-D: incompatible redefinition of macro "__FPU_USED" 
        #define __FPU_USED       1U
..\..\Drivers\STM32F4xx_HAL_Driver\Src\stm32f4xx_hal_wwdg.c: 2 warnings, 0 errors
compiling stm32f4xx_hal_qspi.c...
..\..\Drivers\CMSIS\Device\ST\STM32F4xx\Include\stm32f407xx.h(52): warning:  #47-D: incompatible redefinition of macro "__FPU_PRESENT" 
  #define __FPU_PRESENT             1U       /*!< FPU present                                   */
..\..\Drivers\CMSIS\Include\core_cm4.h(80): warning:  #47-D: incompatible redefinition of macro "__FPU_USED" 
        #define __FPU_USED       1U
..\..\Drivers\STM32F4xx_HAL_Driver\Src\stm32f4xx_hal_qspi.c: 2 warnings, 0 errors
compiling stm32f4xx_hal_pwr_ex.c...
..\..\Drivers\CMSIS\Device\ST\STM32F4xx\Include\stm32f407xx.h(52): warning:  #47-D: incompatible redefinition of macro "__FPU_PRESENT" 
  #define __FPU_PRESENT             1U       /*!< FPU present                                   */
..\..\Drivers\CMSIS\Include\core_cm4.h(80): warning:  #47-D: incompatible redefinition of macro "__FPU_USED" 
        #define __FPU_USED       1U
..\..\Drivers\STM32F4xx_HAL_Driver\Src\stm32f4xx_hal_pwr_ex.c: 2 warnings, 0 errors
compiling stm32f4xx_hal_msp_template.c...
..\..\Drivers\CMSIS\Device\ST\STM32F4xx\Include\stm32f407xx.h(52): warning:  #47-D: incompatible redefinition of macro "__FPU_PRESENT" 
  #define __FPU_PRESENT             1U       /*!< FPU present                                   */
..\..\Drivers\CMSIS\Include\core_cm4.h(80): warning:  #47-D: incompatible redefinition of macro "__FPU_USED" 
        #define __FPU_USED       1U
..\..\Drivers\STM32F4xx_HAL_Driver\Src\stm32f4xx_hal_msp_template.c: 2 warnings, 0 errors
compiling stm32f4xx_hal_usart.c...
..\..\Drivers\CMSIS\Device\ST\STM32F4xx\Include\stm32f407xx.h(52): warning:  #47-D: incompatible redefinition of macro "__FPU_PRESENT" 
  #define __FPU_PRESENT             1U       /*!< FPU present                                   */
..\..\Drivers\CMSIS\Include\core_cm4.h(80): warning:  #47-D: incompatible redefinition of macro "__FPU_USED" 
        #define __FPU_USED       1U
..\..\Drivers\STM32F4xx_HAL_Driver\Src\stm32f4xx_hal_usart.c: 2 warnings, 0 errors
compiling stm32f4xx_hal_sram.c...
..\..\Drivers\CMSIS\Device\ST\STM32F4xx\Include\stm32f407xx.h(52): warning:  #47-D: incompatible redefinition of macro "__FPU_PRESENT" 
  #define __FPU_PRESENT             1U       /*!< FPU present                                   */
..\..\Drivers\CMSIS\Include\core_cm4.h(80): warning:  #47-D: incompatible redefinition of macro "__FPU_USED" 
        #define __FPU_USED       1U
..\..\Drivers\STM32F4xx_HAL_Driver\Src\stm32f4xx_hal_sram.c: 2 warnings, 0 errors
compiling stm32f4xx_hal_uart.c...
..\..\Drivers\CMSIS\Device\ST\STM32F4xx\Include\stm32f407xx.h(52): warning:  #47-D: incompatible redefinition of macro "__FPU_PRESENT" 
  #define __FPU_PRESENT             1U       /*!< FPU present                                   */
..\..\Drivers\CMSIS\Include\core_cm4.h(80): warning:  #47-D: incompatible redefinition of macro "__FPU_USED" 
        #define __FPU_USED       1U
..\..\Drivers\STM32F4xx_HAL_Driver\Src\stm32f4xx_hal_uart.c: 2 warnings, 0 errors
compiling stm32f4xx_hal_rcc.c...
..\..\Drivers\CMSIS\Device\ST\STM32F4xx\Include\stm32f407xx.h(52): warning:  #47-D: incompatible redefinition of macro "__FPU_PRESENT" 
  #define __FPU_PRESENT             1U       /*!< FPU present                                   */
..\..\Drivers\CMSIS\Include\core_cm4.h(80): warning:  #47-D: incompatible redefinition of macro "__FPU_USED" 
        #define __FPU_USED       1U
..\..\Drivers\STM32F4xx_HAL_Driver\Src\stm32f4xx_hal_rcc.c: 2 warnings, 0 errors
compiling stm32f4xx_ll_fsmc.c...
..\..\Drivers\CMSIS\Device\ST\STM32F4xx\Include\stm32f407xx.h(52): warning:  #47-D: incompatible redefinition of macro "__FPU_PRESENT" 
  #define __FPU_PRESENT             1U       /*!< FPU present                                   */
..\..\Drivers\CMSIS\Include\core_cm4.h(80): warning:  #47-D: incompatible redefinition of macro "__FPU_USED" 
        #define __FPU_USED       1U
..\..\Drivers\STM32F4xx_HAL_Driver\Src\stm32f4xx_ll_fsmc.c: 2 warnings, 0 errors
compiling stm32f4xx_hal_tim_ex.c...
..\..\Drivers\CMSIS\Device\ST\STM32F4xx\Include\stm32f407xx.h(52): warning:  #47-D: incompatible redefinition of macro "__FPU_PRESENT" 
  #define __FPU_PRESENT             1U       /*!< FPU present                                   */
..\..\Drivers\CMSIS\Include\core_cm4.h(80): warning:  #47-D: incompatible redefinition of macro "__FPU_USED" 
        #define __FPU_USED       1U
..\..\Drivers\STM32F4xx_HAL_Driver\Src\stm32f4xx_hal_tim_ex.c: 2 warnings, 0 errors
compiling stm32f4xx_hal_tim.c...
..\..\Drivers\CMSIS\Device\ST\STM32F4xx\Include\stm32f407xx.h(52): warning:  #47-D: incompatible redefinition of macro "__FPU_PRESENT" 
  #define __FPU_PRESENT             1U       /*!< FPU present                                   */
..\..\Drivers\CMSIS\Include\core_cm4.h(80): warning:  #47-D: incompatible redefinition of macro "__FPU_USED" 
        #define __FPU_USED       1U
..\..\Drivers\STM32F4xx_HAL_Driver\Src\stm32f4xx_hal_tim.c: 2 warnings, 0 errors
linking...
Program Size: Code=36860 RO-data=4364 RW-data=256 ZI-data=7760  
FromELF: creating hex file...
"..\..\Output\atk_f407.axf" - 0 Error(s), 208 Warning(s).

<h2>Software Packages used:</h2>

Package Vendor: Keil
                https://www.keil.com/pack/Keil.STM32F4xx_DFP.2.17.1.pack
                Keil.STM32F4xx_DFP.2.17.1
                STMicroelectronics STM32F4 Series Device Support, Drivers and Examples

<h2>Collection of Component include folders:</h2>
  C:/Users/fu/AppData/Local/Arm/Packs/Keil/STM32F4xx_DFP/2.17.1/Drivers/CMSIS/Device/ST/STM32F4xx/Include

<h2>Collection of Component Files used:</h2>
Build Time Elapsed:  00:00:29
</pre>
</body>
</html>
