<html>
<body>
<pre>
<h1>礦ision Build Log</h1>
<h2>Tool Versions:</h2>
IDE-Version: μVision V5.38.0.0
Copyright (C) 2022 ARM Ltd and ARM Germany GmbH. All rights reserved.
License Information: rehand fu@reha, HP Inc., LIC=65ISZ-JPW1A-63SMB-2C18Y-RU7XC-7M4J7
 
Tool Versions:
Toolchain:       MDK-ARM Plus  Version: 5.38.0.0
Toolchain Path:  D:\Keil_v5\ARM\ARMCC\Bin
C Compiler:      Armcc.exe V5.06 update 7 (build 960)
Assembler:       Armasm.exe V5.06 update 7 (build 960)
Linker/Locator:  ArmLink.exe V5.06 update 7 (build 960)
Library Manager: ArmAr.exe V5.06 update 7 (build 960)
Hex Converter:   FromElf.exe V5.06 update 7 (build 960)
CPU DLL:         SARMCM3.DLL V5.38.0.0
Dialog DLL:      DCM.DLL V1.17.5.0
Target DLL:      STLink\ST-LINKIII-KEIL_SWO.dll V3.1.0.0
Dialog DLL:      TCM.DLL V1.56.4.0
 
<h2>Project:</h2>
c:\Users\fu\Desktop\Code\Wheelchair_phase2_project\展示样机升级\R9_407F_num_2\Projects\MDK-ARM\R9_NUM2.uvprojx
Project File Date:  02/10/2025

<h2>Output:</h2>
*** Using Compiler 'V5.06 update 7 (build 960)', folder: 'D:\Keil_v5\ARM\ARMCC\Bin'
Build target 'R9_407F_num2'
compiling getadcdata.c...
..\..\Drivers\CMSIS\Device\ST\STM32F4xx\Include\stm32f407xx.h(52): warning:  #47-D: incompatible redefinition of macro "__FPU_PRESENT" 
  #define __FPU_PRESENT             1U       /*!< FPU present                                   */
..\..\Drivers\CMSIS\Include\core_cm4.h(80): warning:  #47-D: incompatible redefinition of macro "__FPU_USED" 
        #define __FPU_USED       1U
..\..\Drivers\BSP\R9\getadcdata.c(136): warning:  #1035-D: single-precision operand implicitly converted to double-precision
  				if (Batcacu_V >=26.0)
..\..\Drivers\BSP\R9\getadcdata.c(140): warning:  #1035-D: single-precision operand implicitly converted to double-precision
  				else if (Batcacu_V >25.4 && Batcacu_V<26.2)
..\..\Drivers\BSP\R9\getadcdata.c(140): warning:  #1035-D: single-precision operand implicitly converted to double-precision
  				else if (Batcacu_V >25.4 && Batcacu_V<26.2)
..\..\Drivers\BSP\R9\getadcdata.c(145): warning:  #1035-D: single-precision operand implicitly converted to double-precision
  				else if(Batcacu_V >=23 && Batcacu_V<=25.4)
..\..\Drivers\BSP\R9\getadcdata.c(148): warning:  #1035-D: single-precision operand implicitly converted to double-precision
  					g_slaveReg[1] = roundToNDecimalPlaces(0.2917*Batcacu_V-6.558,2)*100.0;
..\..\Drivers\BSP\R9\getadcdata.c: 7 warnings, 0 errors
compiling adc.c...
..\..\Drivers\CMSIS\Device\ST\STM32F4xx\Include\stm32f407xx.h(52): warning:  #47-D: incompatible redefinition of macro "__FPU_PRESENT" 
  #define __FPU_PRESENT             1U       /*!< FPU present                                   */
..\..\Drivers\CMSIS\Include\core_cm4.h(80): warning:  #47-D: incompatible redefinition of macro "__FPU_USED" 
        #define __FPU_USED       1U
..\..\Drivers\BSP\ADC\adc.c: 2 warnings, 0 errors
compiling main.c...
..\..\Drivers\CMSIS\Device\ST\STM32F4xx\Include\stm32f407xx.h(52): warning:  #47-D: incompatible redefinition of macro "__FPU_PRESENT" 
  #define __FPU_PRESENT             1U       /*!< FPU present                                   */
..\..\Drivers\CMSIS\Include\core_cm4.h(80): warning:  #47-D: incompatible redefinition of macro "__FPU_USED" 
        #define __FPU_USED       1U
..\..\User\main.c: 2 warnings, 0 errors
compiling API_Schedule.c...
..\..\Drivers\CMSIS\Device\ST\STM32F4xx\Include\stm32f407xx.h(52): warning:  #47-D: incompatible redefinition of macro "__FPU_PRESENT" 
  #define __FPU_PRESENT             1U       /*!< FPU present                                   */
..\..\Drivers\CMSIS\Include\core_cm4.h(80): warning:  #47-D: incompatible redefinition of macro "__FPU_USED" 
        #define __FPU_USED       1U
..\..\Drivers\BSP\API_Schedule.c: 2 warnings, 0 errors
compiling WheelSpeedMap.c...
..\..\Drivers\CMSIS\Device\ST\STM32F4xx\Include\stm32f407xx.h(52): warning:  #47-D: incompatible redefinition of macro "__FPU_PRESENT" 
  #define __FPU_PRESENT             1U       /*!< FPU present                                   */
..\..\Drivers\CMSIS\Include\core_cm4.h(80): warning:  #47-D: incompatible redefinition of macro "__FPU_USED" 
        #define __FPU_USED       1U
..\..\Drivers\BSP\R9\WheelSpeedMap.c(147): warning:  #1035-D: single-precision operand implicitly converted to double-precision
  		set_forwardActmax =velPlanIn.set_forwardAct/JOYSTIC_R *velPlanIn.adcy;
..\..\Drivers\BSP\R9\WheelSpeedMap.c(152): warning:  #1035-D: single-precision operand implicitly converted to double-precision
  		set_reverseActmax =velPlanIn.set_reverseAct/JOYSTIC_R *abs(velPlanIn.adcy);
..\..\Drivers\BSP\R9\WheelSpeedMap.c(152): warning:  #223-D: function "abs" declared implicitly
  		set_reverseActmax =velPlanIn.set_reverseAct/JOYSTIC_R *abs(velPlanIn.adcy);
..\..\Drivers\BSP\R9\WheelSpeedMap.c(155): warning:  #1035-D: single-precision operand implicitly converted to double-precision
  	set_turn_handlmax =0.7*velPlanIn.set_turnAct/JOYSTIC_R *abs(velPlanIn.adcx) ;
..\..\Drivers\BSP\R9\WheelSpeedMap.c(155): warning:  #223-D: function "abs" declared implicitly
  	set_turn_handlmax =0.7*velPlanIn.set_turnAct/JOYSTIC_R *abs(velPlanIn.adcx) ;
..\..\Drivers\BSP\R9\WheelSpeedMap.c(280): warning:  #1035-D: single-precision operand implicitly converted to double-precision
  		if ((chairkinematicspra.y_o>50.8 && chairkinematicspra.y_o<152.4) ||
..\..\Drivers\BSP\R9\WheelSpeedMap.c(280): warning:  #1035-D: single-precision operand implicitly converted to double-precision
  		if ((chairkinematicspra.y_o>50.8 && chairkinematicspra.y_o<152.4) ||
..\..\Drivers\BSP\R9\WheelSpeedMap.c(288): warning:  #1035-D: single-precision operand implicitly converted to double-precision
  		if (chairkinematicspra.y_o>152.4 ||
..\..\Drivers\BSP\R9\WheelSpeedMap.c(291): warning:  #1035-D: single-precision operand implicitly converted to double-precision
  		(chairkinematicspra.y_o>50.8 && fabs(chairkinematicspra.theta_x2X)>6.0 && fabs(chairkinematicspra.theta_x2X)<10.0)
..\..\Drivers\BSP\R9\WheelSpeedMap.c(26): warning:  #177-D: variable "pitch"  was declared but never referenced
  static float pitch,roll,yaw;
..\..\Drivers\BSP\R9\WheelSpeedMap.c(26): warning:  #177-D: variable "roll"  was declared but never referenced
  static float pitch,roll,yaw;
..\..\Drivers\BSP\R9\WheelSpeedMap.c(26): warning:  #177-D: variable "yaw"  was declared but never referenced
  static float pitch,roll,yaw;
..\..\Drivers\BSP\R9\WheelSpeedMap.c: 14 warnings, 0 errors
compiling task.c...
..\..\Drivers\CMSIS\Device\ST\STM32F4xx\Include\stm32f407xx.h(52): warning:  #47-D: incompatible redefinition of macro "__FPU_PRESENT" 
  #define __FPU_PRESENT             1U       /*!< FPU present                                   */
..\..\Drivers\CMSIS\Include\core_cm4.h(80): warning:  #47-D: incompatible redefinition of macro "__FPU_USED" 
        #define __FPU_USED       1U
..\..\Drivers\BSP\task.c(209): warning:  #1-D: last line of file ends without a newline
  }
..\..\Drivers\BSP\task.c: 3 warnings, 0 errors
compiling btim.c...
..\..\Drivers\CMSIS\Device\ST\STM32F4xx\Include\stm32f407xx.h(52): warning:  #47-D: incompatible redefinition of macro "__FPU_PRESENT" 
  #define __FPU_PRESENT             1U       /*!< FPU present                                   */
..\..\Drivers\CMSIS\Include\core_cm4.h(80): warning:  #47-D: incompatible redefinition of macro "__FPU_USED" 
        #define __FPU_USED       1U
..\..\Drivers\BSP\TIMER\btim.c(160): warning:  #1035-D: single-precision operand implicitly converted to double-precision
  			gl_motor_data.volatage_Ra =gl_motor_data.current * MOTER_RA;
..\..\Drivers\BSP\TIMER\btim.c(161): warning:  #1035-D: single-precision operand implicitly converted to double-precision
  			gl_motor_data.speed = (gl_motor_data.volatage - gl_motor_data.volatage_Ra)/MOTER_CE;
..\..\Drivers\BSP\TIMER\btim.c(199): warning:  #1035-D: single-precision operand implicitly converted to double-precision
  			gr_motor_data.volatage_Ra = gr_motor_data.current * MOTER_RA;
..\..\Drivers\BSP\TIMER\btim.c(201): warning:  #1035-D: single-precision operand implicitly converted to double-precision
  			gr_motor_data.speed = (gr_motor_data.volatage - gr_motor_data.volatage_Ra)/MOTER_CE;
..\..\Drivers\BSP\TIMER\btim.c(127): warning:  #177-D: variable "templI"  was declared but never referenced
  			float templI;
..\..\Drivers\BSP\TIMER\btim.c(128): warning:  #177-D: variable "temprv"  was declared but never referenced
  			float temprv;
..\..\Drivers\BSP\TIMER\btim.c(129): warning:  #177-D: variable "temprI"  was declared but never referenced
  			float temprI;
..\..\Drivers\BSP\TIMER\btim.c(340): warning:  #1035-D: single-precision operand implicitly converted to double-precision
  	float V_eff_desired = speed*MOTER_CE ;
..\..\Drivers\BSP\TIMER\btim.c(344): warning:  #1035-D: single-precision operand implicitly converted to double-precision
  		V_eff_clamped= min_float(V_eff_desired, V_eff_max)+0.5;
..\..\Drivers\BSP\TIMER\btim.c(356): warning:  #1035-D: single-precision operand implicitly converted to double-precision
  		V_eff_clamped= max_float(V_eff_desired, V_eff_max)-0.5;	
..\..\Drivers\BSP\TIMER\btim.c(376): warning:  #1035-D: single-precision operand implicitly converted to double-precision
  	V_applied_target = Value_limitf(-irc->V_battery*0.5, V_applied_target, irc->V_battery*0.5);
..\..\Drivers\BSP\TIMER\btim.c(376): warning:  #1035-D: single-precision operand implicitly converted to double-precision
  	V_applied_target = Value_limitf(-irc->V_battery*0.5, V_applied_target, irc->V_battery*0.5);
..\..\Drivers\BSP\TIMER\btim.c: 14 warnings, 0 errors
linking...
Program Size: Code=36356 RO-data=4364 RW-data=328 ZI-data=5256  
FromELF: creating hex file...
"..\..\Output\atk_f407.axf" - 0 Error(s), 44 Warning(s).

<h2>Software Packages used:</h2>

Package Vendor: Keil
                https://www.keil.com/pack/Keil.STM32F4xx_DFP.2.17.1.pack
                Keil.STM32F4xx_DFP.2.17.1
                STMicroelectronics STM32F4 Series Device Support, Drivers and Examples

<h2>Collection of Component include folders:</h2>
  C:/Users/fu/AppData/Local/Arm/Packs/Keil/STM32F4xx_DFP/2.17.1/Drivers/CMSIS/Device/ST/STM32F4xx/Include

<h2>Collection of Component Files used:</h2>
Build Time Elapsed:  00:00:04
</pre>
</body>
</html>
