Component: ARM Compiler 5.06 update 7 (build 960) Tool: armlink [4d3601]

==============================================================================

Section Cross References

    startup_stm32f407xx.o(RESET) refers to startup_stm32f407xx.o(STACK) for __initial_sp
    startup_stm32f407xx.o(RESET) refers to startup_stm32f407xx.o(.text) for Reset_Handler
    startup_stm32f407xx.o(RESET) refers to stm32f4xx_it.o(i.NMI_Handler) for NMI_Handler
    startup_stm32f407xx.o(RESET) refers to stm32f4xx_it.o(i.HardFault_Handler) for HardFault_Handler
    startup_stm32f407xx.o(RESET) refers to stm32f4xx_it.o(i.MemManage_Handler) for MemManage_Handler
    startup_stm32f407xx.o(RESET) refers to stm32f4xx_it.o(i.BusFault_Handler) for BusFault_Handler
    startup_stm32f407xx.o(RESET) refers to stm32f4xx_it.o(i.UsageFault_Handler) for UsageFault_Handler
    startup_stm32f407xx.o(RESET) refers to stm32f4xx_it.o(i.SVC_Handler) for SVC_Handler
    startup_stm32f407xx.o(RESET) refers to stm32f4xx_it.o(i.DebugMon_Handler) for DebugMon_Handler
    startup_stm32f407xx.o(RESET) refers to stm32f4xx_it.o(i.PendSV_Handler) for PendSV_Handler
    startup_stm32f407xx.o(RESET) refers to stm32f4xx_it.o(i.SysTick_Handler) for SysTick_Handler
    startup_stm32f407xx.o(RESET) refers to usart.o(i.USART1_IRQHandler) for USART1_IRQHandler
    startup_stm32f407xx.o(RESET) refers to hostdap21.o(i.USART2_IRQHandler) for USART2_IRQHandler
    startup_stm32f407xx.o(RESET) refers to btim.o(i.TIM6_DAC_IRQHandler) for TIM6_DAC_IRQHandler
    startup_stm32f407xx.o(RESET) refers to adc.o(i.DMA2_Stream1_IRQHandler) for DMA2_Stream1_IRQHandler
    startup_stm32f407xx.o(RESET) refers to adc.o(i.DMA2_Stream4_IRQHandler) for DMA2_Stream4_IRQHandler
    startup_stm32f407xx.o(RESET) refers to slavemodbus.o(i.USART6_IRQHandler) for USART6_IRQHandler
    startup_stm32f407xx.o(.text) refers to system_stm32f4xx.o(i.SystemInit) for SystemInit
    startup_stm32f407xx.o(.text) refers to entry.o(.ARM.Collect$$$$00000000) for __main
    main.o(i.main) refers to api_schedule.o(i.PeachOSRun) for PeachOSRun
    stm32f4xx_it.o(i.SysTick_Handler) refers to stm32f4xx_hal.o(i.HAL_IncTick) for HAL_IncTick
    system_stm32f4xx.o(i.SystemCoreClockUpdate) refers to system_stm32f4xx.o(.data) for .data
    system_stm32f4xx.o(i.SystemCoreClockUpdate) refers to system_stm32f4xx.o(.constdata) for .constdata
    delay.o(i.HAL_Delay) refers to delay.o(i.delay_ms) for delay_ms
    delay.o(i.delay_init) refers to delay.o(.data) for .data
    delay.o(i.delay_ms) refers to delay.o(i.delay_us) for delay_us
    delay.o(i.delay_us) refers to delay.o(.data) for .data
    sys.o(i.sys_stm32_clock_init) refers to memseta.o(.text) for __aeabi_memclr4
    sys.o(i.sys_stm32_clock_init) refers to stm32f4xx_hal_rcc.o(i.HAL_RCC_OscConfig) for HAL_RCC_OscConfig
    sys.o(i.sys_stm32_clock_init) refers to stm32f4xx_hal_rcc.o(i.HAL_RCC_ClockConfig) for HAL_RCC_ClockConfig
    sys.o(i.sys_stm32_clock_init) refers to stm32f4xx_hal.o(i.HAL_GetREVID) for HAL_GetREVID
    usart.o(i.HAL_UART_MspInit) refers to stm32f4xx_hal_gpio.o(i.HAL_GPIO_Init) for HAL_GPIO_Init
    usart.o(i.HAL_UART_MspInit) refers to stm32f4xx_hal_cortex.o(i.HAL_NVIC_EnableIRQ) for HAL_NVIC_EnableIRQ
    usart.o(i.HAL_UART_MspInit) refers to stm32f4xx_hal_cortex.o(i.HAL_NVIC_SetPriority) for HAL_NVIC_SetPriority
    usart.o(i.HAL_UART_RxCpltCallback) refers to stm32f4xx_hal_uart.o(i.HAL_UART_Receive_IT) for HAL_UART_Receive_IT
    usart.o(i.HAL_UART_RxCpltCallback) refers to usart.o(.data) for .data
    usart.o(i.HAL_UART_RxCpltCallback) refers to usart.o(.bss) for .bss
    usart.o(i.USART1_IRQHandler) refers to stm32f4xx_hal_uart.o(i.HAL_UART_IRQHandler) for HAL_UART_IRQHandler
    usart.o(i.USART1_IRQHandler) refers to usart.o(.bss) for .bss
    usart.o(i.usart_init) refers to stm32f4xx_hal_uart.o(i.HAL_UART_Init) for HAL_UART_Init
    usart.o(i.usart_init) refers to stm32f4xx_hal_uart.o(i.HAL_UART_Receive_IT) for HAL_UART_Receive_IT
    usart.o(i.usart_init) refers to usart.o(.bss) for .bss
    usart.o(i.usart_init) refers to usart.o(.data) for .data
    led.o(i.led_beepControlRK3588) refers to stm32f4xx_hal_gpio.o(i.HAL_GPIO_WritePin) for HAL_GPIO_WritePin
    led.o(i.led_beepControlRK3588) refers to stm32f4xx_hal_gpio.o(i.HAL_GPIO_ReadPin) for HAL_GPIO_ReadPin
    led.o(i.led_beepControlRK3588) refers to stm32f4xx_hal_gpio.o(i.HAL_GPIO_TogglePin) for HAL_GPIO_TogglePin
    led.o(i.led_beepControlRK3588) refers to delay.o(i.delay_ms) for delay_ms
    led.o(i.led_beepControlRK3588) refers to comheartbeat.o(.data) for comheartstate
    led.o(i.led_beepControlRK3588) refers to slavemodbus.o(.bss) for g_slaveReg
    led.o(i.led_beepControlRK3588) refers to led.o(.data) for .data
    led.o(i.led_init) refers to stm32f4xx_hal_gpio.o(i.HAL_GPIO_Init) for HAL_GPIO_Init
    led.o(i.led_init) refers to stm32f4xx_hal_gpio.o(i.HAL_GPIO_WritePin) for HAL_GPIO_WritePin
[...]
    __use_no_semihosting_swi                 0x00000000   Number         0  useno.o ABSOLUTE
    __use_no_signal_handling                 0x00000000   Number         0  useno.o ABSOLUTE
    _printf_a                                0x00000000   Number         0  stubs.o ABSOLUTE
    _printf_c                                0x00000000   Number         0  stubs.o ABSOLUTE
    _printf_charcount                        0x00000000   Number         0  stubs.o ABSOLUTE
    _printf_d                                0x00000000   Number         0  stubs.o ABSOLUTE
    _printf_e                                0x00000000   Number         0  stubs.o ABSOLUTE
    _printf_f                                0x00000000   Number         0  stubs.o ABSOLUTE
    _printf_flags                            0x00000000   Number         0  stubs.o ABSOLUTE
    _printf_fp_dec                           0x00000000   Number         0  stubs.o ABSOLUTE
    _printf_fp_hex                           0x00000000   Number         0  stubs.o ABSOLUTE
    _printf_g                                0x00000000   Number         0  stubs.o ABSOLUTE
    _printf_i                                0x00000000   Number         0  stubs.o ABSOLUTE
    _printf_int_dec                          0x00000000   Number         0  stubs.o ABSOLUTE
    _printf_l                                0x00000000   Number         0  stubs.o ABSOLUTE
    _printf_lc                               0x00000000   Number         0  stubs.o ABSOLUTE
    _printf_ll                               0x00000000   Number         0  stubs.o ABSOLUTE
    _printf_lld                              0x00000000   Number         0  stubs.o ABSOLUTE
    _printf_lli                              0x00000000   Number         0  stubs.o ABSOLUTE
    _printf_llo                              0x00000000   Number         0  stubs.o ABSOLUTE
    _printf_llu                              0x00000000   Number         0  stubs.o ABSOLUTE
    _printf_llx                              0x00000000   Number         0  stubs.o ABSOLUTE
    _printf_longlong_dec                     0x00000000   Number         0  stubs.o ABSOLUTE
    _printf_longlong_hex                     0x00000000   Number         0  stubs.o ABSOLUTE
    _printf_longlong_oct                     0x00000000   Number         0  stubs.o ABSOLUTE
    _printf_ls                               0x00000000   Number         0  stubs.o ABSOLUTE
    _printf_mbtowc                           0x00000000   Number         0  stubs.o ABSOLUTE
    _printf_n                                0x00000000   Number         0  stubs.o ABSOLUTE
    _printf_o                                0x00000000   Number         0  stubs.o ABSOLUTE
    _printf_p                                0x00000000   Number         0  stubs.o ABSOLUTE
    _printf_percent                          0x00000000   Number         0  stubs.o ABSOLUTE
    _printf_pre_padding                      0x00000000   Number         0  stubs.o ABSOLUTE
    _printf_return_value                     0x00000000   Number         0  stubs.o ABSOLUTE
    _printf_s                                0x00000000   Number         0  stubs.o ABSOLUTE
    _printf_sizespec                         0x00000000   Number         0  stubs.o ABSOLUTE
    _printf_str                              0x00000000   Number         0  stubs.o ABSOLUTE
    _printf_truncate_signed                  0x00000000   Number         0  stubs.o ABSOLUTE
    _printf_truncate_unsigned                0x00000000   Number         0  stubs.o ABSOLUTE
    _printf_u                                0x00000000   Number         0  stubs.o ABSOLUTE
    _printf_wc                               0x00000000   Number         0  stubs.o ABSOLUTE
    _printf_wctomb                           0x00000000   Number         0  stubs.o ABSOLUTE
    _printf_widthprec                        0x00000000   Number         0  stubs.o ABSOLUTE
    _printf_x                                0x00000000   Number         0  stubs.o ABSOLUTE
    __arm_fini_                               - Undefined Weak Reference
    __cpp_initialize__aeabi_                  - Undefined Weak Reference
    __cxa_finalize                            - Undefined Weak Reference
    _clock_init                               - Undefined Weak Reference
    _microlib_exit                            - Undefined Weak Reference
    __Vectors_Size                           0x00000188   Number         0  startup_stm32f407xx.o ABSOLUTE
    __Vectors                                0x08000000   Data           4  startup_stm32f407xx.o(RESET)
    __Vectors_End                            0x08000188   Data           0  startup_stm32f407xx.o(RESET)
    __main                                   0x08000189   Thumb Code     0  entry.o(.ARM.Collect$$$$00000000)
    _main_stk                                0x08000189   Thumb Code     0  entry2.o(.ARM.Collect$$$$00000001)
    _main_scatterload                        0x0800018d   Thumb Code     0  entry5.o(.ARM.Collect$$$$00000004)
    __main_after_scatterload                 0x08000191   Thumb Code     0  entry5.o(.ARM.Collect$$$$00000004)
    _main_clock                              0x08000191   Thumb Code     0  entry7b.o(.ARM.Collect$$$$00000008)
    _main_cpp_init                           0x08000191   Thumb Code     0  entry8b.o(.ARM.Collect$$$$0000000A)
    _main_init                               0x08000191   Thumb Code     0  entry9a.o(.ARM.Collect$$$$0000000B)
    __rt_lib_shutdown_fini                   0x08000199   Thumb Code     0  entry12b.o(.ARM.Collect$$$$0000000E)
    __rt_final_cpp                           0x0800019d   Thumb Code     0  entry10a.o(.ARM.Collect$$$$0000000F)
    __rt_final_exit                          0x0800019d   Thumb Code     0  entry11a.o(.ARM.Collect$$$$00000011)
    Reset_Handler                            0x080001a1   Thumb Code     8  startup_stm32f407xx.o(.text)
    ADC_IRQHandler                           0x080001bb   Thumb Code     0  startup_stm32f407xx.o(.text)
    CAN1_RX0_IRQHandler                      0x080001bb   Thumb Code     0  startup_stm32f407xx.o(.text)
    CAN1_RX1_IRQHandler                      0x080001bb   Thumb Code     0  startup_stm32f407xx.o(.text)
    CAN1_SCE_IRQHandler                      0x080001bb   Thumb Code     0  startup_stm32f407xx.o(.text)
    CAN1_TX_IRQHandler                       0x080001bb   Thumb Code     0  startup_stm32f407xx.o(.text)
    CAN2_RX0_IRQHandler                      0x080001bb   Thumb Code     0  startup_stm32f407xx.o(.text)
    CAN2_RX1_IRQHandler                      0x080001bb   Thumb Code     0  startup_stm32f407xx.o(.text)
    CAN2_SCE_IRQHandler                      0x080001bb   Thumb Code     0  startup_stm32f407xx.o(.text)
    CAN2_TX_IRQHandler                       0x080001bb   Thumb Code     0  startup_stm32f407xx.o(.text)
    DCMI_IRQHandler                          0x080001bb   Thumb Code     0  startup_stm32f407xx.o(.text)
    DMA1_Stream0_IRQHandler                  0x080001bb   Thumb Code     0  startup_stm32f407xx.o(.text)
    DMA1_Stream1_IRQHandler                  0x080001bb   Thumb Code     0  startup_stm32f407xx.o(.text)
    DMA1_Stream2_IRQHandler                  0x080001bb   Thumb Code     0  startup_stm32f407xx.o(.text)
    DMA1_Stream3_IRQHandler                  0x080001bb   Thumb Code     0  startup_stm32f407xx.o(.text)
    DMA1_Stream4_IRQHandler                  0x080001bb   Thumb Code     0  startup_stm32f407xx.o(.text)
    DMA1_Stream5_IRQHandler                  0x080001bb   Thumb Code     0  startup_stm32f407xx.o(.text)
    DMA1_Stream6_IRQHandler                  0x080001bb   Thumb Code     0  startup_stm32f407xx.o(.text)
    DMA1_Stream7_IRQHandler                  0x080001bb   Thumb Code     0  startup_stm32f407xx.o(.text)
    DMA2_Stream0_IRQHandler                  0x080001bb   Thumb Code     0  startup_stm32f407xx.o(.text)
    DMA2_Stream2_IRQHandler                  0x080001bb   Thumb Code     0  startup_stm32f407xx.o(.text)
    DMA2_Stream3_IRQHandler                  0x080001bb   Thumb Code     0  startup_stm32f407xx.o(.text)
    DMA2_Stream5_IRQHandler                  0x080001bb   Thumb Code     0  startup_stm32f407xx.o(.text)
    DMA2_Stream6_IRQHandler                  0x080001bb   Thumb Code     0  startup_stm32f407xx.o(.text)
    DMA2_Stream7_IRQHandler                  0x080001bb   Thumb Code     0  startup_stm32f407xx.o(.text)
    ETH_IRQHandler                           0x080001bb   Thumb Code     0  startup_stm32f407xx.o(.text)
    ETH_WKUP_IRQHandler                      0x080001bb   Thumb Code     0  startup_stm32f407xx.o(.text)
    EXTI0_IRQHandler                         0x080001bb   Thumb Code     0  startup_stm32f407xx.o(.text)
    EXTI15_10_IRQHandler                     0x080001bb   Thumb Code     0  startup_stm32f407xx.o(.text)
    EXTI1_IRQHandler                         0x080001bb   Thumb Code     0  startup_stm32f407xx.o(.text)
    EXTI2_IRQHandler                         0x080001bb   Thumb Code     0  startup_stm32f407xx.o(.text)
    EXTI3_IRQHandler                         0x080001bb   Thumb Code     0  startup_stm32f407xx.o(.text)
    EXTI4_IRQHandler                         0x080001bb   Thumb Code     0  startup_stm32f407xx.o(.text)
    EXTI9_5_IRQHandler                       0x080001bb   Thumb Code     0  startup_stm32f407xx.o(.text)
    FLASH_IRQHandler                         0x080001bb   Thumb Code     0  startup_stm32f407xx.o(.text)
    FMC_IRQHandler                           0x080001bb   Thumb Code     0  startup_stm32f407xx.o(.text)
    FPU_IRQHandler                           0x080001bb   Thumb Code     0  startup_stm32f407xx.o(.text)
    HASH_RNG_IRQHandler                      0x080001bb   Thumb Code     0  startup_stm32f407xx.o(.text)
    I2C1_ER_IRQHandler                       0x080001bb   Thumb Code     0  startup_stm32f407xx.o(.text)
    I2C1_EV_IRQHandler                       0x080001bb   Thumb Code     0  startup_stm32f407xx.o(.text)
    I2C2_ER_IRQHandler                       0x080001bb   Thumb Code     0  startup_stm32f407xx.o(.text)
    I2C2_EV_IRQHandler                       0x080001bb   Thumb Code     0  startup_stm32f407xx.o(.text)
    I2C3_ER_IRQHandler                       0x080001bb   Thumb Code     0  startup_stm32f407xx.o(.text)
    I2C3_EV_IRQHandler                       0x080001bb   Thumb Code     0  startup_stm32f407xx.o(.text)
    OTG_FS_IRQHandler                        0x080001bb   Thumb Code     0  startup_stm32f407xx.o(.text)
    OTG_FS_WKUP_IRQHandler                   0x080001bb   Thumb Code     0  startup_stm32f407xx.o(.text)
    OTG_HS_EP1_IN_IRQHandler                 0x080001bb   Thumb Code     0  startup_stm32f407xx.o(.text)
    OTG_HS_EP1_OUT_IRQHandler                0x080001bb   Thumb Code     0  startup_stm32f407xx.o(.text)
    OTG_HS_IRQHandler                        0x080001bb   Thumb Code     0  startup_stm32f407xx.o(.text)
    OTG_HS_WKUP_IRQHandler                   0x080001bb   Thumb Code     0  startup_stm32f407xx.o(.text)
    PVD_IRQHandler                           0x080001bb   Thumb Code     0  startup_stm32f407xx.o(.text)
    RCC_IRQHandler                           0x080001bb   Thumb Code     0  startup_stm32f407xx.o(.text)
    RTC_Alarm_IRQHandler                     0x080001bb   Thumb Code     0  startup_stm32f407xx.o(.text)
    RTC_WKUP_IRQHandler                      0x080001bb   Thumb Code     0  startup_stm32f407xx.o(.text)
    SDIO_IRQHandler                          0x080001bb   Thumb Code     0  startup_stm32f407xx.o(.text)
    SPI1_IRQHandler                          0x080001bb   Thumb Code     0  startup_stm32f407xx.o(.text)
    SPI2_IRQHandler                          0x080001bb   Thumb Code     0  startup_stm32f407xx.o(.text)
    SPI3_IRQHandler                          0x080001bb   Thumb Code     0  startup_stm32f407xx.o(.text)
    TAMP_STAMP_IRQHandler                    0x080001bb   Thumb Code     0  startup_stm32f407xx.o(.text)
    TIM1_BRK_TIM9_IRQHandler                 0x080001bb   Thumb Code     0  startup_stm32f407xx.o(.text)
    TIM1_CC_IRQHandler                       0x080001bb   Thumb Code     0  startup_stm32f407xx.o(.text)
    TIM1_TRG_COM_TIM11_IRQHandler            0x080001bb   Thumb Code     0  startup_stm32f407xx.o(.text)
    TIM1_UP_TIM10_IRQHandler                 0x080001bb   Thumb Code     0  startup_stm32f407xx.o(.text)
    TIM2_IRQHandler                          0x080001bb   Thumb Code     0  startup_stm32f407xx.o(.text)
    TIM3_IRQHandler                          0x080001bb   Thumb Code     0  startup_stm32f407xx.o(.text)
    TIM4_IRQHandler                          0x080001bb   Thumb Code     0  startup_stm32f407xx.o(.text)
    TIM5_IRQHandler                          0x080001bb   Thumb Code     0  startup_stm32f407xx.o(.text)
    TIM7_IRQHandler                          0x080001bb   Thumb Code     0  startup_stm32f407xx.o(.text)
    TIM8_BRK_TIM12_IRQHandler                0x080001bb   Thumb Code     0  startup_stm32f407xx.o(.text)
    TIM8_CC_IRQHandler                       0x080001bb   Thumb Code     0  startup_stm32f407xx.o(.text)
    TIM8_TRG_COM_TIM14_IRQHandler            0x080001bb   Thumb Code     0  startup_stm32f407xx.o(.text)
    TIM8_UP_TIM13_IRQHandler                 0x080001bb   Thumb Code     0  startup_stm32f407xx.o(.text)
    UART4_IRQHandler                         0x080001bb   Thumb Code     0  startup_stm32f407xx.o(.text)
    UART5_IRQHandler                         0x080001bb   Thumb Code     0  startup_stm32f407xx.o(.text)
    USART3_IRQHandler                        0x080001bb   Thumb Code     0  startup_stm32f407xx.o(.text)
    WWDG_IRQHandler                          0x080001bb   Thumb Code     0  startup_stm32f407xx.o(.text)
    arm_cos_f32                              0x080001c5   Thumb Code   108  arm_cos_f32.o(.text)
    arm_sin_f32                              0x0800023d   Thumb Code   130  arm_sin_f32.o(.text)
    arm_mat_mult_f32                         0x080002d1   Thumb Code   312  arm_mat_mult_f32.o(.text)
    __aeabi_uldivmod                         0x0800040d   Thumb Code    98  uldiv.o(.text)
    __aeabi_memcpy                           0x0800046f   Thumb Code    36  memcpya.o(.text)
    __aeabi_memcpy4                          0x0800046f   Thumb Code     0  memcpya.o(.text)
    __aeabi_memcpy8                          0x0800046f   Thumb Code     0  memcpya.o(.text)
    __aeabi_memset                           0x08000493   Thumb Code    14  memseta.o(.text)
    __aeabi_memset4                          0x08000493   Thumb Code     0  memseta.o(.text)
    __aeabi_memset8                          0x08000493   Thumb Code     0  memseta.o(.text)
    __aeabi_memclr                           0x080004a1   Thumb Code     4  memseta.o(.text)
    __aeabi_memclr4                          0x080004a1   Thumb Code     0  memseta.o(.text)
    __aeabi_memclr8                          0x080004a1   Thumb Code     0  memseta.o(.text)
    _memset$wrapper                          0x080004a5   Thumb Code    18  memseta.o(.text)
    __aeabi_dadd                             0x080004b7   Thumb Code   322  dadd.o(.text)
    __aeabi_dsub                             0x080005f9   Thumb Code     6  dadd.o(.text)
    __aeabi_drsub                            0x080005ff   Thumb Code     6  dadd.o(.text)
    __aeabi_dmul                             0x08000605   Thumb Code   228  dmul.o(.text)
    __aeabi_ddiv                             0x080006e9   Thumb Code   222  ddiv.o(.text)
    __aeabi_i2d                              0x080007c7   Thumb Code    34  dflti.o(.text)
    __aeabi_ui2d                             0x080007e9   Thumb Code    26  dfltui.o(.text)
    __aeabi_d2iz                             0x08000803   Thumb Code    62  dfixi.o(.text)
    __aeabi_d2uiz                            0x08000841   Thumb Code    50  dfixui.o(.text)
    __aeabi_f2d                              0x08000873   Thumb Code    38  f2d.o(.text)
    __aeabi_cdcmpeq                          0x08000899   Thumb Code     0  cdcmple.o(.text)
    __aeabi_cdcmple                          0x08000899   Thumb Code    48  cdcmple.o(.text)
    __aeabi_cdrcmple                         0x080008c9   Thumb Code    48  cdrcmple.o(.text)
    __aeabi_d2f                              0x080008f9   Thumb Code    56  d2f.o(.text)
    __aeabi_uidiv                            0x08000931   Thumb Code     0  uidiv.o(.text)
    __aeabi_uidivmod                         0x08000931   Thumb Code    44  uidiv.o(.text)
    __aeabi_llsl                             0x0800095d   Thumb Code    30  llshl.o(.text)
    _ll_shift_l                              0x0800095d   Thumb Code     0  llshl.o(.text)
    __aeabi_llsr                             0x0800097b   Thumb Code    32  llushr.o(.text)
    _ll_ushift_r                             0x0800097b   Thumb Code     0  llushr.o(.text)
    __aeabi_lasr                             0x0800099b   Thumb Code    36  llsshr.o(.text)
    _ll_sshift_r                             0x0800099b   Thumb Code     0  llsshr.o(.text)
    __I$use$fp                               0x080009bf   Thumb Code     0  iusefp.o(.text)
    _float_round                             0x080009bf   Thumb Code    18  fepilogue.o(.text)
    _float_epilogue                          0x080009d1   Thumb Code    92  fepilogue.o(.text)
    _double_round                            0x08000a2d   Thumb Code    30  depilogue.o(.text)
    _double_epilogue                         0x08000a4b   Thumb Code   156  depilogue.o(.text)
    __ARM_scalbn                             0x08000ae7   Thumb Code    46  dscalb.o(.text)
    scalbn                                   0x08000ae7   Thumb Code     0  dscalb.o(.text)
    _dsqrt                                   0x08000b15   Thumb Code   162  dsqrt.o(.text)
    _drnd                                    0x08000bb9   Thumb Code   132  drnd.o(.text)
    __aeabi_d2ulz                            0x08000c41   Thumb Code    48  dfixul.o(.text)
    __scatterload                            0x08000c71   Thumb Code    28  init.o(.text)
    __scatterload_rt2                        0x08000c71   Thumb Code     0  init.o(.text)
    __decompress                             0x08000c95   Thumb Code     0  __dczerorl2.o(.text)
    __decompress1                            0x08000c95   Thumb Code    86  __dczerorl2.o(.text)
    ApplyCurrentLimitedIRCompensation        0x08000ea9   Thumb Code   274  btim.o(i.ApplyCurrentLimitedIRCompensation)
    BusFault_Handler                         0x08000fd5   Thumb Code     2  stm32f4xx_it.o(i.BusFault_Handler)
    CanKeyreceive                            0x08000fd9   Thumb Code     8  can.o(i.CanKeyreceive)
    CanRead_KEY_excute                       0x08000fe5   Thumb Code     4  can.o(i.CanRead_KEY_excute)
    CanRead_joystic_excute                   0x08000fe9   Thumb Code     4  can.o(i.CanRead_joystic_excute)
    Can_joystic_receive                      0x08000fed   Thumb Code    50  can.o(i.Can_joystic_receive)
    ComheartDetect                           0x08001025   Thumb Code    48  comheartbeat.o(i.ComheartDetect)
    ComheartReset                            0x0800105d   Thumb Code    10  comheartbeat.o(i.ComheartReset)
    DMA2_Stream1_IRQHandler                  0x0800106d   Thumb Code    28  adc.o(i.DMA2_Stream1_IRQHandler)
    DMA2_Stream4_IRQHandler                  0x08001091   Thumb Code    28  adc.o(i.DMA2_Stream4_IRQHandler)
    DebugMon_Handler                         0x08001183   Thumb Code     2  stm32f4xx_it.o(i.DebugMon_Handler)
    HAL_ADC_ConfigChannel                    0x08001185   Thumb Code   326  stm32f4xx_hal_adc.o(i.HAL_ADC_ConfigChannel)
    HAL_ADC_ConvCpltCallback                 0x080012dd   Thumb Code     2  stm32f4xx_hal_adc.o(i.HAL_ADC_ConvCpltCallback)
    HAL_ADC_ConvHalfCpltCallback             0x080012df   Thumb Code     2  stm32f4xx_hal_adc.o(i.HAL_ADC_ConvHalfCpltCallback)
    HAL_ADC_ErrorCallback                    0x080012e1   Thumb Code     2  stm32f4xx_hal_adc.o(i.HAL_ADC_ErrorCallback)
    HAL_ADC_Init                             0x080012e3   Thumb Code    84  stm32f4xx_hal_adc.o(i.HAL_ADC_Init)
    HAL_ADC_MspInit                          0x08001337   Thumb Code     2  stm32f4xx_hal_adc.o(i.HAL_ADC_MspInit)
    HAL_ADC_Start_DMA                        0x08001339   Thumb Code   328  stm32f4xx_hal_adc.o(i.HAL_ADC_Start_DMA)
    HAL_CAN_ConfigFilter                     0x080014a5   Thumb Code   266  stm32f4xx_hal_can.o(i.HAL_CAN_ConfigFilter)
    HAL_CAN_GetRxFifoFillLevel               0x080015b5   Thumb Code    38  stm32f4xx_hal_can.o(i.HAL_CAN_GetRxFifoFillLevel)
    HAL_CAN_GetRxMessage                     0x080015db   Thumb Code   262  stm32f4xx_hal_can.o(i.HAL_CAN_GetRxMessage)
    HAL_CAN_Init                             0x080016e1   Thumb Code   338  stm32f4xx_hal_can.o(i.HAL_CAN_Init)
    HAL_CAN_MspInit                          0x08001835   Thumb Code   106  can.o(i.HAL_CAN_MspInit)
    HAL_CAN_Start                            0x080018ad   Thumb Code    88  stm32f4xx_hal_can.o(i.HAL_CAN_Start)
    HAL_DMA_Abort                            0x08001905   Thumb Code   142  stm32f4xx_hal_dma.o(i.HAL_DMA_Abort)
    HAL_DMA_Abort_IT                         0x08001993   Thumb Code    36  stm32f4xx_hal_dma.o(i.HAL_DMA_Abort_IT)
    HAL_DMA_Init                             0x080019b9   Thumb Code   208  stm32f4xx_hal_dma.o(i.HAL_DMA_Init)
    HAL_DMA_Start                            0x08001a8d   Thumb Code    70  stm32f4xx_hal_dma.o(i.HAL_DMA_Start)
    HAL_DMA_Start_IT                         0x08001ad3   Thumb Code   110  stm32f4xx_hal_dma.o(i.HAL_DMA_Start_IT)
    HAL_GPIO_Init                            0x08001b41   Thumb Code   418  stm32f4xx_hal_gpio.o(i.HAL_GPIO_Init)
    HAL_GPIO_ReadPin                         0x08001d11   Thumb Code    14  stm32f4xx_hal_gpio.o(i.HAL_GPIO_ReadPin)
    HAL_GPIO_TogglePin                       0x08001d1f   Thumb Code    16  stm32f4xx_hal_gpio.o(i.HAL_GPIO_TogglePin)
    HAL_GPIO_WritePin                        0x08001d2f   Thumb Code    14  stm32f4xx_hal_gpio.o(i.HAL_GPIO_WritePin)
    HAL_GetREVID                             0x08001d3d   Thumb Code     8  stm32f4xx_hal.o(i.HAL_GetREVID)
    HAL_GetTick                              0x08001d49   Thumb Code     6  stm32f4xx_hal.o(i.HAL_GetTick)
    HAL_IWDG_Init                            0x08001d55   Thumb Code    90  stm32f4xx_hal_iwdg.o(i.HAL_IWDG_Init)
    HAL_IWDG_Refresh                         0x08001daf   Thumb Code    12  stm32f4xx_hal_iwdg.o(i.HAL_IWDG_Refresh)
    HAL_IncTick                              0x08001dbd   Thumb Code    12  stm32f4xx_hal.o(i.HAL_IncTick)
    HAL_Init                                 0x08001dcd   Thumb Code    40  stm32f4xx_hal.o(i.HAL_Init)
    HAL_InitTick                             0x08001df9   Thumb Code    58  stm32f4xx_hal.o(i.HAL_InitTick)
    HAL_MspInit                              0x08001e3d   Thumb Code     2  stm32f4xx_hal_msp_template.o(i.HAL_MspInit)
    HAL_NVIC_EnableIRQ                       0x08001e3f   Thumb Code    26  stm32f4xx_hal_cortex.o(i.HAL_NVIC_EnableIRQ)
    HAL_NVIC_SetPriority                     0x08001e59   Thumb Code    60  stm32f4xx_hal_cortex.o(i.HAL_NVIC_SetPriority)
    HAL_NVIC_SetPriorityGrouping             0x08001e99   Thumb Code    26  stm32f4xx_hal_cortex.o(i.HAL_NVIC_SetPriorityGrouping)
    HAL_RCC_ClockConfig                      0x08001ebd   Thumb Code   310  stm32f4xx_hal_rcc.o(i.HAL_RCC_ClockConfig)
    HAL_RCC_GetHCLKFreq                      0x08002009   Thumb Code     6  stm32f4xx_hal_rcc.o(i.HAL_RCC_GetHCLKFreq)
    HAL_RCC_GetPCLK1Freq                     0x08002015   Thumb Code    22  stm32f4xx_hal_rcc.o(i.HAL_RCC_GetPCLK1Freq)
    HAL_RCC_GetPCLK2Freq                     0x08002035   Thumb Code    22  stm32f4xx_hal_rcc.o(i.HAL_RCC_GetPCLK2Freq)
    HAL_RCC_GetSysClockFreq                  0x08002055   Thumb Code    94  stm32f4xx_hal_rcc.o(i.HAL_RCC_GetSysClockFreq)
    HAL_RCC_OscConfig                        0x080020c1   Thumb Code   942  stm32f4xx_hal_rcc.o(i.HAL_RCC_OscConfig)
    HAL_SYSTICK_Config                       0x08002481   Thumb Code    40  stm32f4xx_hal_cortex.o(i.HAL_SYSTICK_Config)
    HAL_TIMEx_BreakCallback                  0x080024a9   Thumb Code     2  stm32f4xx_hal_tim_ex.o(i.HAL_TIMEx_BreakCallback)
    HAL_TIMEx_CommutCallback                 0x080024ab   Thumb Code     2  stm32f4xx_hal_tim_ex.o(i.HAL_TIMEx_CommutCallback)
    HAL_TIMEx_ConfigBreakDeadTime            0x080024ad   Thumb Code    84  stm32f4xx_hal_tim_ex.o(i.HAL_TIMEx_ConfigBreakDeadTime)
    HAL_TIMEx_PWMN_Start                     0x08002501   Thumb Code   182  stm32f4xx_hal_tim_ex.o(i.HAL_TIMEx_PWMN_Start)
    HAL_TIM_Base_Init                        0x080025d5   Thumb Code    74  stm32f4xx_hal_tim.o(i.HAL_TIM_Base_Init)
    HAL_TIM_Base_MspInit                     0x08002621   Thumb Code    50  btim.o(i.HAL_TIM_Base_MspInit)
    HAL_TIM_Base_Start_IT                    0x0800265d   Thumb Code   110  stm32f4xx_hal_tim.o(i.HAL_TIM_Base_Start_IT)
    HAL_TIM_IC_CaptureCallback               0x080026e9   Thumb Code     2  stm32f4xx_hal_tim.o(i.HAL_TIM_IC_CaptureCallback)
    HAL_TIM_IRQHandler                       0x080026eb   Thumb Code   366  stm32f4xx_hal_tim.o(i.HAL_TIM_IRQHandler)
    HAL_TIM_OC_DelayElapsedCallback          0x08002859   Thumb Code     2  stm32f4xx_hal_tim.o(i.HAL_TIM_OC_DelayElapsedCallback)
    HAL_TIM_PWM_ConfigChannel                0x0800285b   Thumb Code   210  stm32f4xx_hal_tim.o(i.HAL_TIM_PWM_ConfigChannel)
    HAL_TIM_PWM_Init                         0x0800292d   Thumb Code    74  stm32f4xx_hal_tim.o(i.HAL_TIM_PWM_Init)
    HAL_TIM_PWM_MspInit                      0x08002977   Thumb Code     2  stm32f4xx_hal_tim.o(i.HAL_TIM_PWM_MspInit)
    HAL_TIM_PWM_PulseFinishedCallback        0x08002979   Thumb Code     2  stm32f4xx_hal_tim.o(i.HAL_TIM_PWM_PulseFinishedCallback)
    HAL_TIM_PWM_Start                        0x0800297d   Thumb Code   190  stm32f4xx_hal_tim.o(i.HAL_TIM_PWM_Start)
    HAL_TIM_PeriodElapsedCallback            0x08002a59   Thumb Code  1178  btim.o(i.HAL_TIM_PeriodElapsedCallback)
    HAL_TIM_TriggerCallback                  0x08002ef3   Thumb Code     2  stm32f4xx_hal_tim.o(i.HAL_TIM_TriggerCallback)
    HAL_UARTEx_RxEventCallback               0x08002ef5   Thumb Code     2  stm32f4xx_hal_uart.o(i.HAL_UARTEx_RxEventCallback)
    HAL_UART_ErrorCallback                   0x08002ef7   Thumb Code     2  stm32f4xx_hal_uart.o(i.HAL_UART_ErrorCallback)
    HAL_UART_IRQHandler                      0x08002ef9   Thumb Code   458  stm32f4xx_hal_uart.o(i.HAL_UART_IRQHandler)
    HAL_UART_Init                            0x080030c9   Thumb Code   100  stm32f4xx_hal_uart.o(i.HAL_UART_Init)
    HAL_UART_MspInit                         0x0800312d   Thumb Code   128  usart.o(i.HAL_UART_MspInit)
    HAL_UART_Receive                         0x080031b9   Thumb Code   202  stm32f4xx_hal_uart.o(i.HAL_UART_Receive)
    HAL_UART_Receive_IT                      0x08003283   Thumb Code    46  stm32f4xx_hal_uart.o(i.HAL_UART_Receive_IT)
    HAL_UART_RxCpltCallback                  0x080032b1   Thumb Code    96  usart.o(i.HAL_UART_RxCpltCallback)
    HAL_UART_Transmit                        0x0800331d   Thumb Code   190  stm32f4xx_hal_uart.o(i.HAL_UART_Transmit)
    HAL_UART_TxCpltCallback                  0x080033db   Thumb Code     2  stm32f4xx_hal_uart.o(i.HAL_UART_TxCpltCallback)
    HOST_ModbusDap21RX                       0x080033dd   Thumb Code    76  hostdap21.o(i.HOST_ModbusDap21RX)
    HardFault_Handler                        0x0800342d   Thumb Code     2  stm32f4xx_it.o(i.HardFault_Handler)
    Hard_devInit                             0x08003431   Thumb Code   116  task.o(i.Hard_devInit)
    HostDap21_Func3                          0x080034c1   Thumb Code    76  hostdap21.o(i.HostDap21_Func3)
    HostDap21_Read03_slave                   0x08003511   Thumb Code    94  hostdap21.o(i.HostDap21_Read03_slave)
    Host_ModbusDap21UART2_init               0x08003579   Thumb Code   220  hostdap21.o(i.Host_ModbusDap21UART2_init)
    Host_ModbusDap21_CRC16                   0x08003669   Thumb Code    38  hostdap21.o(i.Host_ModbusDap21_CRC16)
    Host_ModbusDap21_Init                    0x08003695   Thumb Code    20  hostdap21.o(i.Host_ModbusDap21_Init)
    Host_ModbusDap21_send_data               0x080036ad   Thumb Code    50  hostdap21.o(i.Host_ModbusDap21_send_data)
    LeftMoterMove                            0x080036e9   Thumb Code   130  moterdriver.o(i.LeftMoterMove)
    LeftMoterStop                            0x08003785   Thumb Code     8  moterdriver.o(i.LeftMoterStop)
    MemManage_Handler                        0x0800378d   Thumb Code     2  stm32f4xx_it.o(i.MemManage_Handler)
    MoterL_pwm_chy_init                      0x08003791   Thumb Code   302  moterdriver.o(i.MoterL_pwm_chy_init)
    MoterR_pwm_chy_init                      0x080038d5   Thumb Code   300  moterdriver.o(i.MoterR_pwm_chy_init)
    MoterdriveInit                           0x08003a19   Thumb Code    22  moterdriver.o(i.MoterdriveInit)
    NMI_Handler                              0x08003a2f   Thumb Code     2  stm32f4xx_it.o(i.NMI_Handler)
    OS_IT_RUN                                0x08003a31   Thumb Code    64  api_schedule.o(i.OS_IT_RUN)
    PeachOSRun                               0x08003a75   Thumb Code    52  api_schedule.o(i.PeachOSRun)
    PendSV_Handler                           0x08003aad   Thumb Code     2  stm32f4xx_it.o(i.PendSV_Handler)
    RightMoterMove                           0x08003ab1   Thumb Code   130  moterdriver.o(i.RightMoterMove)
    RightMoterStop                           0x08003b4d   Thumb Code     8  moterdriver.o(i.RightMoterStop)
    SVC_Handler                              0x08003b55   Thumb Code     2  stm32f4xx_it.o(i.SVC_Handler)
    SlaveModbus_CRC16                        0x08003b59   Thumb Code    38  slavemodbus.o(i.SlaveModbus_CRC16)
    SlaveModbus_Event                        0x08003b85   Thumb Code   108  slavemodbus.o(i.SlaveModbus_Event)
    SlaveModbus_Func16                       0x08003bf5   Thumb Code   152  slavemodbus.o(i.SlaveModbus_Func16)
    SlaveModbus_Func3                        0x08003c95   Thumb Code   178  slavemodbus.o(i.SlaveModbus_Func3)
    SlaveModbus_Func6                        0x08003d55   Thumb Code   144  slavemodbus.o(i.SlaveModbus_Func6)
    SlaveModbus_Init                         0x08003ded   Thumb Code    24  slavemodbus.o(i.SlaveModbus_Init)
    SlaveModbus_send_data                    0x08003e09   Thumb Code    46  slavemodbus.o(i.SlaveModbus_send_data)
    SlavemodbusUART6_init                    0x08003e41   Thumb Code   218  slavemodbus.o(i.SlavemodbusUART6_init)
    SysTick_Handler                          0x08003f2d   Thumb Code     4  stm32f4xx_it.o(i.SysTick_Handler)
    SystemInit                               0x08003f31   Thumb Code    12  system_stm32f4xx.o(i.SystemInit)
    TIM6_DAC_IRQHandler                      0x08003f41   Thumb Code     6  btim.o(i.TIM6_DAC_IRQHandler)
    TIM_Base_SetConfig                       0x08003f4d   Thumb Code   160  stm32f4xx_hal_tim.o(i.TIM_Base_SetConfig)
    TIM_CCxChannelCmd                        0x08004019   Thumb Code    26  stm32f4xx_hal_tim.o(i.TIM_CCxChannelCmd)
    TIM_OC2_SetConfig                        0x080040b5   Thumb Code   106  stm32f4xx_hal_tim.o(i.TIM_OC2_SetConfig)
    Task_CanKeyRun                           0x080041ed   Thumb Code     4  task.o(i.Task_CanKeyRun)
    Task_Comsdetect                          0x080041f1   Thumb Code    30  task.o(i.Task_Comsdetect)
    Task_GetADC_AllData                      0x08004215   Thumb Code     4  task.o(i.Task_GetADC_AllData)
    Task_GetMlx90393                         0x08004219   Thumb Code     4  task.o(i.Task_GetMlx90393)
    Task_KineCacu                            0x0800421d   Thumb Code     4  task.o(i.Task_KineCacu)
    Task_ModbusSlaveExecute                  0x08004221   Thumb Code     4  task.o(i.Task_ModbusSlaveExecute)
    Task_R9DataScope                         0x08004225   Thumb Code   226  task.o(i.Task_R9DataScope)
    Task_Velocitymaping                      0x08004341   Thumb Code     4  task.o(i.Task_Velocitymaping)
    Task_ex_handl                            0x08004345   Thumb Code     2  task.o(i.Task_ex_handl)
    Task_led_control                         0x08004349   Thumb Code    18  task.o(i.Task_led_control)
    Task_ultrasonicreadExecute2              0x08004361   Thumb Code    38  task.o(i.Task_ultrasonicreadExecute2)
    UART_Start_Receive_IT                    0x080045ad   Thumb Code    54  stm32f4xx_hal_uart.o(i.UART_Start_Receive_IT)
    USART1_IRQHandler                        0x080046a5   Thumb Code     6  usart.o(i.USART1_IRQHandler)
    USART2_IRQHandler                        0x080046b1   Thumb Code    78  hostdap21.o(i.USART2_IRQHandler)
    USART6_IRQHandler                        0x08004705   Thumb Code    78  slavemodbus.o(i.USART6_IRQHandler)
    UpdateProtectionState                    0x08004759   Thumb Code   202  btim.o(i.UpdateProtectionState)
    UsageFault_Handler                       0x08004841   Thumb Code     2  stm32f4xx_it.o(i.UsageFault_Handler)
    Value_limit                              0x08004843   Thumb Code    20  common.o(i.Value_limit)
    Value_limitf                             0x08004857   Thumb Code    40  common.o(i.Value_limitf)
    VelocityLevelSet                         0x08004881   Thumb Code   650  wheelspeedmap.o(i.VelocityLevelSet)
    __0printf                                0x08004b41   Thumb Code    22  printfa.o(i.__0printf)
    __1printf                                0x08004b41   Thumb Code     0  printfa.o(i.__0printf)
    __2printf                                0x08004b41   Thumb Code     0  printfa.o(i.__0printf)
    __c89printf                              0x08004b41   Thumb Code     0  printfa.o(i.__0printf)
    printf                                   0x08004b41   Thumb Code     0  printfa.o(i.__0printf)
    __ARM_fpclassify                         0x08004b61   Thumb Code    48  fpclassify.o(i.__ARM_fpclassify)
    __hardfp_acos                            0x08004bc1   Thumb Code   738  acos.o(i.__hardfp_acos)
    __hardfp_fabs                            0x08004f19   Thumb Code    20  fabs.o(i.__hardfp_fabs)
    __hardfp_pow                             0x08004f31   Thumb Code  3072  pow.o(i.__hardfp_pow)
    __hardfp_round                           0x08005b81   Thumb Code   194  round.o(i.__hardfp_round)
    __hardfp_sin                             0x08005c61   Thumb Code   180  sin.o(i.__hardfp_sin)
    __hardfp_sqrt                            0x08005d29   Thumb Code   122  sqrt_full.o(i.__hardfp_sqrt)
    __ieee754_rem_pio2                       0x08005da9   Thumb Code   938  rred.o(i.__ieee754_rem_pio2)
    __kernel_cos                             0x080061e1   Thumb Code   322  cos_i.o(i.__kernel_cos)
    __kernel_poly                            0x08006351   Thumb Code   248  poly.o(i.__kernel_poly)
    __kernel_sin                             0x08006449   Thumb Code   280  sin_i.o(i.__kernel_sin)
    __mathlib_dbl_divzero                    0x08006579   Thumb Code    28  dunder.o(i.__mathlib_dbl_divzero)
    __mathlib_dbl_infnan                     0x080065a9   Thumb Code    20  dunder.o(i.__mathlib_dbl_infnan)
    __mathlib_dbl_infnan2                    0x080065bd   Thumb Code    20  dunder.o(i.__mathlib_dbl_infnan2)
    __mathlib_dbl_invalid                    0x080065d1   Thumb Code    24  dunder.o(i.__mathlib_dbl_invalid)
    __mathlib_dbl_overflow                   0x080065f1   Thumb Code    24  dunder.o(i.__mathlib_dbl_overflow)
    __mathlib_dbl_underflow                  0x08006611   Thumb Code    24  dunder.o(i.__mathlib_dbl_underflow)
    __scatterload_copy                       0x08006631   Thumb Code    14  handlers.o(i.__scatterload_copy)
    __scatterload_null                       0x0800663f   Thumb Code     2  handlers.o(i.__scatterload_null)
    __scatterload_zeroinit                   0x08006641   Thumb Code    14  handlers.o(i.__scatterload_zeroinit)
    __set_errno                              0x08006651   Thumb Code     6  errno.o(i.__set_errno)
    adc1_nch_dma_enable                      0x08006ee9   Thumb Code    64  adc.o(i.adc1_nch_dma_enable)
    adc1_nch_dma_gpio_init                   0x08006f31   Thumb Code   110  adc.o(i.adc1_nch_dma_gpio_init)
    adc1_nch_dma_init                        0x08006fb1   Thumb Code   338  adc.o(i.adc1_nch_dma_init)
    adc3_nch_dma_enable                      0x08007119   Thumb Code    64  adc.o(i.adc3_nch_dma_enable)
    adc3_nch_dma_gpio_init                   0x08007161   Thumb Code    78  adc.o(i.adc3_nch_dma_gpio_init)
    adc3_nch_dma_init                        0x080071bd   Thumb Code   328  adc.o(i.adc3_nch_dma_init)
    adc_channel_set                          0x08007319   Thumb Code    16  adc.o(i.adc_channel_set)
    atim_tim1_cplm_pwm_set                   0x08007329   Thumb Code    42  moterdriver.o(i.atim_tim1_cplm_pwm_set)
    atim_tim8_cplm_pwm_set                   0x0800735d   Thumb Code    44  moterdriver.o(i.atim_tim8_cplm_pwm_set)
    average_init                             0x08007391   Thumb Code    34  common.o(i.average_init)
    brake_excute                             0x080073b9   Thumb Code    80  wheelspeedmap.o(i.brake_excute)
    brake_init                               0x08007419   Thumb Code    48  brake.o(i.brake_init)
    btim_timx_int_init                       0x08007451   Thumb Code    32  btim.o(i.btim_timx_int_init)
    can_init                                 0x08007479   Thumb Code   104  can.o(i.can_init)
    can_receive_msg                          0x080074e9   Thumb Code    66  can.o(i.can_receive_msg)
    car_move                                 0x08007531   Thumb Code    38  moterdriver.o(i.car_move)
    delay_init                               0x08007559   Thumb Code     6  delay.o(i.delay_init)
    delay_ms                                 0x08007565   Thumb Code    10  delay.o(i.delay_ms)
    delay_us                                 0x08007571   Thumb Code    50  delay.o(i.delay_us)
    fabs                                     0x080075a9   Thumb Code    24  fabs.o(i.fabs)
    filterInit                               0x080075c1   Thumb Code    40  common.o(i.filterInit)
    filterValue_int16                        0x080075ed   Thumb Code    60  common.o(i.filterValue_int16)
    fputc                                    0x08007629   Thumb Code    14  usart.o(i.fputc)
    getadc1Data                              0x0800763d   Thumb Code   372  getadcdata.o(i.getadc1Data)
    getadc3Data                              0x0800780d   Thumb Code   212  getadcdata.o(i.getadc3Data)
    getadcData                               0x080078ed   Thumb Code    14  getadcdata.o(i.getadcData)
    getadcDataInit                           0x080078fd   Thumb Code    32  getadcdata.o(i.getadcDataInit)
    initLowPassFilter                        0x08007921   Thumb Code    22  common.o(i.initLowPassFilter)
    ir_compensation_init                     0x0800793d   Thumb Code    98  btim.o(i.ir_compensation_init)
    iwdg_feed                                0x080079bd   Thumb Code     6  wdg.o(i.iwdg_feed)
    iwdg_init                                0x080079c9   Thumb Code    16  wdg.o(i.iwdg_init)
    joystic_data_handle                      0x080079e1   Thumb Code   262  wheelspeedmap.o(i.joystic_data_handle)
    led_beepControlRK3588                    0x08007b11   Thumb Code   770  led.o(i.led_beepControlRK3588)
    led_init                                 0x08007e31   Thumb Code   346  led.o(i.led_init)
    legKinematics                            0x08007fa9   Thumb Code  2162  legrestkinematics.o(i.legKinematics)
    lowPassFilter                            0x08008855   Thumb Code    38  common.o(i.lowPassFilter)
    low_pass_filter1                         0x0800887d   Thumb Code    52  common.o(i.low_pass_filter1)
    low_pass_filter2                         0x080088b5   Thumb Code    52  common.o(i.low_pass_filter2)
    low_pass_filter3                         0x080088ed   Thumb Code    52  common.o(i.low_pass_filter3)
    low_pass_filter4                         0x08008925   Thumb Code    52  common.o(i.low_pass_filter4)
    low_pass_filter5                         0x0800895d   Thumb Code    52  common.o(i.low_pass_filter5)
    low_pass_filter6                         0x08008995   Thumb Code    52  common.o(i.low_pass_filter6)
    low_pass_filter7                         0x080089cd   Thumb Code    52  common.o(i.low_pass_filter7)
    lowpass_init                             0x08008a05   Thumb Code   172  common.o(i.lowpass_init)
    main                                     0x08008abd   Thumb Code    10  main.o(i.main)
    mapingExcute                             0x08008ac9   Thumb Code    42  wheelspeedmap.o(i.mapingExcute)
    max_float                                0x08008af9   Thumb Code    72  btim.o(i.max_float)
    min_float                                0x08008b41   Thumb Code    72  btim.o(i.min_float)
    moter_run                                0x08008b89   Thumb Code    52  wheelspeedmap.o(i.moter_run)
    roundToNDecimalPlaces                    0x08008bc1   Thumb Code    80  getadcdata.o(i.roundToNDecimalPlaces)
    sign                                     0x08008c19   Thumb Code    34  wheelspeedmap.o(i.sign)
    sqrt                                     0x08008c3b   Thumb Code   110  sqrt_full.o(i.sqrt)
    sys_stm32_clock_init                     0x08008ca9   Thumb Code   172  sys.o(i.sys_stm32_clock_init)
    usart_init                               0x08008d61   Thumb Code    44  usart.o(i.usart_init)
    velocity_maping                          0x08008d99   Thumb Code   458  wheelspeedmap.o(i.velocity_maping)
    AHBPrescTable                            0x08008f8c   Data          16  system_stm32f4xx.o(.constdata)
    APBPrescTable                            0x08008f9c   Data           8  system_stm32f4xx.o(.constdata)
    auchCRCHi                                0x08008fa4   Data         256  slavemodbus.o(.constdata)
    auchCRCLo                                0x080090a4   Data         256  slavemodbus.o(.constdata)
    Dap21_auchCRCHi                          0x080091a4   Data         256  hostdap21.o(.constdata)
    Dap21_auchCRCLo                          0x080092a4   Data         256  hostdap21.o(.constdata)
    sinTable_f32                             0x080094ec   Data        2052  arm_common_tables.o(.constdata)
    __mathlib_zero                           0x08009df8   Data           8  qnan.o(.constdata)
    Region$$Table$$Base                      0x08009ef0   Number         0  anon$$obj.o(Region$$Table)
    Region$$Table$$Limit                     0x08009f10   Number         0  anon$$obj.o(Region$$Table)
    SystemCoreClock                          0x20000000   Data           4  system_stm32f4xx.o(.data)
    g_rx_buffer                              0x20000008   Data           1  usart.o(.data)
    g_usart_rx_sta                           0x2000000a   Data           2  usart.o(.data)
    __stdout                                 0x2000000c   Data           4  usart.o(.data)
    doubleflingflage                         0x20000010   Data           1  led.o(.data)
    led_state                                0x20000011   Data           1  led.o(.data)
    lastled_state                            0x20000012   Data           1  led.o(.data)
    g_adc1_dma_sta                           0x20000013   Data           1  adc.o(.data)
    g_adc3_dma_sta                           0x20000014   Data           1  adc.o(.data)
    TaskCount                                0x20000018   Data           1  api_schedule.o(.data)
    TaskST                                   0x2000001c   Data         132  api_schedule.o(.data)
    lowpassl_speed                           0x200000bc   Data           8  common.o(.data)
    lowpassr_speed                           0x200000c4   Data           8  common.o(.data)
    lowpassl_volatage                        0x200000cc   Data           8  common.o(.data)
    lowpassr_volatage                        0x200000d4   Data           8  common.o(.data)
    lowpassl_current                         0x200000dc   Data           8  common.o(.data)
    lowpassr_current                         0x200000e4   Data           8  common.o(.data)
    lowpassy_ADC                             0x200000ec   Data           8  common.o(.data)
    lowpassx_ADC                             0x200000f4   Data           8  common.o(.data)
    lowpass_lspeedTarget                     0x200000fc   Data           8  common.o(.data)
    lowpass_rspeedTarget                     0x20000104   Data           8  common.o(.data)
    brakeflage                               0x20000110   Data           2  wheelspeedmap.o(.data)
    as5013_data                              0x20000113   Data           3  can.o(.data)
    CanKeybufReceive                         0x20000116   Data           8  can.o(.data)
    CanLedCmdbufSend                         0x2000011e   Data           8  can.o(.data)
    CanjoysticbufReceive                     0x20000126   Data           8  can.o(.data)
    comheartstate                            0x20000130   Data           6  comheartbeat.o(.data)
    uwTickFreq                               0x20000138   Data           1  stm32f4xx_hal.o(.data)
    uwTickPrio                               0x2000013c   Data           4  stm32f4xx_hal.o(.data)
    uwTick                                   0x20000140   Data           4  stm32f4xx_hal.o(.data)
    g_usart_rx_buf                           0x20000148   Data         200  usart.o(.bss)
    g_uart1_handle                           0x20000210   Data          68  usart.o(.bss)
    g_adc1_nch_dma_handle                    0x20000254   Data          72  adc.o(.bss)
    g_dma_nch_adc1_handle                    0x2000029c   Data          96  adc.o(.bss)
    g_adc3_nch_dma_handle                    0x200002fc   Data          72  adc.o(.bss)
    g_dma_nch_adc3_handle                    0x20000344   Data          96  adc.o(.bss)
    g_sbreak1_dead_time1_config              0x200003a4   Data          32  moterdriver.o(.bss)
    g_sbreak2_dead_time8_config              0x200003c4   Data          32  moterdriver.o(.bss)
    g_tim1_cplm_pwm_handle                   0x200003e4   Data          72  moterdriver.o(.bss)
    g_tim8_cplm_pwm_handle                   0x2000042c   Data          72  moterdriver.o(.bss)
    g_timx_handler                           0x20000474   Data          72  btim.o(.bss)
    prote_Lmoter                             0x200004bc   Data          16  btim.o(.bss)
    ircom_Lmoter                             0x200004cc   Data          16  btim.o(.bss)
    prote_Rmoter                             0x200004dc   Data          16  btim.o(.bss)
    ircom_Rmoter                             0x200004ec   Data          16  btim.o(.bss)
    filter_LN                                0x200004fc   Data          64  common.o(.bss)
    filter_RN                                0x2000053c   Data          64  common.o(.bss)
    filter_ADCX                              0x2000057c   Data          64  common.o(.bss)
    filter_ADCY                              0x200005bc   Data          64  common.o(.bss)
    g_adc1_dma_buf                           0x20000600   Data         220  getadcdata.o(.bss)
    g_adc3_dma_buf                           0x200006dc   Data         400  getadcdata.o(.bss)
    adcdata                                  0x20000870   Data          96  getadcdata.o(.bss)
    iwdg_handler                             0x200008d0   Data          12  wdg.o(.bss)
    g_slaveReg                               0x200008dc   Data        1000  slavemodbus.o(.bss)
    g_slavemodbus_handler                    0x20000cc4   Data          68  slavemodbus.o(.bss)
    slavemodbus                              0x20000d08   Data         205  slavemodbus.o(.bss)
    Struc_ActuPra_Out                        0x20000dd8   Data          36  wheelspeedmap.o(.bss)
    Struc_ActuPra_Int                        0x20000dfc   Data          80  wheelspeedmap.o(.bss)
    gl_motor_data                            0x20000e4c   Data          28  wheelspeedmap.o(.bss)
    gr_motor_data                            0x20000e68   Data          28  wheelspeedmap.o(.bss)
    g_r9sys_data                             0x20000e84   Data          16  wheelspeedmap.o(.bss)
    g_dap21modbus_handler                    0x20000e94   Data          68  hostdap21.o(.bss)
    dap21Data                                0x20000ed8   Data          16  hostdap21.o(.bss)
    modbus_dap21                             0x20000ee8   Data         224  hostdap21.o(.bss)
    g_canx_handler                           0x20000fc8   Data          40  can.o(.bss)
    g_canx_txheader                          0x20000ff0   Data          24  can.o(.bss)
    g_canx_rxheader                          0x20001008   Data          28  can.o(.bss)
    legkinematicspra                         0x20001124   Data          84  legrestkinematics.o(.bss)
    chairkinematicspra                       0x20001178   Data          84  legrestkinematics.o(.bss)
    __initial_sp                             0x200015d0   Data           0  startup_stm32f407xx.o(STACK)



==============================================================================

Memory Map of the image

  Image Entry point : 0x08000189

  Load Region LR_IROM1 (Base: 0x08000000, Size: 0x0000a058, Max: 0x00080000, ABSOLUTE, COMPRESSED[0x00009f58])

    Execution Region ER_IROM1 (Exec base: 0x08000000, Load base: 0x08000000, Size: 0x00009f10, Max: 0x00080000, ABSOLUTE)

    Exec Addr    Load Addr    Size         Type   Attr      Idx    E Section Name        Object

    0x08000000   0x08000000   0x00000188   Data   RO            3    RESET               startup_stm32f407xx.o
    0x08000188   0x08000188   0x00000000   Code   RO         8237  * .ARM.Collect$$$$00000000  mc_w.l(entry.o)
    0x08000188   0x08000188   0x00000004   Code   RO         8564    .ARM.Collect$$$$00000001  mc_w.l(entry2.o)
    0x0800018c   0x0800018c   0x00000004   Code   RO         8567    .ARM.Collect$$$$00000004  mc_w.l(entry5.o)
    0x08000190   0x08000190   0x00000000   Code   RO         8569    .ARM.Collect$$$$00000008  mc_w.l(entry7b.o)
    0x08000190   0x08000190   0x00000000   Code   RO         8571    .ARM.Collect$$$$0000000A  mc_w.l(entry8b.o)
    0x08000190   0x08000190   0x00000008   Code   RO         8572    .ARM.Collect$$$$0000000B  mc_w.l(entry9a.o)
    0x08000198   0x08000198   0x00000004   Code   RO         8579    .ARM.Collect$$$$0000000E  mc_w.l(entry12b.o)
    0x0800019c   0x0800019c   0x00000000   Code   RO         8574    .ARM.Collect$$$$0000000F  mc_w.l(entry10a.o)
    0x0800019c   0x0800019c   0x00000000   Code   RO         8576    .ARM.Collect$$$$00000011  mc_w.l(entry11a.o)
    0x0800019c   0x0800019c   0x00000004   Code   RO         8565    .ARM.Collect$$$$00002712  mc_w.l(entry2.o)
    0x080001a0   0x080001a0   0x00000024   Code   RO            4    .text               startup_stm32f407xx.o
    0x080001c4   0x080001c4   0x00000078   Code   RO         7998    .text               arm_cortexM4lf_math.lib(arm_cos_f32.o)
    0x0800023c   0x0800023c   0x00000094   Code   RO         8048    .text               arm_cortexM4lf_math.lib(arm_sin_f32.o)
    0x080002d0   0x080002d0   0x0000013c   Code   RO         8072    .text               arm_cortexM4lf_math.lib(arm_mat_mult_f32.o)
    0x0800040c   0x0800040c   0x00000062   Code   RO         8240    .text               mc_w.l(uldiv.o)
    0x0800046e   0x0800046e   0x00000024   Code   RO         8242    .text               mc_w.l(memcpya.o)
    0x08000492   0x08000492   0x00000024   Code   RO         8244    .text               mc_w.l(memseta.o)
    0x080004b6   0x080004b6   0x0000014e   Code   RO         8509    .text               mf_w.l(dadd.o)
    0x08000604   0x08000604   0x000000e4   Code   RO         8511    .text               mf_w.l(dmul.o)
    0x080006e8   0x080006e8   0x000000de   Code   RO         8513    .text               mf_w.l(ddiv.o)
    0x080007c6   0x080007c6   0x00000022   Code   RO         8515    .text               mf_w.l(dflti.o)
    0x080007e8   0x080007e8   0x0000001a   Code   RO         8517    .text               mf_w.l(dfltui.o)
    0x08000802   0x08000802   0x0000003e   Code   RO         8519    .text               mf_w.l(dfixi.o)
    0x08000840   0x08000840   0x00000032   Code   RO         8521    .text               mf_w.l(dfixui.o)
    0x08000872   0x08000872   0x00000026   Code   RO         8523    .text               mf_w.l(f2d.o)
    0x08000898   0x08000898   0x00000030   Code   RO         8525    .text               mf_w.l(cdcmple.o)
    0x080008c8   0x080008c8   0x00000030   Code   RO         8527    .text               mf_w.l(cdrcmple.o)
    0x080008f8   0x080008f8   0x00000038   Code   RO         8529    .text               mf_w.l(d2f.o)
    0x08000930   0x08000930   0x0000002c   Code   RO         8580    .text               mc_w.l(uidiv.o)
    0x0800095c   0x0800095c   0x0000001e   Code   RO         8582    .text               mc_w.l(llshl.o)
    0x0800097a   0x0800097a   0x00000020   Code   RO         8584    .text               mc_w.l(llushr.o)
    0x0800099a   0x0800099a   0x00000024   Code   RO         8586    .text               mc_w.l(llsshr.o)
    0x080009be   0x080009be   0x00000000   Code   RO         8595    .text               mc_w.l(iusefp.o)
    0x080009be   0x080009be   0x0000006e   Code   RO         8596    .text               mf_w.l(fepilogue.o)
    0x08000a2c   0x08000a2c   0x000000ba   Code   RO         8598    .text               mf_w.l(depilogue.o)
    0x08000ae6   0x08000ae6   0x0000002e   Code   RO         8602    .text               mf_w.l(dscalb.o)
    0x08000b14   0x08000b14   0x000000a2   Code   RO         8604    .text               mf_w.l(dsqrt.o)
    0x08000bb6   0x08000bb6   0x00000002   PAD
    0x08000bb8   0x08000bb8   0x00000088   Code   RO         8606    .text               mf_w.l(drnd.o)
    0x08000c40   0x08000c40   0x00000030   Code   RO         8608    .text               mf_w.l(dfixul.o)
    0x08000c70   0x08000c70   0x00000024   Code   RO         8610    .text               mc_w.l(init.o)
    0x08000c94   0x08000c94   0x00000056   Code   RO         8620    .text               mc_w.l(__dczerorl2.o)
    0x08000cea   0x08000cea   0x0000006e   Code   RO         2171    i.ADC_DMAConvCplt   stm32f4xx_hal_adc.o
    0x08000d58   0x08000d58   0x00000016   Code   RO         2172    i.ADC_DMAError      stm32f4xx_hal_adc.o
    0x08000d6e   0x08000d6e   0x0000000a   Code   RO         2173    i.ADC_DMAHalfConvCplt  stm32f4xx_hal_adc.o
    0x08000d78   0x08000d78   0x00000130   Code   RO         2174    i.ADC_Init          stm32f4xx_hal_adc.o
    0x08000ea8   0x08000ea8   0x0000012c   Code   RO          880    i.ApplyCurrentLimitedIRCompensation  btim.o
    0x08000fd4   0x08000fd4   0x00000002   Code   RO          344    i.BusFault_Handler  stm32f4xx_it.o
    0x08000fd6   0x08000fd6   0x00000002   PAD
    0x08000fd8   0x08000fd8   0x0000000c   Code   RO         1590    i.CanKeyreceive     can.o
    0x08000fe4   0x08000fe4   0x00000004   Code   RO         1591    i.CanRead_KEY_excute  can.o
    0x08000fe8   0x08000fe8   0x00000004   Code   RO         1592    i.CanRead_joystic_excute  can.o
    0x08000fec   0x08000fec   0x00000038   Code   RO         1593    i.Can_joystic_receive  can.o
    0x08001024   0x08001024   0x00000038   Code   RO         1876    i.ComheartDetect    comheartbeat.o
    0x0800105c   0x0800105c   0x00000010   Code   RO         1877    i.ComheartReset     comheartbeat.o
    0x0800106c   0x0800106c   0x00000024   Code   RO          695    i.DMA2_Stream1_IRQHandler  adc.o
    0x08001090   0x08001090   0x00000024   Code   RO          696    i.DMA2_Stream4_IRQHandler  adc.o
    0x080010b4   0x080010b4   0x0000002c   Code   RO         3353    i.DMA_CalcBaseAndBitshift  stm32f4xx_hal_dma.o
    0x080010e0   0x080010e0   0x00000078   Code   RO         3354    i.DMA_CheckFifoParam  stm32f4xx_hal_dma.o
    0x08001158   0x08001158   0x0000002a   Code   RO         3355    i.DMA_SetConfig     stm32f4xx_hal_dma.o
    0x08001182   0x08001182   0x00000002   Code   RO          345    i.DebugMon_Handler  stm32f4xx_it.o
    0x08001184   0x08001184   0x00000158   Code   RO         2176    i.HAL_ADC_ConfigChannel  stm32f4xx_hal_adc.o
    0x080012dc   0x080012dc   0x00000002   Code   RO         2177    i.HAL_ADC_ConvCpltCallback  stm32f4xx_hal_adc.o
    0x080012de   0x080012de   0x00000002   Code   RO         2178    i.HAL_ADC_ConvHalfCpltCallback  stm32f4xx_hal_adc.o
    0x080012e0   0x080012e0   0x00000002   Code   RO         2180    i.HAL_ADC_ErrorCallback  stm32f4xx_hal_adc.o
    0x080012e2   0x080012e2   0x00000054   Code   RO         2185    i.HAL_ADC_Init      stm32f4xx_hal_adc.o
    0x08001336   0x08001336   0x00000002   Code   RO         2188    i.HAL_ADC_MspInit   stm32f4xx_hal_adc.o
    0x08001338   0x08001338   0x0000016c   Code   RO         2192    i.HAL_ADC_Start_DMA  stm32f4xx_hal_adc.o
    0x080014a4   0x080014a4   0x00000110   Code   RO         2449    i.HAL_CAN_ConfigFilter  stm32f4xx_hal_can.o
    0x080015b4   0x080015b4   0x00000026   Code   RO         2454    i.HAL_CAN_GetRxFifoFillLevel  stm32f4xx_hal_can.o
    0x080015da   0x080015da   0x00000106   Code   RO         2455    i.HAL_CAN_GetRxMessage  stm32f4xx_hal_can.o
    0x080016e0   0x080016e0   0x00000152   Code   RO         2460    i.HAL_CAN_Init      stm32f4xx_hal_can.o
    0x08001832   0x08001832   0x00000002   PAD
    0x08001834   0x08001834   0x00000078   Code   RO         1594    i.HAL_CAN_MspInit   can.o
    0x080018ac   0x080018ac   0x00000058   Code   RO         2472    i.HAL_CAN_Start     stm32f4xx_hal_can.o
    0x08001904   0x08001904   0x0000008e   Code   RO         3356    i.HAL_DMA_Abort     stm32f4xx_hal_dma.o
    0x08001992   0x08001992   0x00000024   Code   RO         3357    i.HAL_DMA_Abort_IT  stm32f4xx_hal_dma.o
    0x080019b6   0x080019b6   0x00000002   PAD
    0x080019b8   0x080019b8   0x000000d4   Code   RO         3362    i.HAL_DMA_Init      stm32f4xx_hal_dma.o
    0x08001a8c   0x08001a8c   0x00000046   Code   RO         3365    i.HAL_DMA_Start     stm32f4xx_hal_dma.o
    0x08001ad2   0x08001ad2   0x0000006e   Code   RO         3366    i.HAL_DMA_Start_IT  stm32f4xx_hal_dma.o
    0x08001b40   0x08001b40   0x000001d0   Code   RO         3942    i.HAL_GPIO_Init     stm32f4xx_hal_gpio.o
    0x08001d10   0x08001d10   0x0000000e   Code   RO         3944    i.HAL_GPIO_ReadPin  stm32f4xx_hal_gpio.o
    0x08001d1e   0x08001d1e   0x00000010   Code   RO         3945    i.HAL_GPIO_TogglePin  stm32f4xx_hal_gpio.o
    0x08001d2e   0x08001d2e   0x0000000e   Code   RO         3946    i.HAL_GPIO_WritePin  stm32f4xx_hal_gpio.o
    0x08001d3c   0x08001d3c   0x0000000c   Code   RO         1997    i.HAL_GetREVID      stm32f4xx_hal.o
    0x08001d48   0x08001d48   0x0000000c   Code   RO         1998    i.HAL_GetTick       stm32f4xx_hal.o
    0x08001d54   0x08001d54   0x0000005a   Code   RO         5097    i.HAL_IWDG_Init     stm32f4xx_hal_iwdg.o
    0x08001dae   0x08001dae   0x0000000c   Code   RO         5098    i.HAL_IWDG_Refresh  stm32f4xx_hal_iwdg.o
    0x08001dba   0x08001dba   0x00000002   PAD
    0x08001dbc   0x08001dbc   0x00000010   Code   RO         2004    i.HAL_IncTick       stm32f4xx_hal.o
    0x08001dcc   0x08001dcc   0x0000002c   Code   RO         2005    i.HAL_Init          stm32f4xx_hal.o
    0x08001df8   0x08001df8   0x00000044   Code   RO         2006    i.HAL_InitTick      stm32f4xx_hal.o
    0x08001e3c   0x08001e3c   0x00000002   Code   RO         5200    i.HAL_MspInit       stm32f4xx_hal_msp_template.o
    0x08001e3e   0x08001e3e   0x0000001a   Code   RO         2703    i.HAL_NVIC_EnableIRQ  stm32f4xx_hal_cortex.o
    0x08001e58   0x08001e58   0x00000040   Code   RO         2709    i.HAL_NVIC_SetPriority  stm32f4xx_hal_cortex.o
    0x08001e98   0x08001e98   0x00000024   Code   RO         2710    i.HAL_NVIC_SetPriorityGrouping  stm32f4xx_hal_cortex.o
    0x08001ebc   0x08001ebc   0x0000014c   Code   RO         5434    i.HAL_RCC_ClockConfig  stm32f4xx_hal_rcc.o
    0x08002008   0x08002008   0x0000000c   Code   RO         5439    i.HAL_RCC_GetHCLKFreq  stm32f4xx_hal_rcc.o
    0x08002014   0x08002014   0x00000020   Code   RO         5441    i.HAL_RCC_GetPCLK1Freq  stm32f4xx_hal_rcc.o
    0x08002034   0x08002034   0x00000020   Code   RO         5442    i.HAL_RCC_GetPCLK2Freq  stm32f4xx_hal_rcc.o
    0x08002054   0x08002054   0x0000006c   Code   RO         5443    i.HAL_RCC_GetSysClockFreq  stm32f4xx_hal_rcc.o
    0x080020c0   0x080020c0   0x000003c0   Code   RO         5446    i.HAL_RCC_OscConfig  stm32f4xx_hal_rcc.o
    0x08002480   0x08002480   0x00000028   Code   RO         2714    i.HAL_SYSTICK_Config  stm32f4xx_hal_cortex.o
    0x080024a8   0x080024a8   0x00000002   Code   RO         7731    i.HAL_TIMEx_BreakCallback  stm32f4xx_hal_tim_ex.o
    0x080024aa   0x080024aa   0x00000002   Code   RO         7732    i.HAL_TIMEx_CommutCallback  stm32f4xx_hal_tim_ex.o
    0x080024ac   0x080024ac   0x00000054   Code   RO         7734    i.HAL_TIMEx_ConfigBreakDeadTime  stm32f4xx_hal_tim_ex.o
    0x08002500   0x08002500   0x000000d4   Code   RO         7761    i.HAL_TIMEx_PWMN_Start  stm32f4xx_hal_tim_ex.o
    0x080025d4   0x080025d4   0x0000004a   Code   RO         7016    i.HAL_TIM_Base_Init  stm32f4xx_hal_tim.o
    0x0800261e   0x0800261e   0x00000002   PAD
    0x08002620   0x08002620   0x0000003c   Code   RO          881    i.HAL_TIM_Base_MspInit  btim.o
    0x0800265c   0x0800265c   0x0000008c   Code   RO         7021    i.HAL_TIM_Base_Start_IT  stm32f4xx_hal_tim.o
    0x080026e8   0x080026e8   0x00000002   Code   RO         7050    i.HAL_TIM_IC_CaptureCallback  stm32f4xx_hal_tim.o
    0x080026ea   0x080026ea   0x0000016e   Code   RO         7064    i.HAL_TIM_IRQHandler  stm32f4xx_hal_tim.o
    0x08002858   0x08002858   0x00000002   Code   RO         7067    i.HAL_TIM_OC_DelayElapsedCallback  stm32f4xx_hal_tim.o
    0x0800285a   0x0800285a   0x000000d2   Code   RO         7088    i.HAL_TIM_PWM_ConfigChannel  stm32f4xx_hal_tim.o
    0x0800292c   0x0800292c   0x0000004a   Code   RO         7091    i.HAL_TIM_PWM_Init  stm32f4xx_hal_tim.o
    0x08002976   0x08002976   0x00000002   Code   RO         7093    i.HAL_TIM_PWM_MspInit  stm32f4xx_hal_tim.o
    0x08002978   0x08002978   0x00000002   Code   RO         7094    i.HAL_TIM_PWM_PulseFinishedCallback  stm32f4xx_hal_tim.o
    0x0800297a   0x0800297a   0x00000002   PAD
    0x0800297c   0x0800297c   0x000000dc   Code   RO         7096    i.HAL_TIM_PWM_Start  stm32f4xx_hal_tim.o
    0x08002a58   0x08002a58   0x0000049a   Code   RO          882    i.HAL_TIM_PeriodElapsedCallback  btim.o
    0x08002ef2   0x08002ef2   0x00000002   Code   RO         7107    i.HAL_TIM_TriggerCallback  stm32f4xx_hal_tim.o
    0x08002ef4   0x08002ef4   0x00000002   Code   RO         6098    i.HAL_UARTEx_RxEventCallback  stm32f4xx_hal_uart.o
    0x08002ef6   0x08002ef6   0x00000002   Code   RO         6112    i.HAL_UART_ErrorCallback  stm32f4xx_hal_uart.o
    0x08002ef8   0x08002ef8   0x000001d0   Code   RO         6115    i.HAL_UART_IRQHandler  stm32f4xx_hal_uart.o
    0x080030c8   0x080030c8   0x00000064   Code   RO         6116    i.HAL_UART_Init     stm32f4xx_hal_uart.o
    0x0800312c   0x0800312c   0x0000008c   Code   RO          574    i.HAL_UART_MspInit  usart.o
    0x080031b8   0x080031b8   0x000000ca   Code   RO         6119    i.HAL_UART_Receive  stm32f4xx_hal_uart.o
    0x08003282   0x08003282   0x0000002e   Code   RO         6121    i.HAL_UART_Receive_IT  stm32f4xx_hal_uart.o
    0x080032b0   0x080032b0   0x0000006c   Code   RO          575    i.HAL_UART_RxCpltCallback  usart.o
    0x0800331c   0x0800331c   0x000000be   Code   RO         6124    i.HAL_UART_Transmit  stm32f4xx_hal_uart.o
    0x080033da   0x080033da   0x00000002   Code   RO         6127    i.HAL_UART_TxCpltCallback  stm32f4xx_hal_uart.o
    0x080033dc   0x080033dc   0x00000050   Code   RO         1503    i.HOST_ModbusDap21RX  hostdap21.o
    0x0800342c   0x0800342c   0x00000002   Code   RO          346    i.HardFault_Handler  stm32f4xx_it.o
    0x0800342e   0x0800342e   0x00000002   PAD
    0x08003430   0x08003430   0x00000090   Code   RO         1003    i.Hard_devInit      task.o
    0x080034c0   0x080034c0   0x00000050   Code   RO         1504    i.HostDap21_Func3   hostdap21.o
    0x08003510   0x08003510   0x00000068   Code   RO         1506    i.HostDap21_Read03_slave  hostdap21.o
    0x08003578   0x08003578   0x000000f0   Code   RO         1508    i.Host_ModbusDap21UART2_init  hostdap21.o
    0x08003668   0x08003668   0x0000002c   Code   RO         1509    i.Host_ModbusDap21_CRC16  hostdap21.o
    0x08003694   0x08003694   0x00000018   Code   RO         1510    i.Host_ModbusDap21_Init  hostdap21.o
    0x080036ac   0x080036ac   0x0000003c   Code   RO         1511    i.Host_ModbusDap21_send_data  hostdap21.o
    0x080036e8   0x080036e8   0x0000009c   Code   RO          771    i.LeftMoterMove     moterdriver.o
    0x08003784   0x08003784   0x00000008   Code   RO          772    i.LeftMoterStop     moterdriver.o
    0x0800378c   0x0800378c   0x00000002   Code   RO          347    i.MemManage_Handler  stm32f4xx_it.o
    0x0800378e   0x0800378e   0x00000002   PAD
    0x08003790   0x08003790   0x00000144   Code   RO          773    i.MoterL_pwm_chy_init  moterdriver.o
    0x080038d4   0x080038d4   0x00000144   Code   RO          774    i.MoterR_pwm_chy_init  moterdriver.o
    0x08003a18   0x08003a18   0x00000016   Code   RO          775    i.MoterdriveInit    moterdriver.o
    0x08003a2e   0x08003a2e   0x00000002   Code   RO          348    i.NMI_Handler       stm32f4xx_it.o
    0x08003a30   0x08003a30   0x00000044   Code   RO          967    i.OS_IT_RUN         api_schedule.o
    0x08003a74   0x08003a74   0x00000038   Code   RO          968    i.PeachOSRun        api_schedule.o
    0x08003aac   0x08003aac   0x00000002   Code   RO          349    i.PendSV_Handler    stm32f4xx_it.o
    0x08003aae   0x08003aae   0x00000002   PAD
    0x08003ab0   0x08003ab0   0x0000009c   Code   RO          776    i.RightMoterMove    moterdriver.o
    0x08003b4c   0x08003b4c   0x00000008   Code   RO          777    i.RightMoterStop    moterdriver.o
    0x08003b54   0x08003b54   0x00000002   Code   RO          350    i.SVC_Handler       stm32f4xx_it.o
    0x08003b56   0x08003b56   0x00000002   PAD
    0x08003b58   0x08003b58   0x0000002c   Code   RO         1355    i.SlaveModbus_CRC16  slavemodbus.o
    0x08003b84   0x08003b84   0x00000070   Code   RO         1356    i.SlaveModbus_Event  slavemodbus.o
    0x08003bf4   0x08003bf4   0x000000a0   Code   RO         1357    i.SlaveModbus_Func16  slavemodbus.o
    0x08003c94   0x08003c94   0x000000c0   Code   RO         1358    i.SlaveModbus_Func3  slavemodbus.o
    0x08003d54   0x08003d54   0x00000098   Code   RO         1359    i.SlaveModbus_Func6  slavemodbus.o
    0x08003dec   0x08003dec   0x0000001c   Code   RO         1360    i.SlaveModbus_Init  slavemodbus.o
    0x08003e08   0x08003e08   0x00000038   Code   RO         1361    i.SlaveModbus_send_data  slavemodbus.o
    0x08003e40   0x08003e40   0x000000ec   Code   RO         1362    i.SlavemodbusUART6_init  slavemodbus.o
    0x08003f2c   0x08003f2c   0x00000004   Code   RO          351    i.SysTick_Handler   stm32f4xx_it.o
    0x08003f30   0x08003f30   0x00000010   Code   RO          420    i.SystemInit        system_stm32f4xx.o
    0x08003f40   0x08003f40   0x0000000c   Code   RO          883    i.TIM6_DAC_IRQHandler  btim.o
    0x08003f4c   0x08003f4c   0x000000cc   Code   RO         7109    i.TIM_Base_SetConfig  stm32f4xx_hal_tim.o
    0x08004018   0x08004018   0x0000001a   Code   RO         7110    i.TIM_CCxChannelCmd  stm32f4xx_hal_tim.o
    0x08004032   0x08004032   0x0000001a   Code   RO         7770    i.TIM_CCxNChannelCmd  stm32f4xx_hal_tim_ex.o
    0x0800404c   0x0800404c   0x00000068   Code   RO         7122    i.TIM_OC1_SetConfig  stm32f4xx_hal_tim.o
    0x080040b4   0x080040b4   0x00000074   Code   RO         7123    i.TIM_OC2_SetConfig  stm32f4xx_hal_tim.o
    0x08004128   0x08004128   0x00000070   Code   RO         7124    i.TIM_OC3_SetConfig  stm32f4xx_hal_tim.o
    0x08004198   0x08004198   0x00000054   Code   RO         7125    i.TIM_OC4_SetConfig  stm32f4xx_hal_tim.o
    0x080041ec   0x080041ec   0x00000004   Code   RO         1004    i.Task_CanKeyRun    task.o
    0x080041f0   0x080041f0   0x00000024   Code   RO         1005    i.Task_Comsdetect   task.o
    0x08004214   0x08004214   0x00000004   Code   RO         1006    i.Task_GetADC_AllData  task.o
    0x08004218   0x08004218   0x00000004   Code   RO         1007    i.Task_GetMlx90393  task.o
    0x0800421c   0x0800421c   0x00000004   Code   RO         1008    i.Task_KineCacu     task.o
    0x08004220   0x08004220   0x00000004   Code   RO         1009    i.Task_ModbusSlaveExecute  task.o
    0x08004224   0x08004224   0x0000011c   Code   RO         1011    i.Task_R9DataScope  task.o
    0x08004340   0x08004340   0x00000004   Code   RO         1012    i.Task_Velocitymaping  task.o
    0x08004344   0x08004344   0x00000002   Code   RO         1013    i.Task_ex_handl     task.o
    0x08004346   0x08004346   0x00000002   PAD
    0x08004348   0x08004348   0x00000018   Code   RO         1015    i.Task_led_control  task.o
    0x08004360   0x08004360   0x0000002c   Code   RO         1018    i.Task_ultrasonicreadExecute2  task.o
    0x0800438c   0x0800438c   0x00000010   Code   RO         6129    i.UART_DMAAbortOnError  stm32f4xx_hal_uart.o
    0x0800439c   0x0800439c   0x00000030   Code   RO         6139    i.UART_EndRxTransfer  stm32f4xx_hal_uart.o
    0x080043cc   0x080043cc   0x0000001a   Code   RO         6140    i.UART_EndTransmit_IT  stm32f4xx_hal_uart.o
    0x080043e6   0x080043e6   0x000000b2   Code   RO         6142    i.UART_Receive_IT   stm32f4xx_hal_uart.o
    0x08004498   0x08004498   0x00000114   Code   RO         6143    i.UART_SetConfig    stm32f4xx_hal_uart.o
    0x080045ac   0x080045ac   0x00000036   Code   RO         6145    i.UART_Start_Receive_IT  stm32f4xx_hal_uart.o
    0x080045e2   0x080045e2   0x0000005e   Code   RO         6146    i.UART_Transmit_IT  stm32f4xx_hal_uart.o
    0x08004640   0x08004640   0x00000064   Code   RO         6147    i.UART_WaitOnFlagUntilTimeout  stm32f4xx_hal_uart.o
    0x080046a4   0x080046a4   0x0000000c   Code   RO          576    i.USART1_IRQHandler  usart.o
    0x080046b0   0x080046b0   0x00000054   Code   RO         1512    i.USART2_IRQHandler  hostdap21.o
    0x08004704   0x08004704   0x00000054   Code   RO         1363    i.USART6_IRQHandler  slavemodbus.o
    0x08004758   0x08004758   0x000000e8   Code   RO          884    i.UpdateProtectionState  btim.o
    0x08004840   0x08004840   0x00000002   Code   RO          352    i.UsageFault_Handler  stm32f4xx_it.o
    0x08004842   0x08004842   0x00000014   Code   RO         1117    i.Value_limit       common.o
    0x08004856   0x08004856   0x00000028   Code   RO         1118    i.Value_limitf      common.o
    0x0800487e   0x0800487e   0x00000002   PAD
    0x08004880   0x08004880   0x000002c0   Code   RO         1434    i.VelocityLevelSet  wheelspeedmap.o
    0x08004b40   0x08004b40   0x00000020   Code   RO         8481    i.__0printf         mc_w.l(printfa.o)
    0x08004b60   0x08004b60   0x00000030   Code   RO         8548    i.__ARM_fpclassify  m_wm.l(fpclassify.o)
    0x08004b90   0x08004b90   0x0000000c   Code   RO          885    i.__ARM_isnanf      btim.o
    0x08004b9c   0x08004b9c   0x00000020   Code   RO         2716    i.__NVIC_SetPriority  stm32f4xx_hal_cortex.o
    0x08004bbc   0x08004bbc   0x00000004   PAD
    0x08004bc0   0x08004bc0   0x00000358   Code   RO         8175    i.__hardfp_acos     m_wm.l(acos.o)
    0x08004f18   0x08004f18   0x00000014   Code   RO         8189    i.__hardfp_fabs     m_wm.l(fabs.o)
    0x08004f2c   0x08004f2c   0x00000004   PAD
    0x08004f30   0x08004f30   0x00000c50   Code   RO         8195    i.__hardfp_pow      m_wm.l(pow.o)
    0x08005b80   0x08005b80   0x000000e0   Code   RO         8209    i.__hardfp_round    m_wm.l(round.o)
    0x08005c60   0x08005c60   0x000000c8   Code   RO         8213    i.__hardfp_sin      m_wm.l(sin.o)
    0x08005d28   0x08005d28   0x0000007a   Code   RO         8225    i.__hardfp_sqrt     m_wm.l(sqrt_full.o)
    0x08005da2   0x08005da2   0x00000006   PAD
    0x08005da8   0x08005da8   0x00000438   Code   RO         8553    i.__ieee754_rem_pio2  m_wm.l(rred.o)
    0x080061e0   0x080061e0   0x00000170   Code   RO         8531    i.__kernel_cos      m_wm.l(cos_i.o)
    0x08006350   0x08006350   0x000000f8   Code   RO         8550    i.__kernel_poly     m_wm.l(poly.o)
    0x08006448   0x08006448   0x00000130   Code   RO         8558    i.__kernel_sin      m_wm.l(sin_i.o)
    0x08006578   0x08006578   0x00000030   Code   RO         8534    i.__mathlib_dbl_divzero  m_wm.l(dunder.o)
    0x080065a8   0x080065a8   0x00000014   Code   RO         8535    i.__mathlib_dbl_infnan  m_wm.l(dunder.o)
    0x080065bc   0x080065bc   0x00000014   Code   RO         8536    i.__mathlib_dbl_infnan2  m_wm.l(dunder.o)
    0x080065d0   0x080065d0   0x00000020   Code   RO         8537    i.__mathlib_dbl_invalid  m_wm.l(dunder.o)
    0x080065f0   0x080065f0   0x00000020   Code   RO         8538    i.__mathlib_dbl_overflow  m_wm.l(dunder.o)
    0x08006610   0x08006610   0x00000020   Code   RO         8540    i.__mathlib_dbl_underflow  m_wm.l(dunder.o)
    0x08006630   0x08006630   0x0000000e   Code   RO         8614    i.__scatterload_copy  mc_w.l(handlers.o)
    0x0800663e   0x0800663e   0x00000002   Code   RO         8615    i.__scatterload_null  mc_w.l(handlers.o)
    0x08006640   0x08006640   0x0000000e   Code   RO         8616    i.__scatterload_zeroinit  mc_w.l(handlers.o)
    0x0800664e   0x0800664e   0x00000002   PAD
    0x08006650   0x08006650   0x0000000c   Code   RO         8590    i.__set_errno       mc_w.l(errno.o)
    0x0800665c   0x0800665c   0x00000184   Code   RO         8488    i._fp_digits        mc_w.l(printfa.o)
    0x080067e0   0x080067e0   0x000006b4   Code   RO         8489    i._printf_core      mc_w.l(printfa.o)
    0x08006e94   0x08006e94   0x00000024   Code   RO         8490    i._printf_post_padding  mc_w.l(printfa.o)
    0x08006eb8   0x08006eb8   0x0000002e   Code   RO         8491    i._printf_pre_padding  mc_w.l(printfa.o)
    0x08006ee6   0x08006ee6   0x00000002   PAD
    0x08006ee8   0x08006ee8   0x00000048   Code   RO          697    i.adc1_nch_dma_enable  adc.o
    0x08006f30   0x08006f30   0x00000080   Code   RO          698    i.adc1_nch_dma_gpio_init  adc.o
    0x08006fb0   0x08006fb0   0x00000168   Code   RO          699    i.adc1_nch_dma_init  adc.o
    0x08007118   0x08007118   0x00000048   Code   RO          700    i.adc3_nch_dma_enable  adc.o
    0x08007160   0x08007160   0x0000005c   Code   RO          701    i.adc3_nch_dma_gpio_init  adc.o
    0x080071bc   0x080071bc   0x0000015c   Code   RO          702    i.adc3_nch_dma_init  adc.o
    0x08007318   0x08007318   0x00000010   Code   RO          703    i.adc_channel_set   adc.o
    0x08007328   0x08007328   0x00000034   Code   RO          778    i.atim_tim1_cplm_pwm_set  moterdriver.o
    0x0800735c   0x0800735c   0x00000034   Code   RO          779    i.atim_tim8_cplm_pwm_set  moterdriver.o
    0x08007390   0x08007390   0x00000028   Code   RO         1119    i.average_init      common.o
    0x080073b8   0x080073b8   0x00000060   Code   RO         1435    i.brake_excute      wheelspeedmap.o
    0x08007418   0x08007418   0x00000038   Code   RO          856    i.brake_init        brake.o
    0x08007450   0x08007450   0x00000028   Code   RO          886    i.btim_timx_int_init  btim.o
    0x08007478   0x08007478   0x00000070   Code   RO         1595    i.can_init          can.o
    0x080074e8   0x080074e8   0x00000048   Code   RO         1596    i.can_receive_msg   can.o
    0x08007530   0x08007530   0x00000026   Code   RO          780    i.car_move          moterdriver.o
    0x08007556   0x08007556   0x00000002   PAD
    0x08007558   0x08007558   0x0000000c   Code   RO          458    i.delay_init        delay.o
    0x08007564   0x08007564   0x0000000a   Code   RO          459    i.delay_ms          delay.o
    0x0800756e   0x0800756e   0x00000002   PAD
    0x08007570   0x08007570   0x00000038   Code   RO          460    i.delay_us          delay.o
    0x080075a8   0x080075a8   0x00000018   Code   RO         8191    i.fabs              m_wm.l(fabs.o)
    0x080075c0   0x080075c0   0x0000002c   Code   RO         1120    i.filterInit        common.o
    0x080075ec   0x080075ec   0x0000003c   Code   RO         1122    i.filterValue_int16  common.o
    0x08007628   0x08007628   0x00000014   Code   RO          580    i.fputc             usart.o
    0x0800763c   0x0800763c   0x000001d0   Code   RO         1254    i.getadc1Data       getadcdata.o
    0x0800780c   0x0800780c   0x000000e0   Code   RO         1255    i.getadc3Data       getadcdata.o
    0x080078ec   0x080078ec   0x0000000e   Code   RO         1256    i.getadcData        getadcdata.o
    0x080078fa   0x080078fa   0x00000002   PAD
    0x080078fc   0x080078fc   0x00000024   Code   RO         1257    i.getadcDataInit    getadcdata.o
    0x08007920   0x08007920   0x0000001c   Code   RO         1123    i.initLowPassFilter  common.o
    0x0800793c   0x0800793c   0x00000080   Code   RO          887    i.ir_compensation_init  btim.o
    0x080079bc   0x080079bc   0x0000000c   Code   RO         1322    i.iwdg_feed         wdg.o
    0x080079c8   0x080079c8   0x00000018   Code   RO         1323    i.iwdg_init         wdg.o
    0x080079e0   0x080079e0   0x00000130   Code   RO         1436    i.joystic_data_handle  wheelspeedmap.o
    0x08007b10   0x08007b10   0x00000320   Code   RO          653    i.led_beepControlRK3588  led.o
    0x08007e30   0x08007e30   0x00000178   Code   RO          654    i.led_init          led.o
    0x08007fa8   0x08007fa8   0x000008ac   Code   RO         1912    i.legKinematics     legrestkinematics.o
    0x08008854   0x08008854   0x00000026   Code   RO         1124    i.lowPassFilter     common.o
    0x0800887a   0x0800887a   0x00000002   PAD
    0x0800887c   0x0800887c   0x00000038   Code   RO         1125    i.low_pass_filter1  common.o
    0x080088b4   0x080088b4   0x00000038   Code   RO         1126    i.low_pass_filter2  common.o
    0x080088ec   0x080088ec   0x00000038   Code   RO         1127    i.low_pass_filter3  common.o
    0x08008924   0x08008924   0x00000038   Code   RO         1128    i.low_pass_filter4  common.o
    0x0800895c   0x0800895c   0x00000038   Code   RO         1129    i.low_pass_filter5  common.o
    0x08008994   0x08008994   0x00000038   Code   RO         1130    i.low_pass_filter6  common.o
    0x080089cc   0x080089cc   0x00000038   Code   RO         1131    i.low_pass_filter7  common.o
    0x08008a04   0x08008a04   0x000000b8   Code   RO         1134    i.lowpass_init      common.o
    0x08008abc   0x08008abc   0x0000000a   Code   RO           13    i.main              main.o
    0x08008ac6   0x08008ac6   0x00000002   PAD
    0x08008ac8   0x08008ac8   0x00000030   Code   RO         1437    i.mapingExcute      wheelspeedmap.o
    0x08008af8   0x08008af8   0x00000048   Code   RO          888    i.max_float         btim.o
    0x08008b40   0x08008b40   0x00000048   Code   RO          889    i.min_float         btim.o
    0x08008b88   0x08008b88   0x00000038   Code   RO         1438    i.moter_run         wheelspeedmap.o
    0x08008bc0   0x08008bc0   0x00000058   Code   RO         1260    i.roundToNDecimalPlaces  getadcdata.o
    0x08008c18   0x08008c18   0x00000022   Code   RO         1439    i.sign              wheelspeedmap.o
    0x08008c3a   0x08008c3a   0x0000006e   Code   RO         8227    i.sqrt              m_wm.l(sqrt_full.o)
    0x08008ca8   0x08008ca8   0x000000b8   Code   RO          507    i.sys_stm32_clock_init  sys.o
    0x08008d60   0x08008d60   0x00000038   Code   RO          581    i.usart_init        usart.o
    0x08008d98   0x08008d98   0x000001f4   Code   RO         1440    i.velocity_maping   wheelspeedmap.o
    0x08008f8c   0x08008f8c   0x00000010   Data   RO          421    .constdata          system_stm32f4xx.o
    0x08008f9c   0x08008f9c   0x00000008   Data   RO          422    .constdata          system_stm32f4xx.o
    0x08008fa4   0x08008fa4   0x00000200   Data   RO         1365    .constdata          slavemodbus.o
    0x080091a4   0x080091a4   0x00000200   Data   RO         1514    .constdata          hostdap21.o
    0x080093a4   0x080093a4   0x00000140   Data   RO         1914    .constdata          legrestkinematics.o
    0x080094e4   0x080094e4   0x00000008   Data   RO         3368    .constdata          stm32f4xx_hal_dma.o
    0x080094ec   0x080094ec   0x00000804   Data   RO         8152    .constdata          arm_cortexM4lf_math.lib(arm_common_tables.o)
    0x08009cf0   0x08009cf0   0x00000050   Data   RO         8178    .constdata          m_wm.l(acos.o)
    0x08009d40   0x08009d40   0x00000088   Data   RO         8198    .constdata          m_wm.l(pow.o)
    0x08009dc8   0x08009dc8   0x00000030   Data   RO         8532    .constdata          m_wm.l(cos_i.o)
    0x08009df8   0x08009df8   0x00000008   Data   RO         8552    .constdata          m_wm.l(qnan.o)
    0x08009e00   0x08009e00   0x000000c8   Data   RO         8555    .constdata          m_wm.l(rred.o)
    0x08009ec8   0x08009ec8   0x00000028   Data   RO         8559    .constdata          m_wm.l(sin_i.o)
    0x08009ef0   0x08009ef0   0x00000020   Data   RO         8612    Region$$Table       anon$$obj.o


    Execution Region RW_IRAM1 (Exec base: 0x20000000, Load base: 0x08009f10, Size: 0x000015d0, Max: 0x00020000, ABSOLUTE, COMPRESSED[0x00000048])

    Exec Addr    Load Addr    Size         Type   Attr      Idx    E Section Name        Object

    0x20000000   COMPRESSED   0x00000004   Data   RW          423    .data               system_stm32f4xx.o
    0x20000004   COMPRESSED   0x00000004   Data   RW          461    .data               delay.o
    0x20000008   COMPRESSED   0x00000004   Data   RW          583    .data               usart.o
    0x2000000c   COMPRESSED   0x00000004   Data   RW          584    .data               usart.o
    0x20000010   COMPRESSED   0x00000003   Data   RW          655    .data               led.o
    0x20000013   COMPRESSED   0x00000002   Data   RW          705    .data               adc.o
    0x20000015   COMPRESSED   0x00000003   PAD
    0x20000018   COMPRESSED   0x00000088   Data   RW          969    .data               api_schedule.o
    0x200000a0   COMPRESSED   0x0000006c   Data   RW         1140    .data               common.o
    0x2000010c   COMPRESSED   0x00000004   Data   RW         1262    .data               getadcdata.o
    0x20000110   COMPRESSED   0x00000002   Data   RW         1442    .data               wheelspeedmap.o
    0x20000112   COMPRESSED   0x0000001c   Data   RW         1599    .data               can.o
    0x2000012e   COMPRESSED   0x00000008   Data   RW         1878    .data               comheartbeat.o
    0x20000136   COMPRESSED   0x00000002   PAD
    0x20000138   COMPRESSED   0x0000000c   Data   RW         2012    .data               stm32f4xx_hal.o
    0x20000144   COMPRESSED   0x00000004   Data   RW         8591    .data               mc_w.l(errno.o)
    0x20000148        -       0x0000010c   Zero   RW          582    .bss                usart.o
    0x20000254        -       0x00000150   Zero   RW          704    .bss                adc.o
    0x200003a4        -       0x000000d0   Zero   RW          781    .bss                moterdriver.o
    0x20000474        -       0x00000088   Zero   RW          890    .bss                btim.o
    0x200004fc        -       0x00000100   Zero   RW         1135    .bss                common.o
    0x200005fc   COMPRESSED   0x00000004   PAD
    0x20000600        -       0x000002d0   Zero   RW         1261    .bss                getadcdata.o
    0x200008d0        -       0x0000000c   Zero   RW         1324    .bss                wdg.o
    0x200008dc        -       0x000004f9   Zero   RW         1364    .bss                slavemodbus.o
    0x20000dd5   COMPRESSED   0x00000003   PAD
    0x20000dd8        -       0x000000bc   Zero   RW         1441    .bss                wheelspeedmap.o
    0x20000e94        -       0x00000134   Zero   RW         1513    .bss                hostdap21.o
    0x20000fc8        -       0x0000005c   Zero   RW         1598    .bss                can.o
    0x20001024        -       0x000001a8   Zero   RW         1913    .bss                legrestkinematics.o
    0x200011cc   COMPRESSED   0x00000004   PAD
    0x200011d0        -       0x00000400   Zero   RW            1    STACK               startup_stm32f407xx.o


==============================================================================

Image component sizes


      Code (inc. data)   RO Data    RW Data    ZI Data      Debug   Object Name

      1160        106          0          2        336       7260   adc.o
       124          8          0        136          0       2392   api_schedule.o
        56          8          0          0          0        993   brake.o
      2106        246          0          0        136      14929   btim.o
       380         38          0         28         92       7259   can.o
        72         14          0          8          0       2197   comheartbeat.o
       846         56          0        108        256      13937   common.o
        78         12          0          4          0       2075   delay.o
       826        116          0          4        720       6098   getadcdata.o
       716         64        512          0        308       8554   hostdap21.o
      1176         70          0          3          0       3094   led.o
      2220        370        320          0        424       3410   legrestkinematics.o
        10          0          0          0          0     733459   main.o
      1140        116          0          0        208       8404   moterdriver.o
      1064         96        512          0       1273       9199   slavemodbus.o
        36          8        392          0       1024       1012   startup_stm32f407xx.o
       152         28          0         12          0       9800   stm32f4xx_hal.o
      1246         60          0          0          0       8771   stm32f4xx_hal_adc.o
       998          6          0          0          0       5438   stm32f4xx_hal_can.o
       198         14          0          0          0      34455   stm32f4xx_hal_cortex.o
       776         10          8          0          0       7713   stm32f4xx_hal_dma.o
       508         46          0          0          0       3964   stm32f4xx_hal_gpio.o
       102          0          0          0          0       2051   stm32f4xx_hal_iwdg.o
         2          0          0          0          0        590   stm32f4xx_hal_msp_template.o
      1476         80          0          0          0       6772   stm32f4xx_hal_rcc.o
      1740        140          0          0          0      14100   stm32f4xx_hal_tim.o
       326         30          0          0          0       4372   stm32f4xx_hal_tim_ex.o
      1800         16          0          0          0      14355   stm32f4xx_hal_uart.o
        20          0          0          0          0       4658   stm32f4xx_it.o
       184         12          0          0          0       1487   sys.o
        16          4         24          4          0       1519   system_stm32f4xx.o
       558        104          0          0          0       6623   task.o
       336         48          0          8        268       5497   usart.o
        36         14          0          0         12       1375   wdg.o
      1742        164          0          2        188       7994   wheelspeedmap.o

    ----------------------------------------------------------------------
     24264       2104       1800        324       5256     965806   Object Totals
         0          0         32          0          0          0   (incl. Generated)
        38          0          0          5         11          0   (incl. Padding)

    ----------------------------------------------------------------------

      Code (inc. data)   RO Data    RW Data    ZI Data      Debug   Library Member Name

         0          0       2052          0          0       4704   arm_common_tables.o
       120         12          0          0          0      17170   arm_cos_f32.o
       316          4          0          0          0       2375   arm_mat_mult_f32.o
       148         18          0          0          0        814   arm_sin_f32.o
       856        118         80          0          0        288   acos.o
       368         46         48          0          0        200   cos_i.o
       184         44          0          0          0        744   dunder.o
        44          0          0          0          0        248   fabs.o
        48          0          0          0          0        124   fpclassify.o
       248          0          0          0          0        152   poly.o
      3152        296        136          0          0        352   pow.o
         0          0          8          0          0          0   qnan.o
       224         30          0          0          0        172   round.o
      1080        142        200          0          0        188   rred.o
       200         20          0          0          0        164   sin.o
       304         24         40          0          0        208   sin_i.o
       232          0          0          0          0        296   sqrt_full.o
        86          0          0          0          0          0   __dczerorl2.o
         0          0          0          0          0          0   entry.o
         0          0          0          0          0          0   entry10a.o
         0          0          0          0          0          0   entry11a.o
         4          0          0          0          0          0   entry12b.o
         8          4          0          0          0          0   entry2.o
         4          0          0          0          0          0   entry5.o
         0          0          0          0          0          0   entry7b.o
         0          0          0          0          0          0   entry8b.o
         8          4          0          0          0          0   entry9a.o
        12          6          0          4          0         68   errno.o
        30          0          0          0          0          0   handlers.o
        36          8          0          0          0         68   init.o
         0          0          0          0          0          0   iusefp.o
        30          0          0          0          0         68   llshl.o
        36          0          0          0          0         68   llsshr.o
        32          0          0          0          0         68   llushr.o
        36          0          0          0          0         68   memcpya.o
        36          0          0          0          0        108   memseta.o
      2218         90          0          0          0        464   printfa.o
        44          0          0          0          0         80   uidiv.o
        98          0          0          0          0         92   uldiv.o
        48          0          0          0          0         68   cdcmple.o
        48          0          0          0          0         68   cdrcmple.o
        56          0          0          0          0         88   d2f.o
       334          0          0          0          0        148   dadd.o
       222          0          0          0          0        100   ddiv.o
       186          0          0          0          0        176   depilogue.o
        62          0          0          0          0         80   dfixi.o
        50          0          0          0          0         76   dfixui.o
        48          0          0          0          0         68   dfixul.o
        34          0          0          0          0         76   dflti.o
        26          0          0          0          0         76   dfltui.o
       228          0          0          0          0         96   dmul.o
       136          4          0          0          0         92   drnd.o
        46          0          0          0          0         80   dscalb.o
       162          0          0          0          0        100   dsqrt.o
        38          0          0          0          0         68   f2d.o
       110          0          0          0          0        168   fepilogue.o

    ----------------------------------------------------------------------
     12092        870       2564          4          0      30979   Library Totals
        16          0          0          0          0          0   (incl. Padding)

    ----------------------------------------------------------------------

      Code (inc. data)   RO Data    RW Data    ZI Data      Debug   Library Name

       584         34       2052          0          0      25063   arm_cortexM4lf_math.lib
      6940        720        512          0          0       3136   m_wm.l
      2718        112          0          4          0       1152   mc_w.l
      1834          4          0          0          0       1628   mf_w.l

    ----------------------------------------------------------------------
     12092        870       2564          4          0      30979   Library Totals

    ----------------------------------------------------------------------

==============================================================================


      Code (inc. data)   RO Data    RW Data    ZI Data      Debug   

     36356       2974       4364        328       5256     974313   Grand Totals
     36356       2974       4364         72       5256     974313   ELF Image Totals (compressed)
     36356       2974       4364         72          0          0   ROM Totals

==============================================================================

    Total RO  Size (Code + RO Data)                40720 (  39.77kB)
    Total RW  Size (RW Data + ZI Data)              5584 (   5.45kB)
    Total ROM Size (Code + RO Data + RW Data)      40792 (  39.84kB)

==============================================================================

