Component: ARM Compiler 5.06 update 7 (build 960) Tool: armlink [4d3601]

==============================================================================

Section Cross References

    startup_stm32g431xx.o(STACK) refers (Special) to heapauxi.o(.text) for __use_two_region_memory
    startup_stm32g431xx.o(HEAP) refers (Special) to heapauxi.o(.text) for __use_two_region_memory
    startup_stm32g431xx.o(RESET) refers (Special) to heapauxi.o(.text) for __use_two_region_memory
    startup_stm32g431xx.o(RESET) refers to startup_stm32g431xx.o(STACK) for __initial_sp
    startup_stm32g431xx.o(RESET) refers to startup_stm32g431xx.o(.text) for Reset_Handler
    startup_stm32g431xx.o(RESET) refers to stm32g4xx_it.o(i.NMI_Handler) for NMI_Handler
    startup_stm32g431xx.o(RESET) refers to stm32g4xx_it.o(i.HardFault_Handler) for HardFault_Handler
    startup_stm32g431xx.o(RESET) refers to stm32g4xx_it.o(i.MemManage_Handler) for MemManage_Handler
    startup_stm32g431xx.o(RESET) refers to stm32g4xx_it.o(i.BusFault_Handler) for BusFault_Handler
    startup_stm32g431xx.o(RESET) refers to stm32g4xx_it.o(i.UsageFault_Handler) for UsageFault_Handler
    startup_stm32g431xx.o(RESET) refers to stm32g4xx_it.o(i.SVC_Handler) for SVC_Handler
    startup_stm32g431xx.o(RESET) refers to stm32g4xx_it.o(i.DebugMon_Handler) for DebugMon_Handler
    startup_stm32g431xx.o(RESET) refers to stm32g4xx_it.o(i.PendSV_Handler) for PendSV_Handler
    startup_stm32g431xx.o(RESET) refers to stm32g4xx_it.o(i.SysTick_Handler) for SysTick_Handler
    startup_stm32g431xx.o(RESET) refers to usart.o(i.USART1_IRQHandler) for USART1_IRQHandler
    startup_stm32g431xx.o(RESET) refers to btim.o(i.TIM6_DAC_IRQHandler) for TIM6_DAC_IRQHandler
    startup_stm32g431xx.o(.text) refers (Special) to heapauxi.o(.text) for __use_two_region_memory
    startup_stm32g431xx.o(.text) refers to system_stm32g4xx.o(i.SystemInit) for SystemInit
    startup_stm32g431xx.o(.text) refers to __main.o(!!!main) for __main
    startup_stm32g431xx.o(.text) refers to startup_stm32g431xx.o(HEAP) for Heap_Mem
    startup_stm32g431xx.o(.text) refers to startup_stm32g431xx.o(STACK) for Stack_Mem
    stm32g4xx_it.o(i.SysTick_Handler) refers to stm32g4xx_hal.o(i.HAL_IncTick) for HAL_IncTick
    system_stm32g4xx.o(i.SystemCoreClockUpdate) refers to system_stm32g4xx.o(.data) for SystemCoreClock
    system_stm32g4xx.o(i.SystemCoreClockUpdate) refers to system_stm32g4xx.o(.constdata) for AHBPrescTable
    main.o(i.main) refers to api_schedule.o(i.PeachOSRun) for PeachOSRun
    delay.o(i.HAL_Delay) refers to delay.o(i.delay_ms) for delay_ms
    delay.o(i.delay_init) refers to delay.o(.data) for g_fac_us
    delay.o(i.delay_ms) refers to delay.o(i.delay_us) for delay_us
    delay.o(i.delay_us) refers to delay.o(.data) for g_fac_us
    sys.o(i.sys_stm32_clock_init) refers to rt_memclr_w.o(.text) for __aeabi_memclr4
    sys.o(i.sys_stm32_clock_init) refers to stm32g4xx_hal_rcc.o(i.HAL_RCC_OscConfig) for HAL_RCC_OscConfig
    sys.o(i.sys_stm32_clock_init) refers to stm32g4xx_hal_rcc.o(i.HAL_RCC_ClockConfig) for HAL_RCC_ClockConfig
    sys.o(i.sys_stm32_clock_init) refers to stm32g4xx_hal.o(i.HAL_GetREVID) for HAL_GetREVID
    usart.o(.rev16_text) refers (Special) to use_no_semi_2.o(.text) for __use_no_semihosting
    usart.o(.revsh_text) refers (Special) to use_no_semi_2.o(.text) for __use_no_semihosting
    usart.o(.rrx_text) refers (Special) to use_no_semi_2.o(.text) for __use_no_semihosting
    usart.o(i.HAL_UART_MspInit) refers (Special) to use_no_semi_2.o(.text) for __use_no_semihosting
    usart.o(i.HAL_UART_MspInit) refers to stm32g4xx_hal_gpio.o(i.HAL_GPIO_Init) for HAL_GPIO_Init
    usart.o(i.HAL_UART_MspInit) refers to stm32g4xx_hal_cortex.o(i.HAL_NVIC_EnableIRQ) for HAL_NVIC_EnableIRQ
    usart.o(i.HAL_UART_MspInit) refers to stm32g4xx_hal_cortex.o(i.HAL_NVIC_SetPriority) for HAL_NVIC_SetPriority
    usart.o(i.HAL_UART_RxCpltCallback) refers (Special) to use_no_semi_2.o(.text) for __use_no_semihosting
    usart.o(i.HAL_UART_RxCpltCallback) refers to stm32g4xx_hal_uart.o(i.HAL_UART_Receive_IT) for HAL_UART_Receive_IT
    usart.o(i.HAL_UART_RxCpltCallback) refers to usart.o(.data) for g_usart_rx_sta
    usart.o(i.HAL_UART_RxCpltCallback) refers to usart.o(.bss) for g_usart_rx_buf
    usart.o(i.USART1_IRQHandler) refers (Special) to use_no_semi_2.o(.text) for __use_no_semihosting
    usart.o(i.USART1_IRQHandler) refers to stm32g4xx_hal_uart.o(i.HAL_UART_IRQHandler) for HAL_UART_IRQHandler
    usart.o(i.USART1_IRQHandler) refers to usart.o(.bss) for g_uart1_handle
    usart.o(i._sys_command_string) refers (Special) to use_no_semi_2.o(.text) for __use_no_semihosting
    usart.o(i._sys_exit) refers (Special) to use_no_semi_2.o(.text) for __use_no_semihosting
    usart.o(i._ttywrch) refers (Special) to use_no_semi_2.o(.text) for __use_no_semihosting
    usart.o(i.fputc) refers (Special) to use_no_semi_2.o(.text) for __use_no_semihosting
[...]
    ..\\..\\Drivers\\STM32G4xx_HAL_Driver\\Src\\stm32g4xx_hal_rcc_ex.c 0x00000000   Number         0  stm32g4xx_hal_rcc_ex.o ABSOLUTE
    ..\\..\\Drivers\\STM32G4xx_HAL_Driver\\Src\\stm32g4xx_hal_rng.c 0x00000000   Number         0  stm32g4xx_hal_rng.o ABSOLUTE
    ..\\..\\Drivers\\STM32G4xx_HAL_Driver\\Src\\stm32g4xx_hal_rtc.c 0x00000000   Number         0  stm32g4xx_hal_rtc.o ABSOLUTE
    ..\\..\\Drivers\\STM32G4xx_HAL_Driver\\Src\\stm32g4xx_hal_rtc_ex.c 0x00000000   Number         0  stm32g4xx_hal_rtc_ex.o ABSOLUTE
    ..\\..\\Drivers\\STM32G4xx_HAL_Driver\\Src\\stm32g4xx_hal_sai.c 0x00000000   Number         0  stm32g4xx_hal_sai.o ABSOLUTE
    ..\\..\\Drivers\\STM32G4xx_HAL_Driver\\Src\\stm32g4xx_hal_sai_ex.c 0x00000000   Number         0  stm32g4xx_hal_sai_ex.o ABSOLUTE
    ..\\..\\Drivers\\STM32G4xx_HAL_Driver\\Src\\stm32g4xx_hal_smartcard.c 0x00000000   Number         0  stm32g4xx_hal_smartcard.o ABSOLUTE
    ..\\..\\Drivers\\STM32G4xx_HAL_Driver\\Src\\stm32g4xx_hal_smartcard_ex.c 0x00000000   Number         0  stm32g4xx_hal_smartcard_ex.o ABSOLUTE
    ..\\..\\Drivers\\STM32G4xx_HAL_Driver\\Src\\stm32g4xx_hal_smbus.c 0x00000000   Number         0  stm32g4xx_hal_smbus.o ABSOLUTE
    ..\\..\\Drivers\\STM32G4xx_HAL_Driver\\Src\\stm32g4xx_hal_smbus_ex.c 0x00000000   Number         0  stm32g4xx_hal_smbus_ex.o ABSOLUTE
    ..\\..\\Drivers\\STM32G4xx_HAL_Driver\\Src\\stm32g4xx_hal_spi.c 0x00000000   Number         0  stm32g4xx_hal_spi.o ABSOLUTE
    ..\\..\\Drivers\\STM32G4xx_HAL_Driver\\Src\\stm32g4xx_hal_spi_ex.c 0x00000000   Number         0  stm32g4xx_hal_spi_ex.o ABSOLUTE
    ..\\..\\Drivers\\STM32G4xx_HAL_Driver\\Src\\stm32g4xx_hal_sram.c 0x00000000   Number         0  stm32g4xx_hal_sram.o ABSOLUTE
    ..\\..\\Drivers\\STM32G4xx_HAL_Driver\\Src\\stm32g4xx_hal_tim.c 0x00000000   Number         0  stm32g4xx_hal_tim.o ABSOLUTE
    ..\\..\\Drivers\\STM32G4xx_HAL_Driver\\Src\\stm32g4xx_hal_tim_ex.c 0x00000000   Number         0  stm32g4xx_hal_tim_ex.o ABSOLUTE
    ..\\..\\Drivers\\STM32G4xx_HAL_Driver\\Src\\stm32g4xx_hal_uart.c 0x00000000   Number         0  stm32g4xx_hal_uart.o ABSOLUTE
    ..\\..\\Drivers\\STM32G4xx_HAL_Driver\\Src\\stm32g4xx_hal_uart_ex.c 0x00000000   Number         0  stm32g4xx_hal_uart_ex.o ABSOLUTE
    ..\\..\\Drivers\\STM32G4xx_HAL_Driver\\Src\\stm32g4xx_hal_usart.c 0x00000000   Number         0  stm32g4xx_hal_usart.o ABSOLUTE
    ..\\..\\Drivers\\STM32G4xx_HAL_Driver\\Src\\stm32g4xx_hal_usart_ex.c 0x00000000   Number         0  stm32g4xx_hal_usart_ex.o ABSOLUTE
    ..\\..\\Drivers\\STM32G4xx_HAL_Driver\\Src\\stm32g4xx_hal_wwdg.c 0x00000000   Number         0  stm32g4xx_hal_wwdg.o ABSOLUTE
    ..\\..\\Drivers\\SYSTEM\\delay\\delay.c  0x00000000   Number         0  delay.o ABSOLUTE
    ..\\..\\Drivers\\SYSTEM\\sys\\sys.c      0x00000000   Number         0  sys.o ABSOLUTE
    ..\\..\\Drivers\\SYSTEM\\usart\\usart.c  0x00000000   Number         0  usart.o ABSOLUTE
    ..\\..\\User\\main.c                     0x00000000   Number         0  main.o ABSOLUTE
    ..\\..\\User\\stm32g4xx_it.c             0x00000000   Number         0  stm32g4xx_it.o ABSOLUTE
    dc.s                                     0x00000000   Number         0  dc.o ABSOLUTE
    RESET                                    0x08000000   Section      472  startup_stm32g431xx.o(RESET)
    !!!main                                  0x080001d8   Section        8  __main.o(!!!main)
    !!!scatter                               0x080001e0   Section       52  __scatter.o(!!!scatter)
    !!handler_copy                           0x08000214   Section       26  __scatter_copy.o(!!handler_copy)
    !!handler_zi                             0x08000230   Section       28  __scatter_zi.o(!!handler_zi)
    .ARM.Collect$$libinit$$00000000          0x0800024c   Section        2  libinit.o(.ARM.Collect$$libinit$$00000000)
    .ARM.Collect$$libinit$$00000001          0x0800024e   Section        4  libinit2.o(.ARM.Collect$$libinit$$00000001)
    .ARM.Collect$$libinit$$00000004          0x08000252   Section        0  libinit2.o(.ARM.Collect$$libinit$$00000004)
    .ARM.Collect$$libinit$$0000000A          0x08000252   Section        0  libinit2.o(.ARM.Collect$$libinit$$0000000A)
    .ARM.Collect$$libinit$$0000000C          0x08000252   Section        0  libinit2.o(.ARM.Collect$$libinit$$0000000C)
    .ARM.Collect$$libinit$$0000000E          0x08000252   Section        0  libinit2.o(.ARM.Collect$$libinit$$0000000E)
    .ARM.Collect$$libinit$$00000011          0x08000252   Section        0  libinit2.o(.ARM.Collect$$libinit$$00000011)
    .ARM.Collect$$libinit$$00000013          0x08000252   Section        0  libinit2.o(.ARM.Collect$$libinit$$00000013)
    .ARM.Collect$$libinit$$00000015          0x08000252   Section        0  libinit2.o(.ARM.Collect$$libinit$$00000015)
    .ARM.Collect$$libinit$$00000017          0x08000252   Section        0  libinit2.o(.ARM.Collect$$libinit$$00000017)
    .ARM.Collect$$libinit$$00000019          0x08000252   Section        0  libinit2.o(.ARM.Collect$$libinit$$00000019)
    .ARM.Collect$$libinit$$0000001B          0x08000252   Section        0  libinit2.o(.ARM.Collect$$libinit$$0000001B)
    .ARM.Collect$$libinit$$0000001D          0x08000252   Section        0  libinit2.o(.ARM.Collect$$libinit$$0000001D)
    .ARM.Collect$$libinit$$0000001F          0x08000252   Section        0  libinit2.o(.ARM.Collect$$libinit$$0000001F)
    .ARM.Collect$$libinit$$00000021          0x08000252   Section        0  libinit2.o(.ARM.Collect$$libinit$$00000021)
    .ARM.Collect$$libinit$$00000023          0x08000252   Section        0  libinit2.o(.ARM.Collect$$libinit$$00000023)
    .ARM.Collect$$libinit$$00000025          0x08000252   Section        0  libinit2.o(.ARM.Collect$$libinit$$00000025)
    .ARM.Collect$$libinit$$0000002C          0x08000252   Section        0  libinit2.o(.ARM.Collect$$libinit$$0000002C)
    .ARM.Collect$$libinit$$0000002E          0x08000252   Section        0  libinit2.o(.ARM.Collect$$libinit$$0000002E)
    .ARM.Collect$$libinit$$00000030          0x08000252   Section        0  libinit2.o(.ARM.Collect$$libinit$$00000030)
    .ARM.Collect$$libinit$$00000032          0x08000252   Section        0  libinit2.o(.ARM.Collect$$libinit$$00000032)
    .ARM.Collect$$libinit$$00000033          0x08000252   Section        2  libinit2.o(.ARM.Collect$$libinit$$00000033)
    .ARM.Collect$$libshutdown$$00000000      0x08000254   Section        2  libshutdown.o(.ARM.Collect$$libshutdown$$00000000)
    .ARM.Collect$$libshutdown$$00000002      0x08000256   Section        0  libshutdown2.o(.ARM.Collect$$libshutdown$$00000002)
    .ARM.Collect$$libshutdown$$00000004      0x08000256   Section        0  libshutdown2.o(.ARM.Collect$$libshutdown$$00000004)
    .ARM.Collect$$libshutdown$$00000006      0x08000256   Section        0  libshutdown2.o(.ARM.Collect$$libshutdown$$00000006)
    .ARM.Collect$$libshutdown$$00000009      0x08000256   Section        0  libshutdown2.o(.ARM.Collect$$libshutdown$$00000009)
    .ARM.Collect$$libshutdown$$0000000C      0x08000256   Section        0  libshutdown2.o(.ARM.Collect$$libshutdown$$0000000C)
    .ARM.Collect$$libshutdown$$0000000E      0x08000256   Section        0  libshutdown2.o(.ARM.Collect$$libshutdown$$0000000E)
    .ARM.Collect$$libshutdown$$00000011      0x08000256   Section        0  libshutdown2.o(.ARM.Collect$$libshutdown$$00000011)
    .ARM.Collect$$libshutdown$$00000012      0x08000256   Section        2  libshutdown2.o(.ARM.Collect$$libshutdown$$00000012)
    .ARM.Collect$$rtentry$$00000000          0x08000258   Section        0  __rtentry.o(.ARM.Collect$$rtentry$$00000000)
    .ARM.Collect$$rtentry$$00000002          0x08000258   Section        0  __rtentry2.o(.ARM.Collect$$rtentry$$00000002)
    .ARM.Collect$$rtentry$$00000004          0x08000258   Section        6  __rtentry4.o(.ARM.Collect$$rtentry$$00000004)
    .ARM.Collect$$rtentry$$00000009          0x0800025e   Section        0  __rtentry2.o(.ARM.Collect$$rtentry$$00000009)
    .ARM.Collect$$rtentry$$0000000A          0x0800025e   Section        4  __rtentry2.o(.ARM.Collect$$rtentry$$0000000A)
    .ARM.Collect$$rtentry$$0000000C          0x08000262   Section        0  __rtentry2.o(.ARM.Collect$$rtentry$$0000000C)
    .ARM.Collect$$rtentry$$0000000D          0x08000262   Section        8  __rtentry2.o(.ARM.Collect$$rtentry$$0000000D)
    .ARM.Collect$$rtexit$$00000000           0x0800026a   Section        2  rtexit.o(.ARM.Collect$$rtexit$$00000000)
    .ARM.Collect$$rtexit$$00000002           0x0800026c   Section        0  rtexit2.o(.ARM.Collect$$rtexit$$00000002)
    .ARM.Collect$$rtexit$$00000003           0x0800026c   Section        4  rtexit2.o(.ARM.Collect$$rtexit$$00000003)
    .ARM.Collect$$rtexit$$00000004           0x08000270   Section        6  rtexit2.o(.ARM.Collect$$rtexit$$00000004)
    .text                                    0x08000278   Section       64  startup_stm32g431xx.o(.text)
    $v0                                      0x08000278   Number         0  startup_stm32g431xx.o(.text)
    .text                                    0x080002b8   Section        2  use_no_semi_2.o(.text)
    .text                                    0x080002ba   Section      238  lludivv7m.o(.text)
    .text                                    0x080003a8   Section       78  rt_memclr_w.o(.text)
    .text                                    0x080003f6   Section        0  heapauxi.o(.text)
    .text                                    0x080003fc   Section        2  use_no_semi.o(.text)
    .text                                    0x080003fe   Section       74  sys_stackheap_outer.o(.text)
    .text                                    0x08000448   Section        0  exit.o(.text)
    .text                                    0x0800045c   Section        8  libspace.o(.text)
    i.BusFault_Handler                       0x08000464   Section        0  stm32g4xx_it.o(i.BusFault_Handler)
    i.DebugMon_Handler                       0x08000468   Section        0  stm32g4xx_it.o(i.DebugMon_Handler)
    i.FDCAN1_Send_Msg                        0x0800046c   Section        0  can.o(i.FDCAN1_Send_Msg)
    i.FDCAN_CalcultateRamBlockAddresses      0x080004ac   Section        0  stm32g4xx_hal_fdcan.o(i.FDCAN_CalcultateRamBlockAddresses)
    FDCAN_CalcultateRamBlockAddresses        0x080004ad   Thumb Code   102  stm32g4xx_hal_fdcan.o(i.FDCAN_CalcultateRamBlockAddresses)
    i.FDCAN_CopyMessageToRAM                 0x08000518   Section        0  stm32g4xx_hal_fdcan.o(i.FDCAN_CopyMessageToRAM)
    FDCAN_CopyMessageToRAM                   0x08000519   Thumb Code   202  stm32g4xx_hal_fdcan.o(i.FDCAN_CopyMessageToRAM)
    i.HAL_DMA_Abort                          0x080005e8   Section        0  stm32g4xx_hal_dma.o(i.HAL_DMA_Abort)
    i.HAL_DMA_Abort_IT                       0x0800065e   Section        0  stm32g4xx_hal_dma.o(i.HAL_DMA_Abort_IT)
    i.HAL_FDCAN_ActivateNotification         0x080006f2   Section        0  stm32g4xx_hal_fdcan.o(i.HAL_FDCAN_ActivateNotification)
    i.HAL_FDCAN_AddMessageToTxFifoQ          0x08000814   Section        0  stm32g4xx_hal_fdcan.o(i.HAL_FDCAN_AddMessageToTxFifoQ)
    i.HAL_FDCAN_ConfigFilter                 0x0800087e   Section        0  stm32g4xx_hal_fdcan.o(i.HAL_FDCAN_ConfigFilter)
    i.HAL_FDCAN_ErrorCallback                0x080008e2   Section        0  stm32g4xx_hal_fdcan.o(i.HAL_FDCAN_ErrorCallback)
    i.HAL_FDCAN_ErrorStatusCallback          0x080008e4   Section        0  stm32g4xx_hal_fdcan.o(i.HAL_FDCAN_ErrorStatusCallback)
    i.HAL_FDCAN_HighPriorityMessageCallback  0x080008e6   Section        0  stm32g4xx_hal_fdcan.o(i.HAL_FDCAN_HighPriorityMessageCallback)
    i.HAL_FDCAN_Init                         0x080008e8   Section        0  stm32g4xx_hal_fdcan.o(i.HAL_FDCAN_Init)
    i.HAL_FDCAN_MspInit                      0x08000b6c   Section        0  can.o(i.HAL_FDCAN_MspInit)
    i.HAL_FDCAN_RxFifo0Callback              0x08000bf8   Section        0  stm32g4xx_hal_fdcan.o(i.HAL_FDCAN_RxFifo0Callback)
    i.HAL_FDCAN_RxFifo1Callback              0x08000bfa   Section        0  stm32g4xx_hal_fdcan.o(i.HAL_FDCAN_RxFifo1Callback)
    i.HAL_FDCAN_Start                        0x08000bfc   Section        0  stm32g4xx_hal_fdcan.o(i.HAL_FDCAN_Start)
    i.HAL_FDCAN_TimeoutOccurredCallback      0x08000c2a   Section        0  stm32g4xx_hal_fdcan.o(i.HAL_FDCAN_TimeoutOccurredCallback)
    i.HAL_FDCAN_TimestampWraparoundCallback  0x08000c2c   Section        0  stm32g4xx_hal_fdcan.o(i.HAL_FDCAN_TimestampWraparoundCallback)
    i.HAL_FDCAN_TxBufferAbortCallback        0x08000c2e   Section        0  stm32g4xx_hal_fdcan.o(i.HAL_FDCAN_TxBufferAbortCallback)
    i.HAL_FDCAN_TxBufferCompleteCallback     0x08000c30   Section        0  stm32g4xx_hal_fdcan.o(i.HAL_FDCAN_TxBufferCompleteCallback)
    i.HAL_FDCAN_TxEventFifoCallback          0x08000c32   Section        0  stm32g4xx_hal_fdcan.o(i.HAL_FDCAN_TxEventFifoCallback)
    i.HAL_FDCAN_TxFifoEmptyCallback          0x08000c34   Section        0  stm32g4xx_hal_fdcan.o(i.HAL_FDCAN_TxFifoEmptyCallback)
    i.HAL_GPIO_Init                          0x08000c38   Section        0  stm32g4xx_hal_gpio.o(i.HAL_GPIO_Init)
    i.HAL_GPIO_ReadPin                       0x08000e10   Section        0  stm32g4xx_hal_gpio.o(i.HAL_GPIO_ReadPin)
    i.HAL_GPIO_WritePin                      0x08000e20   Section        0  stm32g4xx_hal_gpio.o(i.HAL_GPIO_WritePin)
    i.HAL_GetREVID                           0x08000e2c   Section        0  stm32g4xx_hal.o(i.HAL_GetREVID)
    i.HAL_GetTick                            0x08000e38   Section        0  stm32g4xx_hal.o(i.HAL_GetTick)
    i.HAL_IncTick                            0x08000e44   Section        0  stm32g4xx_hal.o(i.HAL_IncTick)
    i.HAL_Init                               0x08000e5c   Section        0  stm32g4xx_hal.o(i.HAL_Init)
    i.HAL_InitTick                           0x08000e7c   Section        0  stm32g4xx_hal.o(i.HAL_InitTick)
    i.HAL_MspInit                            0x08000ed4   Section        0  stm32g4xx_hal_msp_template.o(i.HAL_MspInit)
    i.HAL_NVIC_EnableIRQ                     0x08000ed6   Section        0  stm32g4xx_hal_cortex.o(i.HAL_NVIC_EnableIRQ)
    i.HAL_NVIC_SetPriority                   0x08000efe   Section        0  stm32g4xx_hal_cortex.o(i.HAL_NVIC_SetPriority)
    i.HAL_NVIC_SetPriorityGrouping           0x08000f78   Section        0  stm32g4xx_hal_cortex.o(i.HAL_NVIC_SetPriorityGrouping)
    i.HAL_RCCEx_PeriphCLKConfig              0x08000fa0   Section        0  stm32g4xx_hal_rcc_ex.o(i.HAL_RCCEx_PeriphCLKConfig)
    i.HAL_RCC_ClockConfig                    0x08001310   Section        0  stm32g4xx_hal_rcc.o(i.HAL_RCC_ClockConfig)
    i.HAL_RCC_GetHCLKFreq                    0x08001534   Section        0  stm32g4xx_hal_rcc.o(i.HAL_RCC_GetHCLKFreq)
    i.HAL_RCC_GetPCLK1Freq                   0x08001540   Section        0  stm32g4xx_hal_rcc.o(i.HAL_RCC_GetPCLK1Freq)
    i.HAL_RCC_GetPCLK2Freq                   0x08001564   Section        0  stm32g4xx_hal_rcc.o(i.HAL_RCC_GetPCLK2Freq)
    i.HAL_RCC_GetSysClockFreq                0x08001588   Section        0  stm32g4xx_hal_rcc.o(i.HAL_RCC_GetSysClockFreq)
    i.HAL_RCC_OscConfig                      0x08001620   Section        0  stm32g4xx_hal_rcc.o(i.HAL_RCC_OscConfig)
    i.HAL_SYSTICK_Config                     0x08001b88   Section        0  stm32g4xx_hal_cortex.o(i.HAL_SYSTICK_Config)
    i.HAL_TIMEx_Break2Callback               0x08001bbc   Section        0  stm32g4xx_hal_tim_ex.o(i.HAL_TIMEx_Break2Callback)
    i.HAL_TIMEx_BreakCallback                0x08001bbe   Section        0  stm32g4xx_hal_tim_ex.o(i.HAL_TIMEx_BreakCallback)
    i.HAL_TIMEx_CommutCallback               0x08001bc0   Section        0  stm32g4xx_hal_tim_ex.o(i.HAL_TIMEx_CommutCallback)
    i.HAL_TIMEx_DirectionChangeCallback      0x08001bc2   Section        0  stm32g4xx_hal_tim_ex.o(i.HAL_TIMEx_DirectionChangeCallback)
    i.HAL_TIMEx_EncoderIndexCallback         0x08001bc4   Section        0  stm32g4xx_hal_tim_ex.o(i.HAL_TIMEx_EncoderIndexCallback)
    i.HAL_TIMEx_IndexErrorCallback           0x08001bc6   Section        0  stm32g4xx_hal_tim_ex.o(i.HAL_TIMEx_IndexErrorCallback)
    i.HAL_TIMEx_TransitionErrorCallback      0x08001bc8   Section        0  stm32g4xx_hal_tim_ex.o(i.HAL_TIMEx_TransitionErrorCallback)
    i.HAL_TIM_Base_Init                      0x08001bca   Section        0  stm32g4xx_hal_tim.o(i.HAL_TIM_Base_Init)
    i.HAL_TIM_Base_MspInit                   0x08001c38   Section        0  btim.o(i.HAL_TIM_Base_MspInit)
    i.HAL_TIM_Base_Start_IT                  0x08001c80   Section        0  stm32g4xx_hal_tim.o(i.HAL_TIM_Base_Start_IT)
    i.HAL_TIM_IC_CaptureCallback             0x08001d1c   Section        0  stm32g4xx_hal_tim.o(i.HAL_TIM_IC_CaptureCallback)
    i.HAL_TIM_IRQHandler                     0x08001d1e   Section        0  stm32g4xx_hal_tim.o(i.HAL_TIM_IRQHandler)
    i.HAL_TIM_OC_DelayElapsedCallback        0x08001f5e   Section        0  stm32g4xx_hal_tim.o(i.HAL_TIM_OC_DelayElapsedCallback)
    i.HAL_TIM_PWM_PulseFinishedCallback      0x08001f60   Section        0  stm32g4xx_hal_tim.o(i.HAL_TIM_PWM_PulseFinishedCallback)
    i.HAL_TIM_PeriodElapsedCallback          0x08001f64   Section        0  btim.o(i.HAL_TIM_PeriodElapsedCallback)
    i.HAL_TIM_TriggerCallback                0x08001f7c   Section        0  stm32g4xx_hal_tim.o(i.HAL_TIM_TriggerCallback)
    i.HAL_UARTEx_RxEventCallback             0x08001f7e   Section        0  stm32g4xx_hal_uart.o(i.HAL_UARTEx_RxEventCallback)
    i.HAL_UARTEx_RxFifoFullCallback          0x08001f80   Section        0  stm32g4xx_hal_uart_ex.o(i.HAL_UARTEx_RxFifoFullCallback)
    i.HAL_UARTEx_TxFifoEmptyCallback         0x08001f82   Section        0  stm32g4xx_hal_uart_ex.o(i.HAL_UARTEx_TxFifoEmptyCallback)
    i.HAL_UARTEx_WakeupCallback              0x08001f84   Section        0  stm32g4xx_hal_uart_ex.o(i.HAL_UARTEx_WakeupCallback)
    i.HAL_UART_ErrorCallback                 0x08001f86   Section        0  stm32g4xx_hal_uart.o(i.HAL_UART_ErrorCallback)
    i.HAL_UART_IRQHandler                    0x08001f88   Section        0  stm32g4xx_hal_uart.o(i.HAL_UART_IRQHandler)
    i.HAL_UART_Init                          0x08002290   Section        0  stm32g4xx_hal_uart.o(i.HAL_UART_Init)
    i.HAL_UART_MspInit                       0x08002308   Section        0  usart.o(i.HAL_UART_MspInit)
    i.HAL_UART_Receive_IT                    0x080023c0   Section        0  stm32g4xx_hal_uart.o(i.HAL_UART_Receive_IT)
    i.HAL_UART_RxCpltCallback                0x08002424   Section        0  usart.o(i.HAL_UART_RxCpltCallback)
    i.HAL_UART_TxCpltCallback                0x080024c0   Section        0  stm32g4xx_hal_uart.o(i.HAL_UART_TxCpltCallback)
    i.HardFault_Handler                      0x080024c2   Section        0  stm32g4xx_it.o(i.HardFault_Handler)
    i.Hard_devInit                           0x080024c6   Section        0  task.o(i.Hard_devInit)
    i.MLX90393_Ack                           0x080024f8   Section        0  mlx90393.o(i.MLX90393_Ack)
    i.MLX90393_IIC_Init                      0x08002554   Section        0  mlx90393.o(i.MLX90393_IIC_Init)
    i.MLX90393_NAck                          0x080025e0   Section        0  mlx90393.o(i.MLX90393_NAck)
    i.MLX90393_Read_Byte                     0x0800263c   Section        0  mlx90393.o(i.MLX90393_Read_Byte)
    i.MLX90393_SDA_IN                        0x080026a8   Section        0  mlx90393.o(i.MLX90393_SDA_IN)
    i.MLX90393_SDA_OUT                       0x080026e8   Section        0  mlx90393.o(i.MLX90393_SDA_OUT)
    i.MLX90393_Send_Byte                     0x0800272c   Section        0  mlx90393.o(i.MLX90393_Send_Byte)
    i.MLX90393_Start                         0x080027b8   Section        0  mlx90393.o(i.MLX90393_Start)
    i.MLX90393_Stop                          0x08002814   Section        0  mlx90393.o(i.MLX90393_Stop)
    i.MLX90393_Wait_Ack                      0x08002870   Section        0  mlx90393.o(i.MLX90393_Wait_Ack)
    i.MX_FDCAN1_Init                         0x080028dc   Section        0  can.o(i.MX_FDCAN1_Init)
    i.MemManage_Handler                      0x08002964   Section        0  stm32g4xx_it.o(i.MemManage_Handler)
    i.NMI_Handler                            0x08002968   Section        0  stm32g4xx_it.o(i.NMI_Handler)
    i.OS_IT_RUN                              0x0800296c   Section        0  api_schedule.o(i.OS_IT_RUN)
    i.PeachOSRun                             0x080029d0   Section        0  api_schedule.o(i.PeachOSRun)
    i.PendSV_Handler                         0x08002a1c   Section        0  stm32g4xx_it.o(i.PendSV_Handler)
    i.RCC_GetSysClockFreqFromPLLSource       0x08002a20   Section        0  stm32g4xx_hal_rcc.o(i.RCC_GetSysClockFreqFromPLLSource)
    RCC_GetSysClockFreqFromPLLSource         0x08002a21   Thumb Code    90  stm32g4xx_hal_rcc.o(i.RCC_GetSysClockFreqFromPLLSource)
    i.SVC_Handler                            0x08002a88   Section        0  stm32g4xx_it.o(i.SVC_Handler)
    i.SysTick_Handler                        0x08002a8a   Section        0  stm32g4xx_it.o(i.SysTick_Handler)
    i.SystemInit                             0x08002a94   Section        0  system_stm32g4xx.o(i.SystemInit)
    i.TIM6_DAC_IRQHandler                    0x08002aa8   Section        0  btim.o(i.TIM6_DAC_IRQHandler)
    i.TIM_Base_SetConfig                     0x08002ab8   Section        0  stm32g4xx_hal_tim.o(i.TIM_Base_SetConfig)
    i.Task_CanjoysticRun                     0x08002b74   Section        0  task.o(i.Task_CanjoysticRun)
    i.Task_GetMlx90393                       0x08002b94   Section        0  task.o(i.Task_GetMlx90393)
    i.Task_R9DataScope                       0x08002bb8   Section        0  task.o(i.Task_R9DataScope)
    i.UART_AdvFeatureConfig                  0x08002bba   Section        0  stm32g4xx_hal_uart.o(i.UART_AdvFeatureConfig)
    i.UART_CheckIdleState                    0x08002cb2   Section        0  stm32g4xx_hal_uart.o(i.UART_CheckIdleState)
    i.UART_DMAAbortOnError                   0x08002d28   Section        0  stm32g4xx_hal_uart.o(i.UART_DMAAbortOnError)
    UART_DMAAbortOnError                     0x08002d29   Thumb Code    24  stm32g4xx_hal_uart.o(i.UART_DMAAbortOnError)
    i.UART_EndRxTransfer                     0x08002d40   Section        0  stm32g4xx_hal_uart.o(i.UART_EndRxTransfer)
    UART_EndRxTransfer                       0x08002d41   Thumb Code    56  stm32g4xx_hal_uart.o(i.UART_EndRxTransfer)
    i.UART_EndTransmit_IT                    0x08002d7c   Section        0  stm32g4xx_hal_uart.o(i.UART_EndTransmit_IT)
    UART_EndTransmit_IT                      0x08002d7d   Thumb Code    34  stm32g4xx_hal_uart.o(i.UART_EndTransmit_IT)
    i.UART_RxISR_16BIT                       0x08002d9e   Section        0  stm32g4xx_hal_uart.o(i.UART_RxISR_16BIT)
    UART_RxISR_16BIT                         0x08002d9f   Thumb Code   146  stm32g4xx_hal_uart.o(i.UART_RxISR_16BIT)
    i.UART_RxISR_16BIT_FIFOEN                0x08002e30   Section        0  stm32g4xx_hal_uart.o(i.UART_RxISR_16BIT_FIFOEN)
    UART_RxISR_16BIT_FIFOEN                  0x08002e31   Thumb Code   348  stm32g4xx_hal_uart.o(i.UART_RxISR_16BIT_FIFOEN)
    i.UART_RxISR_8BIT                        0x08002f94   Section        0  stm32g4xx_hal_uart.o(i.UART_RxISR_8BIT)
    UART_RxISR_8BIT                          0x08002f95   Thumb Code   142  stm32g4xx_hal_uart.o(i.UART_RxISR_8BIT)
    i.UART_RxISR_8BIT_FIFOEN                 0x08003024   Section        0  stm32g4xx_hal_uart.o(i.UART_RxISR_8BIT_FIFOEN)
    UART_RxISR_8BIT_FIFOEN                   0x08003025   Thumb Code   346  stm32g4xx_hal_uart.o(i.UART_RxISR_8BIT_FIFOEN)
    i.UART_SetConfig                         0x08003188   Section        0  stm32g4xx_hal_uart.o(i.UART_SetConfig)
    i.UART_Start_Receive_IT                  0x08003514   Section        0  stm32g4xx_hal_uart.o(i.UART_Start_Receive_IT)
    i.UART_WaitOnFlagUntilTimeout            0x08003624   Section        0  stm32g4xx_hal_uart.o(i.UART_WaitOnFlagUntilTimeout)
    i.USART1_IRQHandler                      0x080036e4   Section        0  usart.o(i.USART1_IRQHandler)
    i.UsageFault_Handler                     0x080036f4   Section        0  stm32g4xx_it.o(i.UsageFault_Handler)
    i.__NVIC_GetPriorityGrouping             0x080036f8   Section        0  stm32g4xx_hal_cortex.o(i.__NVIC_GetPriorityGrouping)
    __NVIC_GetPriorityGrouping               0x080036f9   Thumb Code    10  stm32g4xx_hal_cortex.o(i.__NVIC_GetPriorityGrouping)
    i.__NVIC_SetPriority                     0x08003708   Section        0  stm32g4xx_hal_cortex.o(i.__NVIC_SetPriority)
    __NVIC_SetPriority                       0x08003709   Thumb Code    32  stm32g4xx_hal_cortex.o(i.__NVIC_SetPriority)
    i._sys_exit                              0x08003730   Section        0  usart.o(i._sys_exit)
    i.btim_timx_int_init                     0x08003734   Section        0  btim.o(i.btim_timx_int_init)
    i.delay_init                             0x08003760   Section        0  delay.o(i.delay_init)
    i.delay_ms                               0x0800376c   Section        0  delay.o(i.delay_ms)
    i.delay_us                               0x08003780   Section        0  delay.o(i.delay_us)
    i.filterValue_int32                      0x080037c8   Section        0  mlx90393.o(i.filterValue_int32)
    i.filter_init                            0x08003810   Section        0  mlx90393.o(i.filter_init)
    i.initializeFilter                       0x08003828   Section        0  mlx90393.o(i.initializeFilter)
    i.main                                   0x0800385c   Section        0  main.o(i.main)
    i.mlx_90393_CAN_Trans                    0x08003868   Section        0  mlx90393can_send.o(i.mlx_90393_CAN_Trans)
    i.mlx_90393_offset                       0x080038b4   Section        0  mlx90393.o(i.mlx_90393_offset)
    i.mlx_90393_offsetcacu                   0x08003908   Section        0  mlx90393.o(i.mlx_90393_offsetcacu)
    i.sys_stm32_clock_init                   0x08003944   Section        0  sys.o(i.sys_stm32_clock_init)
    i.ucCheckReadMlxStatusErro               0x08003a10   Section        0  mlx90393.o(i.ucCheckReadMlxStatusErro)
    i.ucMLX90393WriteCommand                 0x08003a42   Section        0  mlx90393.o(i.ucMLX90393WriteCommand)
    i.ucMLX90393WriteReg                     0x08003a76   Section        0  mlx90393.o(i.ucMLX90393WriteReg)
    i.usart_init                             0x08003ac4   Section        0  usart.o(i.usart_init)
    i.vCmdMlxAndWaiteErroTimes               0x08003afc   Section        0  mlx90393.o(i.vCmdMlxAndWaiteErroTimes)
    i.vCmdMlxWriteRegAndWaite                0x08003b48   Section        0  mlx90393.o(i.vCmdMlxWriteRegAndWaite)
    i.vInMeasurementNormal                   0x08003b98   Section        0  mlx90393.o(i.vInMeasurementNormal)
    i.vSetUpMlx90393                         0x08003c6c   Section        0  mlx90393.o(i.vSetUpMlx90393)
    x$fpl$fpinit                             0x08003d38   Section       10  fpinit.o(x$fpl$fpinit)
    $v0                                      0x08003d38   Number         0  fpinit.o(x$fpl$fpinit)
    .constdata                               0x08003d42   Section       24  system_stm32g4xx.o(.constdata)
    .constdata                               0x08003d5a   Section       24  stm32g4xx_hal_uart.o(.constdata)
    .constdata                               0x08003d72   Section       16  stm32g4xx_hal_fdcan.o(.constdata)
    DLCtoBytes                               0x08003d72   Data          16  stm32g4xx_hal_fdcan.o(.constdata)
    .data                                    0x20000000   Section        4  system_stm32g4xx.o(.data)
    .data                                    0x20000004   Section        4  delay.o(.data)
    g_fac_us                                 0x20000004   Data           4  delay.o(.data)
    .data                                    0x20000008   Section        7  usart.o(.data)
    .data                                    0x20000010   Section       12  stm32g4xx_hal.o(.data)
    .data                                    0x2000001c   Section       37  api_schedule.o(.data)
    .bss                                     0x20000044   Section      344  usart.o(.bss)
    .bss                                     0x200001a0   Section      256  mlx90393.o(.bss)
    .bss                                     0x200002a0   Section      228  can.o(.bss)
    .bss                                     0x20000384   Section       76  btim.o(.bss)
    .bss                                     0x200003d0   Section       96  libspace.o(.bss)
    HEAP                                     0x20000430   Section      512  startup_stm32g431xx.o(HEAP)
    Heap_Mem                                 0x20000430   Data         512  startup_stm32g431xx.o(HEAP)
    STACK                                    0x20000630   Section     1024  startup_stm32g431xx.o(STACK)
    Stack_Mem                                0x20000630   Data        1024  startup_stm32g431xx.o(STACK)
    __initial_sp                             0x20000a30   Data           0  startup_stm32g431xx.o(STACK)

    Global Symbols

    Symbol Name                              Value     Ov Type        Size  Object(Section)

    BuildAttributes$$THM_ISAv4$E$P$D$K$B$S$7EM$VFPi3$EXTD16$VFPS$VFMA$PE$A:L22UL41UL21$X:L11$S22US41US21$IEEE1$IW$USESV6$~STKCKD$USESV7$~SHL$OSPACE$ROPI$EBA8$UX$STANDARDLIB$REQ8$PRES8$EABIv2 0x00000000   Number         0  anon$$obj.o ABSOLUTE
    __ARM_use_no_argv                        0x00000000   Number         0  main.o ABSOLUTE
    __ARM_exceptions_init                     - Undefined Weak Reference
    __alloca_initialize                       - Undefined Weak Reference
    __arm_fini_                               - Undefined Weak Reference
    __arm_preinit_                            - Undefined Weak Reference
    __cpp_initialize__aeabi_                  - Undefined Weak Reference
    __cxa_finalize                            - Undefined Weak Reference
    __rt_locale                               - Undefined Weak Reference
    __sigvec_lookup                           - Undefined Weak Reference
    _atexit_init                              - Undefined Weak Reference
    _call_atexit_fns                          - Undefined Weak Reference
    _clock_init                               - Undefined Weak Reference
    _fp_trap_init                             - Undefined Weak Reference
    _fp_trap_shutdown                         - Undefined Weak Reference
    _get_lc_collate                           - Undefined Weak Reference
    _get_lc_ctype                             - Undefined Weak Reference
    _get_lc_monetary                          - Undefined Weak Reference
    _get_lc_numeric                           - Undefined Weak Reference
    _get_lc_time                              - Undefined Weak Reference
    _getenv_init                              - Undefined Weak Reference
    _handle_redirection                       - Undefined Weak Reference
    _init_alloc                               - Undefined Weak Reference
    _init_user_alloc                          - Undefined Weak Reference
    _initio                                   - Undefined Weak Reference
    _rand_init                                - Undefined Weak Reference
    _signal_finish                            - Undefined Weak Reference
    _signal_init                              - Undefined Weak Reference
    _terminate_alloc                          - Undefined Weak Reference
    _terminate_user_alloc                     - Undefined Weak Reference
    _terminateio                              - Undefined Weak Reference
    __Vectors_Size                           0x000001d8   Number         0  startup_stm32g431xx.o ABSOLUTE
    __Vectors                                0x08000000   Data           4  startup_stm32g431xx.o(RESET)
    __Vectors_End                            0x080001d8   Data           0  startup_stm32g431xx.o(RESET)
    __main                                   0x080001d9   Thumb Code     8  __main.o(!!!main)
    __scatterload                            0x080001e1   Thumb Code     0  __scatter.o(!!!scatter)
    __scatterload_rt2                        0x080001e1   Thumb Code    44  __scatter.o(!!!scatter)
    __scatterload_rt2_thumb_only             0x080001e1   Thumb Code     0  __scatter.o(!!!scatter)
    __scatterload_null                       0x080001ef   Thumb Code     0  __scatter.o(!!!scatter)
    __scatterload_copy                       0x08000215   Thumb Code    26  __scatter_copy.o(!!handler_copy)
    __scatterload_zeroinit                   0x08000231   Thumb Code    28  __scatter_zi.o(!!handler_zi)
    __rt_lib_init                            0x0800024d   Thumb Code     0  libinit.o(.ARM.Collect$$libinit$$00000000)
    __rt_lib_init_fp_1                       0x0800024f   Thumb Code     0  libinit2.o(.ARM.Collect$$libinit$$00000001)
    __rt_lib_init_alloca_1                   0x08000253   Thumb Code     0  libinit2.o(.ARM.Collect$$libinit$$0000002E)
    __rt_lib_init_argv_1                     0x08000253   Thumb Code     0  libinit2.o(.ARM.Collect$$libinit$$0000002C)
    __rt_lib_init_atexit_1                   0x08000253   Thumb Code     0  libinit2.o(.ARM.Collect$$libinit$$0000001B)
    __rt_lib_init_clock_1                    0x08000253   Thumb Code     0  libinit2.o(.ARM.Collect$$libinit$$00000021)
    __rt_lib_init_cpp_1                      0x08000253   Thumb Code     0  libinit2.o(.ARM.Collect$$libinit$$00000032)
    __rt_lib_init_exceptions_1               0x08000253   Thumb Code     0  libinit2.o(.ARM.Collect$$libinit$$00000030)
    __rt_lib_init_fp_trap_1                  0x08000253   Thumb Code     0  libinit2.o(.ARM.Collect$$libinit$$0000001F)
    __rt_lib_init_getenv_1                   0x08000253   Thumb Code     0  libinit2.o(.ARM.Collect$$libinit$$00000023)
    __rt_lib_init_heap_1                     0x08000253   Thumb Code     0  libinit2.o(.ARM.Collect$$libinit$$0000000A)
    __rt_lib_init_lc_collate_1               0x08000253   Thumb Code     0  libinit2.o(.ARM.Collect$$libinit$$00000011)
    __rt_lib_init_lc_ctype_1                 0x08000253   Thumb Code     0  libinit2.o(.ARM.Collect$$libinit$$00000013)
    __rt_lib_init_lc_monetary_1              0x08000253   Thumb Code     0  libinit2.o(.ARM.Collect$$libinit$$00000015)
    __rt_lib_init_lc_numeric_1               0x08000253   Thumb Code     0  libinit2.o(.ARM.Collect$$libinit$$00000017)
    __rt_lib_init_lc_time_1                  0x08000253   Thumb Code     0  libinit2.o(.ARM.Collect$$libinit$$00000019)
    __rt_lib_init_preinit_1                  0x08000253   Thumb Code     0  libinit2.o(.ARM.Collect$$libinit$$00000004)
    __rt_lib_init_rand_1                     0x08000253   Thumb Code     0  libinit2.o(.ARM.Collect$$libinit$$0000000E)
    __rt_lib_init_return                     0x08000253   Thumb Code     0  libinit2.o(.ARM.Collect$$libinit$$00000033)
    __rt_lib_init_signal_1                   0x08000253   Thumb Code     0  libinit2.o(.ARM.Collect$$libinit$$0000001D)
    __rt_lib_init_stdio_1                    0x08000253   Thumb Code     0  libinit2.o(.ARM.Collect$$libinit$$00000025)
    __rt_lib_init_user_alloc_1               0x08000253   Thumb Code     0  libinit2.o(.ARM.Collect$$libinit$$0000000C)
    __rt_lib_shutdown                        0x08000255   Thumb Code     0  libshutdown.o(.ARM.Collect$$libshutdown$$00000000)
    __rt_lib_shutdown_cpp_1                  0x08000257   Thumb Code     0  libshutdown2.o(.ARM.Collect$$libshutdown$$00000004)
    __rt_lib_shutdown_fini_1                 0x08000257   Thumb Code     0  libshutdown2.o(.ARM.Collect$$libshutdown$$00000002)
    __rt_lib_shutdown_fp_trap_1              0x08000257   Thumb Code     0  libshutdown2.o(.ARM.Collect$$libshutdown$$00000009)
    __rt_lib_shutdown_heap_1                 0x08000257   Thumb Code     0  libshutdown2.o(.ARM.Collect$$libshutdown$$00000011)
    __rt_lib_shutdown_return                 0x08000257   Thumb Code     0  libshutdown2.o(.ARM.Collect$$libshutdown$$00000012)
    __rt_lib_shutdown_signal_1               0x08000257   Thumb Code     0  libshutdown2.o(.ARM.Collect$$libshutdown$$0000000C)
    __rt_lib_shutdown_stdio_1                0x08000257   Thumb Code     0  libshutdown2.o(.ARM.Collect$$libshutdown$$00000006)
    __rt_lib_shutdown_user_alloc_1           0x08000257   Thumb Code     0  libshutdown2.o(.ARM.Collect$$libshutdown$$0000000E)
    __rt_entry                               0x08000259   Thumb Code     0  __rtentry.o(.ARM.Collect$$rtentry$$00000000)
    __rt_entry_presh_1                       0x08000259   Thumb Code     0  __rtentry2.o(.ARM.Collect$$rtentry$$00000002)
    __rt_entry_sh                            0x08000259   Thumb Code     0  __rtentry4.o(.ARM.Collect$$rtentry$$00000004)
    __rt_entry_li                            0x0800025f   Thumb Code     0  __rtentry2.o(.ARM.Collect$$rtentry$$0000000A)
    __rt_entry_postsh_1                      0x0800025f   Thumb Code     0  __rtentry2.o(.ARM.Collect$$rtentry$$00000009)
    __rt_entry_main                          0x08000263   Thumb Code     0  __rtentry2.o(.ARM.Collect$$rtentry$$0000000D)
    __rt_entry_postli_1                      0x08000263   Thumb Code     0  __rtentry2.o(.ARM.Collect$$rtentry$$0000000C)
    __rt_exit                                0x0800026b   Thumb Code     0  rtexit.o(.ARM.Collect$$rtexit$$00000000)
    __rt_exit_ls                             0x0800026d   Thumb Code     0  rtexit2.o(.ARM.Collect$$rtexit$$00000003)
    __rt_exit_prels_1                        0x0800026d   Thumb Code     0  rtexit2.o(.ARM.Collect$$rtexit$$00000002)
    __rt_exit_exit                           0x08000271   Thumb Code     0  rtexit2.o(.ARM.Collect$$rtexit$$00000004)
    Reset_Handler                            0x08000279   Thumb Code     8  startup_stm32g431xx.o(.text)
    ADC1_2_IRQHandler                        0x08000293   Thumb Code     0  startup_stm32g431xx.o(.text)
    COMP1_2_3_IRQHandler                     0x08000293   Thumb Code     0  startup_stm32g431xx.o(.text)
    COMP4_IRQHandler                         0x08000293   Thumb Code     0  startup_stm32g431xx.o(.text)
    CORDIC_IRQHandler                        0x08000293   Thumb Code     0  startup_stm32g431xx.o(.text)
    CRS_IRQHandler                           0x08000293   Thumb Code     0  startup_stm32g431xx.o(.text)
    DMA1_Channel1_IRQHandler                 0x08000293   Thumb Code     0  startup_stm32g431xx.o(.text)
    DMA1_Channel2_IRQHandler                 0x08000293   Thumb Code     0  startup_stm32g431xx.o(.text)
    DMA1_Channel3_IRQHandler                 0x08000293   Thumb Code     0  startup_stm32g431xx.o(.text)
    DMA1_Channel4_IRQHandler                 0x08000293   Thumb Code     0  startup_stm32g431xx.o(.text)
    DMA1_Channel5_IRQHandler                 0x08000293   Thumb Code     0  startup_stm32g431xx.o(.text)
    DMA1_Channel6_IRQHandler                 0x08000293   Thumb Code     0  startup_stm32g431xx.o(.text)
    DMA2_Channel1_IRQHandler                 0x08000293   Thumb Code     0  startup_stm32g431xx.o(.text)
    DMA2_Channel2_IRQHandler                 0x08000293   Thumb Code     0  startup_stm32g431xx.o(.text)
    DMA2_Channel3_IRQHandler                 0x08000293   Thumb Code     0  startup_stm32g431xx.o(.text)
    DMA2_Channel4_IRQHandler                 0x08000293   Thumb Code     0  startup_stm32g431xx.o(.text)
    DMA2_Channel5_IRQHandler                 0x08000293   Thumb Code     0  startup_stm32g431xx.o(.text)
    DMA2_Channel6_IRQHandler                 0x08000293   Thumb Code     0  startup_stm32g431xx.o(.text)
    DMAMUX_OVR_IRQHandler                    0x08000293   Thumb Code     0  startup_stm32g431xx.o(.text)
    EXTI0_IRQHandler                         0x08000293   Thumb Code     0  startup_stm32g431xx.o(.text)
    EXTI15_10_IRQHandler                     0x08000293   Thumb Code     0  startup_stm32g431xx.o(.text)
    EXTI1_IRQHandler                         0x08000293   Thumb Code     0  startup_stm32g431xx.o(.text)
    EXTI2_IRQHandler                         0x08000293   Thumb Code     0  startup_stm32g431xx.o(.text)
    EXTI3_IRQHandler                         0x08000293   Thumb Code     0  startup_stm32g431xx.o(.text)
    EXTI4_IRQHandler                         0x08000293   Thumb Code     0  startup_stm32g431xx.o(.text)
    EXTI9_5_IRQHandler                       0x08000293   Thumb Code     0  startup_stm32g431xx.o(.text)
    FDCAN1_IT0_IRQHandler                    0x08000293   Thumb Code     0  startup_stm32g431xx.o(.text)
    FDCAN1_IT1_IRQHandler                    0x08000293   Thumb Code     0  startup_stm32g431xx.o(.text)
    FLASH_IRQHandler                         0x08000293   Thumb Code     0  startup_stm32g431xx.o(.text)
    FMAC_IRQHandler                          0x08000293   Thumb Code     0  startup_stm32g431xx.o(.text)
    FPU_IRQHandler                           0x08000293   Thumb Code     0  startup_stm32g431xx.o(.text)
    I2C1_ER_IRQHandler                       0x08000293   Thumb Code     0  startup_stm32g431xx.o(.text)
    I2C1_EV_IRQHandler                       0x08000293   Thumb Code     0  startup_stm32g431xx.o(.text)
    I2C2_ER_IRQHandler                       0x08000293   Thumb Code     0  startup_stm32g431xx.o(.text)
    I2C2_EV_IRQHandler                       0x08000293   Thumb Code     0  startup_stm32g431xx.o(.text)
    I2C3_ER_IRQHandler                       0x08000293   Thumb Code     0  startup_stm32g431xx.o(.text)
    I2C3_EV_IRQHandler                       0x08000293   Thumb Code     0  startup_stm32g431xx.o(.text)
    LPTIM1_IRQHandler                        0x08000293   Thumb Code     0  startup_stm32g431xx.o(.text)
    LPUART1_IRQHandler                       0x08000293   Thumb Code     0  startup_stm32g431xx.o(.text)
    PVD_PVM_IRQHandler                       0x08000293   Thumb Code     0  startup_stm32g431xx.o(.text)
    RCC_IRQHandler                           0x08000293   Thumb Code     0  startup_stm32g431xx.o(.text)
    RNG_IRQHandler                           0x08000293   Thumb Code     0  startup_stm32g431xx.o(.text)
    RTC_Alarm_IRQHandler                     0x08000293   Thumb Code     0  startup_stm32g431xx.o(.text)
    RTC_TAMP_LSECSS_IRQHandler               0x08000293   Thumb Code     0  startup_stm32g431xx.o(.text)
    RTC_WKUP_IRQHandler                      0x08000293   Thumb Code     0  startup_stm32g431xx.o(.text)
    SAI1_IRQHandler                          0x08000293   Thumb Code     0  startup_stm32g431xx.o(.text)
    SPI1_IRQHandler                          0x08000293   Thumb Code     0  startup_stm32g431xx.o(.text)
    SPI2_IRQHandler                          0x08000293   Thumb Code     0  startup_stm32g431xx.o(.text)
    SPI3_IRQHandler                          0x08000293   Thumb Code     0  startup_stm32g431xx.o(.text)
    TIM1_BRK_TIM15_IRQHandler                0x08000293   Thumb Code     0  startup_stm32g431xx.o(.text)
    TIM1_CC_IRQHandler                       0x08000293   Thumb Code     0  startup_stm32g431xx.o(.text)
    TIM1_TRG_COM_TIM17_IRQHandler            0x08000293   Thumb Code     0  startup_stm32g431xx.o(.text)
    TIM1_UP_TIM16_IRQHandler                 0x08000293   Thumb Code     0  startup_stm32g431xx.o(.text)
    TIM2_IRQHandler                          0x08000293   Thumb Code     0  startup_stm32g431xx.o(.text)
    TIM3_IRQHandler                          0x08000293   Thumb Code     0  startup_stm32g431xx.o(.text)
    TIM4_IRQHandler                          0x08000293   Thumb Code     0  startup_stm32g431xx.o(.text)
    TIM7_IRQHandler                          0x08000293   Thumb Code     0  startup_stm32g431xx.o(.text)
    TIM8_BRK_IRQHandler                      0x08000293   Thumb Code     0  startup_stm32g431xx.o(.text)
    TIM8_CC_IRQHandler                       0x08000293   Thumb Code     0  startup_stm32g431xx.o(.text)
    TIM8_TRG_COM_IRQHandler                  0x08000293   Thumb Code     0  startup_stm32g431xx.o(.text)
    TIM8_UP_IRQHandler                       0x08000293   Thumb Code     0  startup_stm32g431xx.o(.text)
    UART4_IRQHandler                         0x08000293   Thumb Code     0  startup_stm32g431xx.o(.text)
    UCPD1_IRQHandler                         0x08000293   Thumb Code     0  startup_stm32g431xx.o(.text)
    USART2_IRQHandler                        0x08000293   Thumb Code     0  startup_stm32g431xx.o(.text)
    USART3_IRQHandler                        0x08000293   Thumb Code     0  startup_stm32g431xx.o(.text)
    USBWakeUp_IRQHandler                     0x08000293   Thumb Code     0  startup_stm32g431xx.o(.text)
    USB_HP_IRQHandler                        0x08000293   Thumb Code     0  startup_stm32g431xx.o(.text)
    USB_LP_IRQHandler                        0x08000293   Thumb Code     0  startup_stm32g431xx.o(.text)
    WWDG_IRQHandler                          0x08000293   Thumb Code     0  startup_stm32g431xx.o(.text)
    __user_initial_stackheap                 0x08000295   Thumb Code     0  startup_stm32g431xx.o(.text)
    __use_no_semihosting                     0x080002b9   Thumb Code     2  use_no_semi_2.o(.text)
    __aeabi_uldivmod                         0x080002bb   Thumb Code     0  lludivv7m.o(.text)
    _ll_udiv                                 0x080002bb   Thumb Code   238  lludivv7m.o(.text)
    __aeabi_memclr4                          0x080003a9   Thumb Code     0  rt_memclr_w.o(.text)
    __aeabi_memclr8                          0x080003a9   Thumb Code     0  rt_memclr_w.o(.text)
    __rt_memclr_w                            0x080003a9   Thumb Code    78  rt_memclr_w.o(.text)
    _memset_w                                0x080003ad   Thumb Code     0  rt_memclr_w.o(.text)
    __use_two_region_memory                  0x080003f7   Thumb Code     2  heapauxi.o(.text)
    __rt_heap_escrow$2region                 0x080003f9   Thumb Code     2  heapauxi.o(.text)
    __rt_heap_expand$2region                 0x080003fb   Thumb Code     2  heapauxi.o(.text)
    __semihosting$guard                      0x080003fd   Thumb Code     0  use_no_semi.o(.text)
    __use_no_semihosting_swi                 0x080003fd   Thumb Code     2  use_no_semi.o(.text)
    __user_setup_stackheap                   0x080003ff   Thumb Code    74  sys_stackheap_outer.o(.text)
    exit                                     0x08000449   Thumb Code    18  exit.o(.text)
    __user_libspace                          0x0800045d   Thumb Code     8  libspace.o(.text)
    __user_perproc_libspace                  0x0800045d   Thumb Code     0  libspace.o(.text)
    __user_perthread_libspace                0x0800045d   Thumb Code     0  libspace.o(.text)
    BusFault_Handler                         0x08000465   Thumb Code     4  stm32g4xx_it.o(i.BusFault_Handler)
    DebugMon_Handler                         0x08000469   Thumb Code     2  stm32g4xx_it.o(i.DebugMon_Handler)
    FDCAN1_Send_Msg                          0x0800046d   Thumb Code    54  can.o(i.FDCAN1_Send_Msg)
    HAL_DMA_Abort                            0x080005e9   Thumb Code   118  stm32g4xx_hal_dma.o(i.HAL_DMA_Abort)
    HAL_DMA_Abort_IT                         0x0800065f   Thumb Code   148  stm32g4xx_hal_dma.o(i.HAL_DMA_Abort_IT)
    HAL_FDCAN_ActivateNotification           0x080006f3   Thumb Code   290  stm32g4xx_hal_fdcan.o(i.HAL_FDCAN_ActivateNotification)
    HAL_FDCAN_AddMessageToTxFifoQ            0x08000815   Thumb Code   106  stm32g4xx_hal_fdcan.o(i.HAL_FDCAN_AddMessageToTxFifoQ)
    HAL_FDCAN_ConfigFilter                   0x0800087f   Thumb Code   100  stm32g4xx_hal_fdcan.o(i.HAL_FDCAN_ConfigFilter)
    HAL_FDCAN_ErrorCallback                  0x080008e3   Thumb Code     2  stm32g4xx_hal_fdcan.o(i.HAL_FDCAN_ErrorCallback)
    HAL_FDCAN_ErrorStatusCallback            0x080008e5   Thumb Code     2  stm32g4xx_hal_fdcan.o(i.HAL_FDCAN_ErrorStatusCallback)
    HAL_FDCAN_HighPriorityMessageCallback    0x080008e7   Thumb Code     2  stm32g4xx_hal_fdcan.o(i.HAL_FDCAN_HighPriorityMessageCallback)
    HAL_FDCAN_Init                           0x080008e9   Thumb Code   586  stm32g4xx_hal_fdcan.o(i.HAL_FDCAN_Init)
    HAL_FDCAN_MspInit                        0x08000b6d   Thumb Code   130  can.o(i.HAL_FDCAN_MspInit)
    HAL_FDCAN_RxFifo0Callback                0x08000bf9   Thumb Code     2  stm32g4xx_hal_fdcan.o(i.HAL_FDCAN_RxFifo0Callback)
    HAL_FDCAN_RxFifo1Callback                0x08000bfb   Thumb Code     2  stm32g4xx_hal_fdcan.o(i.HAL_FDCAN_RxFifo1Callback)
    HAL_FDCAN_Start                          0x08000bfd   Thumb Code    46  stm32g4xx_hal_fdcan.o(i.HAL_FDCAN_Start)
    HAL_FDCAN_TimeoutOccurredCallback        0x08000c2b   Thumb Code     2  stm32g4xx_hal_fdcan.o(i.HAL_FDCAN_TimeoutOccurredCallback)
    HAL_FDCAN_TimestampWraparoundCallback    0x08000c2d   Thumb Code     2  stm32g4xx_hal_fdcan.o(i.HAL_FDCAN_TimestampWraparoundCallback)
    HAL_FDCAN_TxBufferAbortCallback          0x08000c2f   Thumb Code     2  stm32g4xx_hal_fdcan.o(i.HAL_FDCAN_TxBufferAbortCallback)
    HAL_FDCAN_TxBufferCompleteCallback       0x08000c31   Thumb Code     2  stm32g4xx_hal_fdcan.o(i.HAL_FDCAN_TxBufferCompleteCallback)
    HAL_FDCAN_TxEventFifoCallback            0x08000c33   Thumb Code     2  stm32g4xx_hal_fdcan.o(i.HAL_FDCAN_TxEventFifoCallback)
    HAL_FDCAN_TxFifoEmptyCallback            0x08000c35   Thumb Code     2  stm32g4xx_hal_fdcan.o(i.HAL_FDCAN_TxFifoEmptyCallback)
    HAL_GPIO_Init                            0x08000c39   Thumb Code   438  stm32g4xx_hal_gpio.o(i.HAL_GPIO_Init)
    HAL_GPIO_ReadPin                         0x08000e11   Thumb Code    16  stm32g4xx_hal_gpio.o(i.HAL_GPIO_ReadPin)
    HAL_GPIO_WritePin                        0x08000e21   Thumb Code    10  stm32g4xx_hal_gpio.o(i.HAL_GPIO_WritePin)
    HAL_GetREVID                             0x08000e2d   Thumb Code     8  stm32g4xx_hal.o(i.HAL_GetREVID)
    HAL_GetTick                              0x08000e39   Thumb Code     6  stm32g4xx_hal.o(i.HAL_GetTick)
    HAL_IncTick                              0x08000e45   Thumb Code    16  stm32g4xx_hal.o(i.HAL_IncTick)
    HAL_Init                                 0x08000e5d   Thumb Code    30  stm32g4xx_hal.o(i.HAL_Init)
    HAL_InitTick                             0x08000e7d   Thumb Code    74  stm32g4xx_hal.o(i.HAL_InitTick)
    HAL_MspInit                              0x08000ed5   Thumb Code     2  stm32g4xx_hal_msp_template.o(i.HAL_MspInit)
    HAL_NVIC_EnableIRQ                       0x08000ed7   Thumb Code    40  stm32g4xx_hal_cortex.o(i.HAL_NVIC_EnableIRQ)
    HAL_NVIC_SetPriority                     0x08000eff   Thumb Code   122  stm32g4xx_hal_cortex.o(i.HAL_NVIC_SetPriority)
    HAL_NVIC_SetPriorityGrouping             0x08000f79   Thumb Code    32  stm32g4xx_hal_cortex.o(i.HAL_NVIC_SetPriorityGrouping)
    HAL_RCCEx_PeriphCLKConfig                0x08000fa1   Thumb Code   872  stm32g4xx_hal_rcc_ex.o(i.HAL_RCCEx_PeriphCLKConfig)
    HAL_RCC_ClockConfig                      0x08001311   Thumb Code   522  stm32g4xx_hal_rcc.o(i.HAL_RCC_ClockConfig)
    HAL_RCC_GetHCLKFreq                      0x08001535   Thumb Code     6  stm32g4xx_hal_rcc.o(i.HAL_RCC_GetHCLKFreq)
    HAL_RCC_GetPCLK1Freq                     0x08001541   Thumb Code    26  stm32g4xx_hal_rcc.o(i.HAL_RCC_GetPCLK1Freq)
    HAL_RCC_GetPCLK2Freq                     0x08001565   Thumb Code    26  stm32g4xx_hal_rcc.o(i.HAL_RCC_GetPCLK2Freq)
    HAL_RCC_GetSysClockFreq                  0x08001589   Thumb Code   138  stm32g4xx_hal_rcc.o(i.HAL_RCC_GetSysClockFreq)
    HAL_RCC_OscConfig                        0x08001621   Thumb Code  1370  stm32g4xx_hal_rcc.o(i.HAL_RCC_OscConfig)
    HAL_SYSTICK_Config                       0x08001b89   Thumb Code    52  stm32g4xx_hal_cortex.o(i.HAL_SYSTICK_Config)
    HAL_TIMEx_Break2Callback                 0x08001bbd   Thumb Code     2  stm32g4xx_hal_tim_ex.o(i.HAL_TIMEx_Break2Callback)
    HAL_TIMEx_BreakCallback                  0x08001bbf   Thumb Code     2  stm32g4xx_hal_tim_ex.o(i.HAL_TIMEx_BreakCallback)
    HAL_TIMEx_CommutCallback                 0x08001bc1   Thumb Code     2  stm32g4xx_hal_tim_ex.o(i.HAL_TIMEx_CommutCallback)
    HAL_TIMEx_DirectionChangeCallback        0x08001bc3   Thumb Code     2  stm32g4xx_hal_tim_ex.o(i.HAL_TIMEx_DirectionChangeCallback)
    HAL_TIMEx_EncoderIndexCallback           0x08001bc5   Thumb Code     2  stm32g4xx_hal_tim_ex.o(i.HAL_TIMEx_EncoderIndexCallback)
    HAL_TIMEx_IndexErrorCallback             0x08001bc7   Thumb Code     2  stm32g4xx_hal_tim_ex.o(i.HAL_TIMEx_IndexErrorCallback)
    HAL_TIMEx_TransitionErrorCallback        0x08001bc9   Thumb Code     2  stm32g4xx_hal_tim_ex.o(i.HAL_TIMEx_TransitionErrorCallback)
    HAL_TIM_Base_Init                        0x08001bcb   Thumb Code   110  stm32g4xx_hal_tim.o(i.HAL_TIM_Base_Init)
    HAL_TIM_Base_MspInit                     0x08001c39   Thumb Code    62  btim.o(i.HAL_TIM_Base_MspInit)
    HAL_TIM_Base_Start_IT                    0x08001c81   Thumb Code   130  stm32g4xx_hal_tim.o(i.HAL_TIM_Base_Start_IT)
    HAL_TIM_IC_CaptureCallback               0x08001d1d   Thumb Code     2  stm32g4xx_hal_tim.o(i.HAL_TIM_IC_CaptureCallback)
    HAL_TIM_IRQHandler                       0x08001d1f   Thumb Code   576  stm32g4xx_hal_tim.o(i.HAL_TIM_IRQHandler)
    HAL_TIM_OC_DelayElapsedCallback          0x08001f5f   Thumb Code     2  stm32g4xx_hal_tim.o(i.HAL_TIM_OC_DelayElapsedCallback)
    HAL_TIM_PWM_PulseFinishedCallback        0x08001f61   Thumb Code     2  stm32g4xx_hal_tim.o(i.HAL_TIM_PWM_PulseFinishedCallback)
    HAL_TIM_PeriodElapsedCallback            0x08001f65   Thumb Code    18  btim.o(i.HAL_TIM_PeriodElapsedCallback)
    HAL_TIM_TriggerCallback                  0x08001f7d   Thumb Code     2  stm32g4xx_hal_tim.o(i.HAL_TIM_TriggerCallback)
    HAL_UARTEx_RxEventCallback               0x08001f7f   Thumb Code     2  stm32g4xx_hal_uart.o(i.HAL_UARTEx_RxEventCallback)
    HAL_UARTEx_RxFifoFullCallback            0x08001f81   Thumb Code     2  stm32g4xx_hal_uart_ex.o(i.HAL_UARTEx_RxFifoFullCallback)
    HAL_UARTEx_TxFifoEmptyCallback           0x08001f83   Thumb Code     2  stm32g4xx_hal_uart_ex.o(i.HAL_UARTEx_TxFifoEmptyCallback)
    HAL_UARTEx_WakeupCallback                0x08001f85   Thumb Code     2  stm32g4xx_hal_uart_ex.o(i.HAL_UARTEx_WakeupCallback)
    HAL_UART_ErrorCallback                   0x08001f87   Thumb Code     2  stm32g4xx_hal_uart.o(i.HAL_UART_ErrorCallback)
    HAL_UART_IRQHandler                      0x08001f89   Thumb Code   762  stm32g4xx_hal_uart.o(i.HAL_UART_IRQHandler)
    HAL_UART_Init                            0x08002291   Thumb Code   120  stm32g4xx_hal_uart.o(i.HAL_UART_Init)
    HAL_UART_MspInit                         0x08002309   Thumb Code   176  usart.o(i.HAL_UART_MspInit)
    HAL_UART_Receive_IT                      0x080023c1   Thumb Code    96  stm32g4xx_hal_uart.o(i.HAL_UART_Receive_IT)
    HAL_UART_RxCpltCallback                  0x08002425   Thumb Code   134  usart.o(i.HAL_UART_RxCpltCallback)
    HAL_UART_TxCpltCallback                  0x080024c1   Thumb Code     2  stm32g4xx_hal_uart.o(i.HAL_UART_TxCpltCallback)
    HardFault_Handler                        0x080024c3   Thumb Code     4  stm32g4xx_it.o(i.HardFault_Handler)
    Hard_devInit                             0x080024c7   Thumb Code    48  task.o(i.Hard_devInit)
    MLX90393_Ack                             0x080024f9   Thumb Code    86  mlx90393.o(i.MLX90393_Ack)
    MLX90393_IIC_Init                        0x08002555   Thumb Code   130  mlx90393.o(i.MLX90393_IIC_Init)
    MLX90393_NAck                            0x080025e1   Thumb Code    86  mlx90393.o(i.MLX90393_NAck)
    MLX90393_Read_Byte                       0x0800263d   Thumb Code   102  mlx90393.o(i.MLX90393_Read_Byte)
    MLX90393_SDA_IN                          0x080026a9   Thumb Code    56  mlx90393.o(i.MLX90393_SDA_IN)
    MLX90393_SDA_OUT                         0x080026e9   Thumb Code    58  mlx90393.o(i.MLX90393_SDA_OUT)
    MLX90393_Send_Byte                       0x0800272d   Thumb Code   134  mlx90393.o(i.MLX90393_Send_Byte)
    MLX90393_Start                           0x080027b9   Thumb Code    88  mlx90393.o(i.MLX90393_Start)
    MLX90393_Stop                            0x08002815   Thumb Code    86  mlx90393.o(i.MLX90393_Stop)
    MLX90393_Wait_Ack                        0x08002871   Thumb Code   102  mlx90393.o(i.MLX90393_Wait_Ack)
    MX_FDCAN1_Init                           0x080028dd   Thumb Code   128  can.o(i.MX_FDCAN1_Init)
    MemManage_Handler                        0x08002965   Thumb Code     4  stm32g4xx_it.o(i.MemManage_Handler)
    NMI_Handler                              0x08002969   Thumb Code     4  stm32g4xx_it.o(i.NMI_Handler)
    OS_IT_RUN                                0x0800296d   Thumb Code    90  api_schedule.o(i.OS_IT_RUN)
    PeachOSRun                               0x080029d1   Thumb Code    68  api_schedule.o(i.PeachOSRun)
    PendSV_Handler                           0x08002a1d   Thumb Code     2  stm32g4xx_it.o(i.PendSV_Handler)
    SVC_Handler                              0x08002a89   Thumb Code     2  stm32g4xx_it.o(i.SVC_Handler)
    SysTick_Handler                          0x08002a8b   Thumb Code     8  stm32g4xx_it.o(i.SysTick_Handler)
    SystemInit                               0x08002a95   Thumb Code    14  system_stm32g4xx.o(i.SystemInit)
    TIM6_DAC_IRQHandler                      0x08002aa9   Thumb Code    10  btim.o(i.TIM6_DAC_IRQHandler)
    TIM_Base_SetConfig                       0x08002ab9   Thumb Code   158  stm32g4xx_hal_tim.o(i.TIM_Base_SetConfig)
    Task_CanjoysticRun                       0x08002b75   Thumb Code    28  task.o(i.Task_CanjoysticRun)
    Task_GetMlx90393                         0x08002b95   Thumb Code    30  task.o(i.Task_GetMlx90393)
    Task_R9DataScope                         0x08002bb9   Thumb Code     2  task.o(i.Task_R9DataScope)
    UART_AdvFeatureConfig                    0x08002bbb   Thumb Code   248  stm32g4xx_hal_uart.o(i.UART_AdvFeatureConfig)
    UART_CheckIdleState                      0x08002cb3   Thumb Code   118  stm32g4xx_hal_uart.o(i.UART_CheckIdleState)
    UART_SetConfig                           0x08003189   Thumb Code   866  stm32g4xx_hal_uart.o(i.UART_SetConfig)
    UART_Start_Receive_IT                    0x08003515   Thumb Code   256  stm32g4xx_hal_uart.o(i.UART_Start_Receive_IT)
    UART_WaitOnFlagUntilTimeout              0x08003625   Thumb Code   190  stm32g4xx_hal_uart.o(i.UART_WaitOnFlagUntilTimeout)
    USART1_IRQHandler                        0x080036e5   Thumb Code    10  usart.o(i.USART1_IRQHandler)
    UsageFault_Handler                       0x080036f5   Thumb Code     4  stm32g4xx_it.o(i.UsageFault_Handler)
    _sys_exit                                0x08003731   Thumb Code     4  usart.o(i._sys_exit)
    btim_timx_int_init                       0x08003735   Thumb Code    34  btim.o(i.btim_timx_int_init)
    delay_init                               0x08003761   Thumb Code     6  delay.o(i.delay_init)
    delay_ms                                 0x0800376d   Thumb Code    18  delay.o(i.delay_ms)
    delay_us                                 0x08003781   Thumb Code    68  delay.o(i.delay_us)
    filterValue_int32                        0x080037c9   Thumb Code    70  mlx90393.o(i.filterValue_int32)
    filter_init                              0x08003811   Thumb Code    16  mlx90393.o(i.filter_init)
    initializeFilter                         0x08003829   Thumb Code    42  mlx90393.o(i.initializeFilter)
    main                                     0x0800385d   Thumb Code    10  main.o(i.main)
    mlx_90393_CAN_Trans                      0x08003869   Thumb Code    70  mlx90393can_send.o(i.mlx_90393_CAN_Trans)
    mlx_90393_offset                         0x080038b5   Thumb Code    70  mlx90393.o(i.mlx_90393_offset)
    mlx_90393_offsetcacu                     0x08003909   Thumb Code    56  mlx90393.o(i.mlx_90393_offsetcacu)
    sys_stm32_clock_init                     0x08003945   Thumb Code   190  sys.o(i.sys_stm32_clock_init)
    ucCheckReadMlxStatusErro                 0x08003a11   Thumb Code    50  mlx90393.o(i.ucCheckReadMlxStatusErro)
    ucMLX90393WriteCommand                   0x08003a43   Thumb Code    52  mlx90393.o(i.ucMLX90393WriteCommand)
    ucMLX90393WriteReg                       0x08003a77   Thumb Code    78  mlx90393.o(i.ucMLX90393WriteReg)
    usart_init                               0x08003ac5   Thumb Code    44  usart.o(i.usart_init)
    vCmdMlxAndWaiteErroTimes                 0x08003afd   Thumb Code    72  mlx90393.o(i.vCmdMlxAndWaiteErroTimes)
    vCmdMlxWriteRegAndWaite                  0x08003b49   Thumb Code    76  mlx90393.o(i.vCmdMlxWriteRegAndWaite)
    vInMeasurementNormal                     0x08003b99   Thumb Code   208  mlx90393.o(i.vInMeasurementNormal)
    vSetUpMlx90393                           0x08003c6d   Thumb Code   200  mlx90393.o(i.vSetUpMlx90393)
    _fp_init                                 0x08003d39   Thumb Code    10  fpinit.o(x$fpl$fpinit)
    __fplib_config_fpu_vfp                   0x08003d41   Thumb Code     0  fpinit.o(x$fpl$fpinit)
    __fplib_config_pureend_doubles           0x08003d41   Thumb Code     0  fpinit.o(x$fpl$fpinit)
    AHBPrescTable                            0x08003d42   Data          16  system_stm32g4xx.o(.constdata)
    APBPrescTable                            0x08003d52   Data           8  system_stm32g4xx.o(.constdata)
    UARTPrescTable                           0x08003d5a   Data          24  stm32g4xx_hal_uart.o(.constdata)
    Region$$Table$$Base                      0x08003d84   Number         0  anon$$obj.o(Region$$Table)
    Region$$Table$$Limit                     0x08003da4   Number         0  anon$$obj.o(Region$$Table)
    SystemCoreClock                          0x20000000   Data           4  system_stm32g4xx.o(.data)
    __stdout                                 0x20000008   Data           4  usart.o(.data)
    g_usart_rx_sta                           0x2000000c   Data           2  usart.o(.data)
    g_rx_buffer                              0x2000000e   Data           1  usart.o(.data)
    uwTick                                   0x20000010   Data           4  stm32g4xx_hal.o(.data)
    uwTickPrio                               0x20000014   Data           4  stm32g4xx_hal.o(.data)
    uwTickFreq                               0x20000018   Data           4  stm32g4xx_hal.o(.data)
    TaskST                                   0x2000001c   Data          36  api_schedule.o(.data)
    TaskCount                                0x20000040   Data           1  api_schedule.o(.data)
    g_usart_rx_buf                           0x20000044   Data         200  usart.o(.bss)
    g_uart1_handle                           0x2000010c   Data         144  usart.o(.bss)
    mlxdata                                  0x200001a0   Data          44  mlx90393.o(.bss)
    filter_mlx_xdata                         0x200001d0   Data         104  mlx90393.o(.bss)
    filter_mlx_ydata                         0x20000238   Data         104  mlx90393.o(.bss)
    fdcan1_RxHeader                          0x200002a0   Data          40  can.o(.bss)
    fdcan1_TxHeader                          0x200002c8   Data          36  can.o(.bss)
    hfdcan1                                  0x200002ec   Data         152  can.o(.bss)
    g_timx_handler                           0x20000384   Data          76  btim.o(.bss)
    __libspace_start                         0x200003d0   Data          96  libspace.o(.bss)
    __temporary_stack_top$libspace           0x20000430   Data           0  libspace.o(.bss)



==============================================================================

Memory Map of the image

  Image Entry point : 0x080001d9

  Load Region LR_IROM1 (Base: 0x08000000, Size: 0x00003de8, Max: 0x00020000, ABSOLUTE)

    Execution Region ER_IROM1 (Exec base: 0x08000000, Load base: 0x08000000, Size: 0x00003da4, Max: 0x00020000, ABSOLUTE)

    Exec Addr    Load Addr    Size         Type   Attr      Idx    E Section Name        Object

    0x08000000   0x08000000   0x000001d8   Data   RO            3    RESET               startup_stm32g431xx.o
    0x080001d8   0x080001d8   0x00000008   Code   RO         7279  * !!!main             c_w.l(__main.o)
    0x080001e0   0x080001e0   0x00000034   Code   RO         7441    !!!scatter          c_w.l(__scatter.o)
    0x08000214   0x08000214   0x0000001a   Code   RO         7443    !!handler_copy      c_w.l(__scatter_copy.o)
    0x0800022e   0x0800022e   0x00000002   PAD
    0x08000230   0x08000230   0x0000001c   Code   RO         7445    !!handler_zi        c_w.l(__scatter_zi.o)
    0x0800024c   0x0800024c   0x00000002   Code   RO         7318    .ARM.Collect$$libinit$$00000000  c_w.l(libinit.o)
    0x0800024e   0x0800024e   0x00000004   Code   RO         7330    .ARM.Collect$$libinit$$00000001  c_w.l(libinit2.o)
    0x08000252   0x08000252   0x00000000   Code   RO         7333    .ARM.Collect$$libinit$$00000004  c_w.l(libinit2.o)
    0x08000252   0x08000252   0x00000000   Code   RO         7336    .ARM.Collect$$libinit$$0000000A  c_w.l(libinit2.o)
    0x08000252   0x08000252   0x00000000   Code   RO         7338    .ARM.Collect$$libinit$$0000000C  c_w.l(libinit2.o)
    0x08000252   0x08000252   0x00000000   Code   RO         7340    .ARM.Collect$$libinit$$0000000E  c_w.l(libinit2.o)
    0x08000252   0x08000252   0x00000000   Code   RO         7343    .ARM.Collect$$libinit$$00000011  c_w.l(libinit2.o)
    0x08000252   0x08000252   0x00000000   Code   RO         7345    .ARM.Collect$$libinit$$00000013  c_w.l(libinit2.o)
    0x08000252   0x08000252   0x00000000   Code   RO         7347    .ARM.Collect$$libinit$$00000015  c_w.l(libinit2.o)
    0x08000252   0x08000252   0x00000000   Code   RO         7349    .ARM.Collect$$libinit$$00000017  c_w.l(libinit2.o)
    0x08000252   0x08000252   0x00000000   Code   RO         7351    .ARM.Collect$$libinit$$00000019  c_w.l(libinit2.o)
    0x08000252   0x08000252   0x00000000   Code   RO         7353    .ARM.Collect$$libinit$$0000001B  c_w.l(libinit2.o)
    0x08000252   0x08000252   0x00000000   Code   RO         7355    .ARM.Collect$$libinit$$0000001D  c_w.l(libinit2.o)
    0x08000252   0x08000252   0x00000000   Code   RO         7357    .ARM.Collect$$libinit$$0000001F  c_w.l(libinit2.o)
    0x08000252   0x08000252   0x00000000   Code   RO         7359    .ARM.Collect$$libinit$$00000021  c_w.l(libinit2.o)
    0x08000252   0x08000252   0x00000000   Code   RO         7361    .ARM.Collect$$libinit$$00000023  c_w.l(libinit2.o)
    0x08000252   0x08000252   0x00000000   Code   RO         7363    .ARM.Collect$$libinit$$00000025  c_w.l(libinit2.o)
    0x08000252   0x08000252   0x00000000   Code   RO         7367    .ARM.Collect$$libinit$$0000002C  c_w.l(libinit2.o)
    0x08000252   0x08000252   0x00000000   Code   RO         7369    .ARM.Collect$$libinit$$0000002E  c_w.l(libinit2.o)
    0x08000252   0x08000252   0x00000000   Code   RO         7371    .ARM.Collect$$libinit$$00000030  c_w.l(libinit2.o)
    0x08000252   0x08000252   0x00000000   Code   RO         7373    .ARM.Collect$$libinit$$00000032  c_w.l(libinit2.o)
    0x08000252   0x08000252   0x00000002   Code   RO         7374    .ARM.Collect$$libinit$$00000033  c_w.l(libinit2.o)
    0x08000254   0x08000254   0x00000002   Code   RO         7398    .ARM.Collect$$libshutdown$$00000000  c_w.l(libshutdown.o)
    0x08000256   0x08000256   0x00000000   Code   RO         7422    .ARM.Collect$$libshutdown$$00000002  c_w.l(libshutdown2.o)
    0x08000256   0x08000256   0x00000000   Code   RO         7424    .ARM.Collect$$libshutdown$$00000004  c_w.l(libshutdown2.o)
    0x08000256   0x08000256   0x00000000   Code   RO         7426    .ARM.Collect$$libshutdown$$00000006  c_w.l(libshutdown2.o)
    0x08000256   0x08000256   0x00000000   Code   RO         7429    .ARM.Collect$$libshutdown$$00000009  c_w.l(libshutdown2.o)
    0x08000256   0x08000256   0x00000000   Code   RO         7432    .ARM.Collect$$libshutdown$$0000000C  c_w.l(libshutdown2.o)
    0x08000256   0x08000256   0x00000000   Code   RO         7434    .ARM.Collect$$libshutdown$$0000000E  c_w.l(libshutdown2.o)
    0x08000256   0x08000256   0x00000000   Code   RO         7437    .ARM.Collect$$libshutdown$$00000011  c_w.l(libshutdown2.o)
    0x08000256   0x08000256   0x00000002   Code   RO         7438    .ARM.Collect$$libshutdown$$00000012  c_w.l(libshutdown2.o)
    0x08000258   0x08000258   0x00000000   Code   RO         7283    .ARM.Collect$$rtentry$$00000000  c_w.l(__rtentry.o)
    0x08000258   0x08000258   0x00000000   Code   RO         7289    .ARM.Collect$$rtentry$$00000002  c_w.l(__rtentry2.o)
    0x08000258   0x08000258   0x00000006   Code   RO         7301    .ARM.Collect$$rtentry$$00000004  c_w.l(__rtentry4.o)
    0x0800025e   0x0800025e   0x00000000   Code   RO         7291    .ARM.Collect$$rtentry$$00000009  c_w.l(__rtentry2.o)
    0x0800025e   0x0800025e   0x00000004   Code   RO         7292    .ARM.Collect$$rtentry$$0000000A  c_w.l(__rtentry2.o)
    0x08000262   0x08000262   0x00000000   Code   RO         7294    .ARM.Collect$$rtentry$$0000000C  c_w.l(__rtentry2.o)
    0x08000262   0x08000262   0x00000008   Code   RO         7295    .ARM.Collect$$rtentry$$0000000D  c_w.l(__rtentry2.o)
    0x0800026a   0x0800026a   0x00000002   Code   RO         7322    .ARM.Collect$$rtexit$$00000000  c_w.l(rtexit.o)
    0x0800026c   0x0800026c   0x00000000   Code   RO         7376    .ARM.Collect$$rtexit$$00000002  c_w.l(rtexit2.o)
    0x0800026c   0x0800026c   0x00000004   Code   RO         7377    .ARM.Collect$$rtexit$$00000003  c_w.l(rtexit2.o)
    0x08000270   0x08000270   0x00000006   Code   RO         7378    .ARM.Collect$$rtexit$$00000004  c_w.l(rtexit2.o)
    0x08000276   0x08000276   0x00000002   PAD
    0x08000278   0x08000278   0x00000040   Code   RO            4    .text               startup_stm32g431xx.o
    0x080002b8   0x080002b8   0x00000002   Code   RO         7271    .text               c_w.l(use_no_semi_2.o)
    0x080002ba   0x080002ba   0x000000ee   Code   RO         7273    .text               c_w.l(lludivv7m.o)
    0x080003a8   0x080003a8   0x0000004e   Code   RO         7275    .text               c_w.l(rt_memclr_w.o)
    0x080003f6   0x080003f6   0x00000006   Code   RO         7277    .text               c_w.l(heapauxi.o)
    0x080003fc   0x080003fc   0x00000002   Code   RO         7281    .text               c_w.l(use_no_semi.o)
    0x080003fe   0x080003fe   0x0000004a   Code   RO         7305    .text               c_w.l(sys_stackheap_outer.o)
    0x08000448   0x08000448   0x00000012   Code   RO         7307    .text               c_w.l(exit.o)
    0x0800045a   0x0800045a   0x00000002   PAD
    0x0800045c   0x0800045c   0x00000008   Code   RO         7319    .text               c_w.l(libspace.o)
    0x08000464   0x08000464   0x00000004   Code   RO           13    i.BusFault_Handler  stm32g4xx_it.o
    0x08000468   0x08000468   0x00000002   Code   RO           14    i.DebugMon_Handler  stm32g4xx_it.o
    0x0800046a   0x0800046a   0x00000002   PAD
    0x0800046c   0x0800046c   0x00000040   Code   RO         6915    i.FDCAN1_Send_Msg   can.o
    0x080004ac   0x080004ac   0x0000006c   Code   RO         4794    i.FDCAN_CalcultateRamBlockAddresses  stm32g4xx_hal_fdcan.o
    0x08000518   0x08000518   0x000000d0   Code   RO         4795    i.FDCAN_CopyMessageToRAM  stm32g4xx_hal_fdcan.o
    0x080005e8   0x080005e8   0x00000076   Code   RO         1039    i.HAL_DMA_Abort     stm32g4xx_hal_dma.o
    0x0800065e   0x0800065e   0x00000094   Code   RO         1040    i.HAL_DMA_Abort_IT  stm32g4xx_hal_dma.o
    0x080006f2   0x080006f2   0x00000122   Code   RO         4797    i.HAL_FDCAN_ActivateNotification  stm32g4xx_hal_fdcan.o
    0x08000814   0x08000814   0x0000006a   Code   RO         4798    i.HAL_FDCAN_AddMessageToTxFifoQ  stm32g4xx_hal_fdcan.o
    0x0800087e   0x0800087e   0x00000064   Code   RO         4800    i.HAL_FDCAN_ConfigFilter  stm32g4xx_hal_fdcan.o
    0x080008e2   0x080008e2   0x00000002   Code   RO         4821    i.HAL_FDCAN_ErrorCallback  stm32g4xx_hal_fdcan.o
    0x080008e4   0x080008e4   0x00000002   Code   RO         4822    i.HAL_FDCAN_ErrorStatusCallback  stm32g4xx_hal_fdcan.o
    0x080008e6   0x080008e6   0x00000002   Code   RO         4837    i.HAL_FDCAN_HighPriorityMessageCallback  stm32g4xx_hal_fdcan.o
    0x080008e8   0x080008e8   0x00000284   Code   RO         4839    i.HAL_FDCAN_Init    stm32g4xx_hal_fdcan.o
    0x08000b6c   0x08000b6c   0x0000008c   Code   RO         6916    i.HAL_FDCAN_MspInit  can.o
    0x08000bf8   0x08000bf8   0x00000002   Code   RO         4853    i.HAL_FDCAN_RxFifo0Callback  stm32g4xx_hal_fdcan.o
    0x08000bfa   0x08000bfa   0x00000002   Code   RO         4854    i.HAL_FDCAN_RxFifo1Callback  stm32g4xx_hal_fdcan.o
    0x08000bfc   0x08000bfc   0x0000002e   Code   RO         4855    i.HAL_FDCAN_Start   stm32g4xx_hal_fdcan.o
    0x08000c2a   0x08000c2a   0x00000002   Code   RO         4857    i.HAL_FDCAN_TimeoutOccurredCallback  stm32g4xx_hal_fdcan.o
    0x08000c2c   0x08000c2c   0x00000002   Code   RO         4858    i.HAL_FDCAN_TimestampWraparoundCallback  stm32g4xx_hal_fdcan.o
    0x08000c2e   0x08000c2e   0x00000002   Code   RO         4859    i.HAL_FDCAN_TxBufferAbortCallback  stm32g4xx_hal_fdcan.o
    0x08000c30   0x08000c30   0x00000002   Code   RO         4860    i.HAL_FDCAN_TxBufferCompleteCallback  stm32g4xx_hal_fdcan.o
    0x08000c32   0x08000c32   0x00000002   Code   RO         4861    i.HAL_FDCAN_TxEventFifoCallback  stm32g4xx_hal_fdcan.o
    0x08000c34   0x08000c34   0x00000002   Code   RO         4862    i.HAL_FDCAN_TxFifoEmptyCallback  stm32g4xx_hal_fdcan.o
    0x08000c36   0x08000c36   0x00000002   PAD
    0x08000c38   0x08000c38   0x000001d8   Code   RO         1192    i.HAL_GPIO_Init     stm32g4xx_hal_gpio.o
    0x08000e10   0x08000e10   0x00000010   Code   RO         1194    i.HAL_GPIO_ReadPin  stm32g4xx_hal_gpio.o
    0x08000e20   0x08000e20   0x0000000a   Code   RO         1196    i.HAL_GPIO_WritePin  stm32g4xx_hal_gpio.o
    0x08000e2a   0x08000e2a   0x00000002   PAD
    0x08000e2c   0x08000e2c   0x0000000c   Code   RO          672    i.HAL_GetREVID      stm32g4xx_hal.o
    0x08000e38   0x08000e38   0x0000000c   Code   RO          673    i.HAL_GetTick       stm32g4xx_hal.o
    0x08000e44   0x08000e44   0x00000018   Code   RO          676    i.HAL_IncTick       stm32g4xx_hal.o
    0x08000e5c   0x08000e5c   0x0000001e   Code   RO          677    i.HAL_Init          stm32g4xx_hal.o
    0x08000e7a   0x08000e7a   0x00000002   PAD
    0x08000e7c   0x08000e7c   0x00000058   Code   RO          678    i.HAL_InitTick      stm32g4xx_hal.o
    0x08000ed4   0x08000ed4   0x00000002   Code   RO         6317    i.HAL_MspInit       stm32g4xx_hal_msp_template.o
    0x08000ed6   0x08000ed6   0x00000028   Code   RO          901    i.HAL_NVIC_EnableIRQ  stm32g4xx_hal_cortex.o
    0x08000efe   0x08000efe   0x0000007a   Code   RO          907    i.HAL_NVIC_SetPriority  stm32g4xx_hal_cortex.o
    0x08000f78   0x08000f78   0x00000028   Code   RO          908    i.HAL_NVIC_SetPriorityGrouping  stm32g4xx_hal_cortex.o
    0x08000fa0   0x08000fa0   0x00000370   Code   RO         1770    i.HAL_RCCEx_PeriphCLKConfig  stm32g4xx_hal_rcc_ex.o
    0x08001310   0x08001310   0x00000224   Code   RO         1640    i.HAL_RCC_ClockConfig  stm32g4xx_hal_rcc.o
    0x08001534   0x08001534   0x0000000c   Code   RO         1646    i.HAL_RCC_GetHCLKFreq  stm32g4xx_hal_rcc.o
    0x08001540   0x08001540   0x00000024   Code   RO         1648    i.HAL_RCC_GetPCLK1Freq  stm32g4xx_hal_rcc.o
    0x08001564   0x08001564   0x00000024   Code   RO         1649    i.HAL_RCC_GetPCLK2Freq  stm32g4xx_hal_rcc.o
    0x08001588   0x08001588   0x00000098   Code   RO         1650    i.HAL_RCC_GetSysClockFreq  stm32g4xx_hal_rcc.o
    0x08001620   0x08001620   0x00000568   Code   RO         1653    i.HAL_RCC_OscConfig  stm32g4xx_hal_rcc.o
    0x08001b88   0x08001b88   0x00000034   Code   RO          912    i.HAL_SYSTICK_Config  stm32g4xx_hal_cortex.o
    0x08001bbc   0x08001bbc   0x00000002   Code   RO         2611    i.HAL_TIMEx_Break2Callback  stm32g4xx_hal_tim_ex.o
    0x08001bbe   0x08001bbe   0x00000002   Code   RO         2612    i.HAL_TIMEx_BreakCallback  stm32g4xx_hal_tim_ex.o
    0x08001bc0   0x08001bc0   0x00000002   Code   RO         2613    i.HAL_TIMEx_CommutCallback  stm32g4xx_hal_tim_ex.o
    0x08001bc2   0x08001bc2   0x00000002   Code   RO         2624    i.HAL_TIMEx_DirectionChangeCallback  stm32g4xx_hal_tim_ex.o
    0x08001bc4   0x08001bc4   0x00000002   Code   RO         2638    i.HAL_TIMEx_EncoderIndexCallback  stm32g4xx_hal_tim_ex.o
    0x08001bc6   0x08001bc6   0x00000002   Code   RO         2652    i.HAL_TIMEx_IndexErrorCallback  stm32g4xx_hal_tim_ex.o
    0x08001bc8   0x08001bc8   0x00000002   Code   RO         2674    i.HAL_TIMEx_TransitionErrorCallback  stm32g4xx_hal_tim_ex.o
    0x08001bca   0x08001bca   0x0000006e   Code   RO         1886    i.HAL_TIM_Base_Init  stm32g4xx_hal_tim.o
    0x08001c38   0x08001c38   0x00000048   Code   RO         7156    i.HAL_TIM_Base_MspInit  btim.o
    0x08001c80   0x08001c80   0x0000009c   Code   RO         1891    i.HAL_TIM_Base_Start_IT  stm32g4xx_hal_tim.o
    0x08001d1c   0x08001d1c   0x00000002   Code   RO         1920    i.HAL_TIM_IC_CaptureCallback  stm32g4xx_hal_tim.o
    0x08001d1e   0x08001d1e   0x00000240   Code   RO         1934    i.HAL_TIM_IRQHandler  stm32g4xx_hal_tim.o
    0x08001f5e   0x08001f5e   0x00000002   Code   RO         1937    i.HAL_TIM_OC_DelayElapsedCallback  stm32g4xx_hal_tim.o
    0x08001f60   0x08001f60   0x00000002   Code   RO         1964    i.HAL_TIM_PWM_PulseFinishedCallback  stm32g4xx_hal_tim.o
    0x08001f62   0x08001f62   0x00000002   PAD
    0x08001f64   0x08001f64   0x00000018   Code   RO         7157    i.HAL_TIM_PeriodElapsedCallback  btim.o
    0x08001f7c   0x08001f7c   0x00000002   Code   RO         1977    i.HAL_TIM_TriggerCallback  stm32g4xx_hal_tim.o
    0x08001f7e   0x08001f7e   0x00000002   Code   RO         3049    i.HAL_UARTEx_RxEventCallback  stm32g4xx_hal_uart.o
    0x08001f80   0x08001f80   0x00000002   Code   RO         3472    i.HAL_UARTEx_RxFifoFullCallback  stm32g4xx_hal_uart_ex.o
    0x08001f82   0x08001f82   0x00000002   Code   RO         3476    i.HAL_UARTEx_TxFifoEmptyCallback  stm32g4xx_hal_uart_ex.o
    0x08001f84   0x08001f84   0x00000002   Code   RO         3477    i.HAL_UARTEx_WakeupCallback  stm32g4xx_hal_uart_ex.o
    0x08001f86   0x08001f86   0x00000002   Code   RO         3065    i.HAL_UART_ErrorCallback  stm32g4xx_hal_uart.o
    0x08001f88   0x08001f88   0x00000308   Code   RO         3068    i.HAL_UART_IRQHandler  stm32g4xx_hal_uart.o
    0x08002290   0x08002290   0x00000078   Code   RO         3069    i.HAL_UART_Init     stm32g4xx_hal_uart.o
    0x08002308   0x08002308   0x000000b8   Code   RO          585    i.HAL_UART_MspInit  usart.o
    0x080023c0   0x080023c0   0x00000064   Code   RO         3074    i.HAL_UART_Receive_IT  stm32g4xx_hal_uart.o
    0x08002424   0x08002424   0x0000009c   Code   RO          586    i.HAL_UART_RxCpltCallback  usart.o
    0x080024c0   0x080024c0   0x00000002   Code   RO         3081    i.HAL_UART_TxCpltCallback  stm32g4xx_hal_uart.o
    0x080024c2   0x080024c2   0x00000004   Code   RO           15    i.HardFault_Handler  stm32g4xx_it.o
    0x080024c6   0x080024c6   0x00000030   Code   RO         7110    i.Hard_devInit      task.o
    0x080024f6   0x080024f6   0x00000002   PAD
    0x080024f8   0x080024f8   0x0000005c   Code   RO         6700    i.MLX90393_Ack      mlx90393.o
    0x08002554   0x08002554   0x0000008c   Code   RO         6701    i.MLX90393_IIC_Init  mlx90393.o
    0x080025e0   0x080025e0   0x0000005c   Code   RO         6702    i.MLX90393_NAck     mlx90393.o
    0x0800263c   0x0800263c   0x0000006c   Code   RO         6703    i.MLX90393_Read_Byte  mlx90393.o
    0x080026a8   0x080026a8   0x00000040   Code   RO         6704    i.MLX90393_SDA_IN   mlx90393.o
    0x080026e8   0x080026e8   0x00000044   Code   RO         6705    i.MLX90393_SDA_OUT  mlx90393.o
    0x0800272c   0x0800272c   0x0000008c   Code   RO         6706    i.MLX90393_Send_Byte  mlx90393.o
    0x080027b8   0x080027b8   0x0000005c   Code   RO         6707    i.MLX90393_Start    mlx90393.o
    0x08002814   0x08002814   0x0000005c   Code   RO         6708    i.MLX90393_Stop     mlx90393.o
    0x08002870   0x08002870   0x0000006c   Code   RO         6709    i.MLX90393_Wait_Ack  mlx90393.o
    0x080028dc   0x080028dc   0x00000088   Code   RO         6917    i.MX_FDCAN1_Init    can.o
    0x08002964   0x08002964   0x00000004   Code   RO           16    i.MemManage_Handler  stm32g4xx_it.o
    0x08002968   0x08002968   0x00000004   Code   RO           17    i.NMI_Handler       stm32g4xx_it.o
    0x0800296c   0x0800296c   0x00000064   Code   RO         6874    i.OS_IT_RUN         api_schedule.o
    0x080029d0   0x080029d0   0x0000004c   Code   RO         6875    i.PeachOSRun        api_schedule.o
    0x08002a1c   0x08002a1c   0x00000002   Code   RO           18    i.PendSV_Handler    stm32g4xx_it.o
    0x08002a1e   0x08002a1e   0x00000002   PAD
    0x08002a20   0x08002a20   0x00000068   Code   RO         1654    i.RCC_GetSysClockFreqFromPLLSource  stm32g4xx_hal_rcc.o
    0x08002a88   0x08002a88   0x00000002   Code   RO           19    i.SVC_Handler       stm32g4xx_it.o
    0x08002a8a   0x08002a8a   0x00000008   Code   RO           20    i.SysTick_Handler   stm32g4xx_it.o
    0x08002a92   0x08002a92   0x00000002   PAD
    0x08002a94   0x08002a94   0x00000014   Code   RO          230    i.SystemInit        system_stm32g4xx.o
    0x08002aa8   0x08002aa8   0x00000010   Code   RO         7158    i.TIM6_DAC_IRQHandler  btim.o
    0x08002ab8   0x08002ab8   0x000000bc   Code   RO         1979    i.TIM_Base_SetConfig  stm32g4xx_hal_tim.o
    0x08002b74   0x08002b74   0x00000020   Code   RO         7111    i.Task_CanjoysticRun  task.o
    0x08002b94   0x08002b94   0x00000024   Code   RO         7112    i.Task_GetMlx90393  task.o
    0x08002bb8   0x08002bb8   0x00000002   Code   RO         7113    i.Task_R9DataScope  task.o
    0x08002bba   0x08002bba   0x000000f8   Code   RO         3083    i.UART_AdvFeatureConfig  stm32g4xx_hal_uart.o
    0x08002cb2   0x08002cb2   0x00000076   Code   RO         3084    i.UART_CheckIdleState  stm32g4xx_hal_uart.o
    0x08002d28   0x08002d28   0x00000018   Code   RO         3085    i.UART_DMAAbortOnError  stm32g4xx_hal_uart.o
    0x08002d40   0x08002d40   0x0000003c   Code   RO         3095    i.UART_EndRxTransfer  stm32g4xx_hal_uart.o
    0x08002d7c   0x08002d7c   0x00000022   Code   RO         3096    i.UART_EndTransmit_IT  stm32g4xx_hal_uart.o
    0x08002d9e   0x08002d9e   0x00000092   Code   RO         3098    i.UART_RxISR_16BIT  stm32g4xx_hal_uart.o
    0x08002e30   0x08002e30   0x00000164   Code   RO         3099    i.UART_RxISR_16BIT_FIFOEN  stm32g4xx_hal_uart.o
    0x08002f94   0x08002f94   0x0000008e   Code   RO         3100    i.UART_RxISR_8BIT   stm32g4xx_hal_uart.o
    0x08003022   0x08003022   0x00000002   PAD
    0x08003024   0x08003024   0x00000164   Code   RO         3101    i.UART_RxISR_8BIT_FIFOEN  stm32g4xx_hal_uart.o
    0x08003188   0x08003188   0x0000038c   Code   RO         3102    i.UART_SetConfig    stm32g4xx_hal_uart.o
    0x08003514   0x08003514   0x00000110   Code   RO         3104    i.UART_Start_Receive_IT  stm32g4xx_hal_uart.o
    0x08003624   0x08003624   0x000000be   Code   RO         3109    i.UART_WaitOnFlagUntilTimeout  stm32g4xx_hal_uart.o
    0x080036e2   0x080036e2   0x00000002   PAD
    0x080036e4   0x080036e4   0x00000010   Code   RO          587    i.USART1_IRQHandler  usart.o
    0x080036f4   0x080036f4   0x00000004   Code   RO           21    i.UsageFault_Handler  stm32g4xx_it.o
    0x080036f8   0x080036f8   0x00000010   Code   RO          914    i.__NVIC_GetPriorityGrouping  stm32g4xx_hal_cortex.o
    0x08003708   0x08003708   0x00000028   Code   RO          915    i.__NVIC_SetPriority  stm32g4xx_hal_cortex.o
    0x08003730   0x08003730   0x00000004   Code   RO          589    i._sys_exit         usart.o
    0x08003734   0x08003734   0x0000002c   Code   RO         7159    i.btim_timx_int_init  btim.o
    0x08003760   0x08003760   0x0000000c   Code   RO          463    i.delay_init        delay.o
    0x0800376c   0x0800376c   0x00000012   Code   RO          464    i.delay_ms          delay.o
    0x0800377e   0x0800377e   0x00000002   PAD
    0x08003780   0x08003780   0x00000048   Code   RO          465    i.delay_us          delay.o
    0x080037c8   0x080037c8   0x00000046   Code   RO         6712    i.filterValue_int32  mlx90393.o
    0x0800380e   0x0800380e   0x00000002   PAD
    0x08003810   0x08003810   0x00000018   Code   RO         6713    i.filter_init       mlx90393.o
    0x08003828   0x08003828   0x00000034   Code   RO         6714    i.initializeFilter  mlx90393.o
    0x0800385c   0x0800385c   0x0000000a   Code   RO          266    i.main              main.o
    0x08003866   0x08003866   0x00000002   PAD
    0x08003868   0x08003868   0x0000004c   Code   RO         7208    i.mlx_90393_CAN_Trans  mlx90393can_send.o
    0x080038b4   0x080038b4   0x00000054   Code   RO         6715    i.mlx_90393_offset  mlx90393.o
    0x08003908   0x08003908   0x0000003c   Code   RO         6716    i.mlx_90393_offsetcacu  mlx90393.o
    0x08003944   0x08003944   0x000000cc   Code   RO          518    i.sys_stm32_clock_init  sys.o
    0x08003a10   0x08003a10   0x00000032   Code   RO         6717    i.ucCheckReadMlxStatusErro  mlx90393.o
    0x08003a42   0x08003a42   0x00000034   Code   RO         6718    i.ucMLX90393WriteCommand  mlx90393.o
    0x08003a76   0x08003a76   0x0000004e   Code   RO         6719    i.ucMLX90393WriteReg  mlx90393.o
    0x08003ac4   0x08003ac4   0x00000038   Code   RO          592    i.usart_init        usart.o
    0x08003afc   0x08003afc   0x0000004c   Code   RO         6721    i.vCmdMlxAndWaiteErroTimes  mlx90393.o
    0x08003b48   0x08003b48   0x00000050   Code   RO         6722    i.vCmdMlxWriteRegAndWaite  mlx90393.o
    0x08003b98   0x08003b98   0x000000d4   Code   RO         6723    i.vInMeasurementNormal  mlx90393.o
    0x08003c6c   0x08003c6c   0x000000cc   Code   RO         6724    i.vSetUpMlx90393    mlx90393.o
    0x08003d38   0x08003d38   0x0000000a   Code   RO         7388    x$fpl$fpinit        fz_wm.l(fpinit.o)
    0x08003d42   0x08003d42   0x00000018   Data   RO          231    .constdata          system_stm32g4xx.o
    0x08003d5a   0x08003d5a   0x00000018   Data   RO         3110    .constdata          stm32g4xx_hal_uart.o
    0x08003d72   0x08003d72   0x00000010   Data   RO         4870    .constdata          stm32g4xx_hal_fdcan.o
    0x08003d82   0x08003d82   0x00000002   PAD
    0x08003d84   0x08003d84   0x00000020   Data   RO         7439    Region$$Table       anon$$obj.o


    Execution Region RW_IRAM1 (Exec base: 0x20000000, Load base: 0x08003da4, Size: 0x00000a30, Max: 0x00008000, ABSOLUTE)

    Exec Addr    Load Addr    Size         Type   Attr      Idx    E Section Name        Object

    0x20000000   0x08003da4   0x00000004   Data   RW          232    .data               system_stm32g4xx.o
    0x20000004   0x08003da8   0x00000004   Data   RW          466    .data               delay.o
    0x20000008   0x08003dac   0x00000007   Data   RW          594    .data               usart.o
    0x2000000f   0x08003db3   0x00000001   PAD
    0x20000010   0x08003db4   0x0000000c   Data   RW          697    .data               stm32g4xx_hal.o
    0x2000001c   0x08003dc0   0x00000025   Data   RW         6876    .data               api_schedule.o
    0x20000041   0x08003de5   0x00000003   PAD
    0x20000044        -       0x00000158   Zero   RW          593    .bss                usart.o
    0x2000019c   0x08003de5   0x00000004   PAD
    0x200001a0        -       0x00000100   Zero   RW         6725    .bss                mlx90393.o
    0x200002a0        -       0x000000e4   Zero   RW         6918    .bss                can.o
    0x20000384        -       0x0000004c   Zero   RW         7160    .bss                btim.o
    0x200003d0        -       0x00000060   Zero   RW         7320    .bss                c_w.l(libspace.o)
    0x20000430        -       0x00000200   Zero   RW            2    HEAP                startup_stm32g431xx.o
    0x20000630        -       0x00000400   Zero   RW            1    STACK               startup_stm32g431xx.o


==============================================================================

Image component sizes


      Code (inc. data)   RO Data    RW Data    ZI Data      Debug   Object Name

       176         18          0         37          0       2416   api_schedule.o
       156         32          0          0         76       3259   btim.o
       340         28          0          0        228     497673   can.o
       102         10          0          4          0       2123   delay.o
        10          0          0          0          0       3799   main.o
      2038        120          0          0        256      19016   mlx90393.o
        76          6          0          0          0        786   mlx90393can_send.o
        64         26        472          0       1536       1004   startup_stm32g431xx.o
       166         32          0         12          0       4708   stm32g4xx_hal.o
       310         22          0          0          0      34739   stm32g4xx_hal_cortex.o
       266          0          0          0          0       2063   stm32g4xx_hal_dma.o
      1524         70         16          0          0      16830   stm32g4xx_hal_fdcan.o
       498         34          0          0          0       3283   stm32g4xx_hal_gpio.o
         2          0          0          0          0        582   stm32g4xx_hal_msp_template.o
      2272        108          0          0          0       7516   stm32g4xx_hal_rcc.o
       880          8          0          0          0       2108   stm32g4xx_hal_rcc_ex.o
      1038         56          0          0          0       6647   stm32g4xx_hal_tim.o
        14          0          0          0          0       5128   stm32g4xx_hal_tim_ex.o
      3856        118         24          0          0      35626   stm32g4xx_hal_uart.o
         6          0          0          0          0       2545   stm32g4xx_hal_uart_ex.o
        34          0          0          0          0     658483   stm32g4xx_it.o
       204         14          0          0          0       1371   sys.o
        20          6         24          4          0       1619   system_stm32g4xx.o
       118         10          0          0          0       2202   task.o
       416         48          0          7        344       5485   usart.o

    ----------------------------------------------------------------------
     14612        766        570         68       2444    1321011   Object Totals
         0          0         32          0          0          0   (incl. Generated)
        26          0          2          4          4          0   (incl. Padding)

    ----------------------------------------------------------------------

      Code (inc. data)   RO Data    RW Data    ZI Data      Debug   Library Member Name

         8          0          0          0          0         68   __main.o
         0          0          0          0          0          0   __rtentry.o
        12          0          0          0          0          0   __rtentry2.o
         6          0          0          0          0          0   __rtentry4.o
        52          8          0          0          0          0   __scatter.o
        26          0          0          0          0          0   __scatter_copy.o
        28          0          0          0          0          0   __scatter_zi.o
        18          0          0          0          0         80   exit.o
         6          0          0          0          0        152   heapauxi.o
         2          0          0          0          0          0   libinit.o
         6          0          0          0          0          0   libinit2.o
         2          0          0          0          0          0   libshutdown.o
         2          0          0          0          0          0   libshutdown2.o
         8          4          0          0         96         68   libspace.o
       238          0          0          0          0        100   lludivv7m.o
        78          0          0          0          0         80   rt_memclr_w.o
         2          0          0          0          0          0   rtexit.o
        10          0          0          0          0          0   rtexit2.o
        74          0          0          0          0         80   sys_stackheap_outer.o
         2          0          0          0          0         68   use_no_semi.o
         2          0          0          0          0         68   use_no_semi_2.o
        10          0          0          0          0        116   fpinit.o

    ----------------------------------------------------------------------
       598         12          0          0         96        880   Library Totals
         6          0          0          0          0          0   (incl. Padding)

    ----------------------------------------------------------------------

      Code (inc. data)   RO Data    RW Data    ZI Data      Debug   Library Name

       582         12          0          0         96        764   c_w.l
        10          0          0          0          0        116   fz_wm.l

    ----------------------------------------------------------------------
       598         12          0          0         96        880   Library Totals

    ----------------------------------------------------------------------

==============================================================================


      Code (inc. data)   RO Data    RW Data    ZI Data      Debug   

     15210        778        570         68       2540    1308831   Grand Totals
     15210        778        570         68       2540    1308831   ELF Image Totals
     15210        778        570         68          0          0   ROM Totals

==============================================================================

    Total RO  Size (Code + RO Data)                15780 (  15.41kB)
    Total RW  Size (RW Data + ZI Data)              2608 (   2.55kB)
    Total ROM Size (Code + RO Data + RW Data)      15848 (  15.48kB)

==============================================================================

