<html>
<body>
<pre>
<h1>礦ision Build Log</h1>
<h2>Tool Versions:</h2>
IDE-Version: μVision V5.38.0.0
Copyright (C) 2022 ARM Ltd and ARM Germany GmbH. All rights reserved.
License Information: rehand fu@reha, HP Inc., LIC=65ISZ-JPW1A-63SMB-2C18Y-RU7XC-7M4J7
 
Tool Versions:
Toolchain:       MDK-ARM Plus  Version: 5.38.0.0
Toolchain Path:  D:\Keil_v5\ARM\ARMCC\Bin
C Compiler:      Armcc.exe V5.06 update 7 (build 960)
Assembler:       Armasm.exe V5.06 update 7 (build 960)
Linker/Locator:  ArmLink.exe V5.06 update 7 (build 960)
Library Manager: ArmAr.exe V5.06 update 7 (build 960)
Hex Converter:   FromElf.exe V5.06 update 7 (build 960)
CPU DLL:         SARMCM3.DLL V5.38.0.0
Dialog DLL:      DCM.DLL V1.17.5.0
Target DLL:      STLink\ST-LINKIII-KEIL_SWO.dll V3.1.0.0
Dialog DLL:      TCM.DLL V1.56.4.0
 
<h2>Project:</h2>
c:\Users\fu\Desktop\第二阶段新项目\底盘闭环Demo板项目\R9_407F_num_2\Projects\MDK-ARM\R9_NUM2.uvprojx
Project File Date:  11/04/2024

<h2>Output:</h2>
*** Using Compiler 'V5.06 update 7 (build 960)', folder: 'D:\Keil_v5\ARM\ARMCC\Bin'
Build target 'R9_407F_num2'
compiling btim.c...
..\..\Drivers\CMSIS\Device\ST\STM32F4xx\Include\stm32f407xx.h(52): warning:  #47-D: incompatible redefinition of macro "__FPU_PRESENT" 
  #define __FPU_PRESENT             1U       /*!< FPU present                                   */
..\..\Drivers\CMSIS\Include\core_cm4.h(80): warning:  #47-D: incompatible redefinition of macro "__FPU_USED" 
        #define __FPU_USED       1U
..\..\Drivers\./BSP/R9/mlx90393.h(99): warning:  #65-D: expected a ";"
  } MLX90393Data;
..\..\Drivers\BSP\TIMER\btim.c(109): warning:  #1035-D: single-precision operand implicitly converted to double-precision
          if (gl_motor_data.volatage>0.1)
..\..\Drivers\BSP\TIMER\btim.c(116): warning:  #1035-D: single-precision operand implicitly converted to double-precision
              if (fabs(gl_motor_data.volatage) <= gl_motor_data.current * MOTER_RA )
..\..\Drivers\BSP\TIMER\btim.c(122): warning:  #1035-D: single-precision operand implicitly converted to double-precision
                  tempv = (fabs(gl_motor_data.volatage) - gl_motor_data.current * MOTER_RA)/MOTER_CE;
..\..\Drivers\BSP\TIMER\btim.c(132): warning:  #1035-D: single-precision operand implicitly converted to double-precision
              if (fabs(gl_motor_data.volatage) <= gl_motor_data.current * MOTER_RA )
..\..\Drivers\BSP\TIMER\btim.c(138): warning:  #1035-D: single-precision operand implicitly converted to double-precision
                  tempv = -(fabs(gl_motor_data.volatage) - gl_motor_data.current * MOTER_RA)/MOTER_CE;
..\..\Drivers\BSP\TIMER\btim.c(155): warning:  #1035-D: single-precision operand implicitly converted to double-precision
          if (gr_motor_data.volatage>0.1)
..\..\Drivers\BSP\TIMER\btim.c(162): warning:  #1035-D: single-precision operand implicitly converted to double-precision
              if (fabs(gr_motor_data.volatage) <= gr_motor_data.current * MOTER_RA )
..\..\Drivers\BSP\TIMER\btim.c(168): warning:  #1035-D: single-precision operand implicitly converted to double-precision
                  temprv = (fabs(gr_motor_data.volatage) - gr_motor_data.current * MOTER_RA)/MOTER_CE;
..\..\Drivers\BSP\TIMER\btim.c(179): warning:  #1035-D: single-precision operand implicitly converted to double-precision
              if (fabs(gr_motor_data.volatage) <= gr_motor_data.current * MOTER_RA )
..\..\Drivers\BSP\TIMER\btim.c(185): warning:  #1035-D: single-precision operand implicitly converted to double-precision
                  temprv = -(fabs(gr_motor_data.volatage) - gr_motor_data.current * MOTER_RA)/MOTER_CE;
..\..\Drivers\BSP\TIMER\btim.c(216): warning:  #1035-D: single-precision operand implicitly converted to double-precision
          gl_motor_data.theory_pwm  =fabs(Struc_ActuPra_Out.L_Velocity *0.083);
..\..\Drivers\BSP\TIMER\btim.c(217): warning:  #1035-D: single-precision operand implicitly converted to double-precision
          gr_motor_data.theory_pwm = fabs(Struc_ActuPra_Out.R_Velocity *0.083);
..\..\Drivers\BSP\TIMER\btim.c(91): warning:  #177-D: variable "tempI"  was declared but never referenced
      float tempI;
..\..\Drivers\BSP\TIMER\btim.c(93): warning:  #177-D: variable "temprI"  was declared but never referenced
      float temprI;
..\..\Drivers\BSP\TIMER\btim.c: 17 warnings, 0 errors
linking...
Program Size: Code=29388 RO-data=1044 RW-data=192 ZI-data=24600  
FromELF: creating hex file...
"..\..\Output\atk_f407.axf" - 0 Error(s), 17 Warning(s).

<h2>Software Packages used:</h2>

Package Vendor: Keil
                https://www.keil.com/pack/Keil.STM32F4xx_DFP.2.17.1.pack
                Keil.STM32F4xx_DFP.2.17.1
                STMicroelectronics STM32F4 Series Device Support, Drivers and Examples

<h2>Collection of Component include folders:</h2>
  C:/Users/fu/AppData/Local/Arm/Packs/Keil/STM32F4xx_DFP/2.17.1/Drivers/CMSIS/Device/ST/STM32F4xx/Include

<h2>Collection of Component Files used:</h2>
Build Time Elapsed:  00:00:03
</pre>
</body>
</html>
