<html>
<body>
<pre>
<h1>礦ision Build Log</h1>
<h2>Tool Versions:</h2>
IDE-Version: μVision V5.38.0.0
Copyright (C) 2022 ARM Ltd and ARM Germany GmbH. All rights reserved.
License Information: rehand fu@reha, HP Inc., LIC=65ISZ-JPW1A-63SMB-2C18Y-RU7XC-7M4J7
 
Tool Versions:
Toolchain:       MDK-ARM Plus  Version: 5.38.0.0
Toolchain Path:  D:\Keil_v5\ARM\ARMCC\Bin
C Compiler:      Armcc.exe V5.06 update 7 (build 960)
Assembler:       Armasm.exe V5.06 update 7 (build 960)
Linker/Locator:  ArmLink.exe V5.06 update 7 (build 960)
Library Manager: ArmAr.exe V5.06 update 7 (build 960)
Hex Converter:   FromElf.exe V5.06 update 7 (build 960)
CPU DLL:         SARMCM3.DLL V5.38.0.0
Dialog DLL:      DCM.DLL V1.17.5.0
Target DLL:      STLink\ST-LINKIII-KEIL_SWO.dll V3.1.0.0
Dialog DLL:      TCM.DLL V1.56.4.0
 
<h2>Project:</h2>
C:\Users\fu\Desktop\gitcode\Wheelchair_phase2_project\总线式摇杆项目\MLX90393\JOYSTIC_HAL\Projects\MDK-ARM\rehand_stm32g431kbu3.uvprojx
Project File Date:  05/06/2025

<h2>Output:</h2>
*** Using Compiler 'V5.06 update 7 (build 960)', folder: 'D:\Keil_v5\ARM\ARMCC\Bin'
Build target 'joystick'
creating preprocessor file for task.c...
creating preprocessor file for main.c...
creating preprocessor file for API_Schedule.c...
creating preprocessor file for mlx90393.c...
creating preprocessor file for mlx90393can_send.c...
compiling main.c...
compiling mlx90393.c...
compiling task.c...
compiling API_Schedule.c...
compiling mlx90393can_send.c...
..\..\Drivers\BSP\MLX90393_CAN\mlx90393can_send.c(29): warning:  #1-D: last line of file ends without a newline
  }
..\..\Drivers\BSP\MLX90393_CAN\mlx90393can_send.c: 1 warning, 0 errors
linking...
Program Size: Code=15790 RO-data=570 RW-data=68 ZI-data=2540  
FromELF: creating hex file...
"..\..\Output\rehand_stm32g431kbu3.axf" - 0 Error(s), 1 Warning(s).

<h2>Software Packages used:</h2>

Package Vendor: Keil
                https://www.keil.com/pack/Keil.STM32G4xx_DFP.1.6.0.pack
                Keil.STM32G4xx_DFP.1.6.0
                STMicroelectronics STM32G4 Series Device Support, Drivers and Examples

<h2>Collection of Component include folders:</h2>
  C:/Users/fu/AppData/Local/Arm/Packs/Keil/STM32G4xx_DFP/1.6.0/Drivers/CMSIS/Device/ST/STM32G4xx/Include

<h2>Collection of Component Files used:</h2>
Build Time Elapsed:  00:00:16
</pre>
</body>
</html>
