<html>
<body>
<pre>
<h1>礦ision Build Log</h1>
<h2>Tool Versions:</h2>
IDE-Version: μVision V5.38.0.0
Copyright (C) 2022 ARM Ltd and ARM Germany GmbH. All rights reserved.
License Information: rehand fu@reha, HP Inc., LIC=65ISZ-JPW1A-63SMB-2C18Y-RU7XC-7M4J7
 
Tool Versions:
Toolchain:       MDK-ARM Plus  Version: 5.38.0.0
Toolchain Path:  D:\Keil_v5\ARM\ARMCC\Bin
C Compiler:      Armcc.exe V5.06 update 7 (build 960)
Assembler:       Armasm.exe V5.06 update 7 (build 960)
Linker/Locator:  ArmLink.exe V5.06 update 7 (build 960)
Library Manager: ArmAr.exe V5.06 update 7 (build 960)
Hex Converter:   FromElf.exe V5.06 update 7 (build 960)
CPU DLL:         SARMCM3.DLL V5.38.0.0
Dialog DLL:      DCM.DLL V1.17.5.0
Target DLL:      STLink\ST-LINKIII-KEIL_SWO.dll V3.1.0.0
Dialog DLL:      TCM.DLL V1.56.4.0
 
<h2>Project:</h2>
C:\Users\fu\Desktop\gitcode\Wheelchair_phase2_project\总线式摇杆项目\AS5013\JOYSTIC_HAL\Projects\MDK-ARM\rehand_stm32g431kbu3.uvprojx
Project File Date:  04/27/2025

<h2>Output:</h2>
*** Using Compiler 'V5.06 update 7 (build 960)', folder: 'D:\Keil_v5\ARM\ARMCC\Bin'
Build target 'joystick'
assembling startup_stm32g431xx.s...
creating preprocessor file for system_stm32g4xx.c...
creating preprocessor file for main.c...
creating preprocessor file for delay.c...
creating preprocessor file for sys.c...
creating preprocessor file for usart.c...
creating preprocessor file for stm32g4xx_it.c...
creating preprocessor file for stm32g4xx_hal.c...
creating preprocessor file for stm32g4xx_hal_cortex.c...
creating preprocessor file for stm32g4xx_hal_dma.c...
creating preprocessor file for stm32g4xx_hal_dma_ex.c...
creating preprocessor file for stm32g4xx_hal_gpio.c...
creating preprocessor file for stm32g4xx_hal_iwdg.c...
creating preprocessor file for stm32g4xx_hal_pwr.c...
compiling stm32g4xx_it.c...
compiling sys.c...
..\..\Drivers\SYSTEM\sys\sys.c(114): warning:  #177-D: variable "PeriphClkInit"  was declared but never referenced
  		 RCC_PeriphCLKInitTypeDef PeriphClkInit = {0};
..\..\Drivers\SYSTEM\sys\sys.c: 1 warning, 0 errors
compiling system_stm32g4xx.c...
compiling delay.c...
compiling main.c...
..\..\Drivers\./BSP/FILTER/filter.h(44): warning:  #1-D: last line of file ends without a newline
  #endif
..\..\Drivers\./BSP/AS5013/AS5013.h(129): warning:  #1-D: last line of file ends without a newline
  #endif 
..\..\User\main.c: 2 warnings, 0 errors
compiling stm32g4xx_hal.c...
compiling usart.c...
creating preprocessor file for stm32g4xx_hal_pwr_ex.c...
creating preprocessor file for stm32g4xx_hal_rcc.c...
compiling stm32g4xx_hal_dma_ex.c...
compiling stm32g4xx_hal_dma.c...
compiling stm32g4xx_hal_gpio.c...
compiling stm32g4xx_hal_cortex.c...
creating preprocessor file for stm32g4xx_hal_rcc_ex.c...
compiling stm32g4xx_hal_iwdg.c...
creating preprocessor file for stm32g4xx_hal_tim.c...
compiling stm32g4xx_hal_pwr.c...
creating preprocessor file for stm32g4xx_hal_tim_ex.c...
creating preprocessor file for stm32g4xx_hal_uart.c...
creating preprocessor file for stm32g4xx_hal_uart_ex.c...
creating preprocessor file for stm32g4xx_hal_usart.c...
creating preprocessor file for stm32g4xx_hal_usart_ex.c...
creating preprocessor file for stm32g4xx_hal_wwdg.c...
creating preprocessor file for stm32g4xx_hal_adc.c...
creating preprocessor file for stm32g4xx_hal_adc_ex.c...
creating preprocessor file for stm32g4xx_hal_comp.c...
compiling stm32g4xx_hal_pwr_ex.c...
creating preprocessor file for stm32g4xx_hal_cordic.c...
compiling stm32g4xx_hal_rcc.c...
compiling stm32g4xx_hal_rcc_ex.c...
compiling stm32g4xx_hal_usart_ex.c...
creating preprocessor file for stm32g4xx_hal_crc.c...
compiling stm32g4xx_hal_wwdg.c...
compiling stm32g4xx_hal_uart.c...
compiling stm32g4xx_hal_tim_ex.c...
compiling stm32g4xx_hal_usart.c...
compiling stm32g4xx_hal_uart_ex.c...
creating preprocessor file for stm32g4xx_hal_crc_ex.c...
compiling stm32g4xx_hal_comp.c...
compiling stm32g4xx_hal_adc_ex.c...
compiling stm32g4xx_hal_adc.c...
creating preprocessor file for stm32g4xx_hal_cryp.c...
compiling stm32g4xx_hal_tim.c...
creating preprocessor file for stm32g4xx_hal_cryp_ex.c...
creating preprocessor file for stm32g4xx_hal_dac.c...
creating preprocessor file for stm32g4xx_hal_dac_ex.c...
creating preprocessor file for stm32g4xx_hal_exti.c...
creating preprocessor file for stm32g4xx_hal_fdcan.c...
creating preprocessor file for stm32g4xx_hal_flash.c...
creating preprocessor file for stm32g4xx_hal_flash_ex.c...
creating preprocessor file for stm32g4xx_hal_flash_ramfunc.c...
compiling stm32g4xx_hal_cordic.c...
creating preprocessor file for stm32g4xx_hal_fmac.c...
creating preprocessor file for stm32g4xx_hal_hrtim.c...
compiling stm32g4xx_hal_crc.c...
creating preprocessor file for stm32g4xx_hal_i2c.c...
compiling stm32g4xx_hal_crc_ex.c...
compiling stm32g4xx_hal_cryp.c...
creating preprocessor file for stm32g4xx_hal_i2c_ex.c...
compiling stm32g4xx_hal_cryp_ex.c...
compiling stm32g4xx_hal_dac_ex.c...
compiling stm32g4xx_hal_dac.c...
compiling stm32g4xx_hal_exti.c...
creating preprocessor file for stm32g4xx_hal_i2s.c...
compiling stm32g4xx_hal_fdcan.c...
compiling stm32g4xx_hal_flash_ramfunc.c...
creating preprocessor file for stm32g4xx_hal_irda.c...
compiling stm32g4xx_hal_flash_ex.c...
compiling stm32g4xx_hal_fmac.c...
compiling stm32g4xx_hal_flash.c...
creating preprocessor file for stm32g4xx_hal_lptim.c...
creating preprocessor file for stm32g4xx_hal_msp_template.c...
creating preprocessor file for stm32g4xx_hal_nand.c...
compiling stm32g4xx_hal_hrtim.c...
creating preprocessor file for stm32g4xx_hal_nor.c...
creating preprocessor file for stm32g4xx_hal_opamp.c...
creating preprocessor file for stm32g4xx_hal_opamp_ex.c...
creating preprocessor file for stm32g4xx_hal_pcd.c...
creating preprocessor file for stm32g4xx_hal_pcd_ex.c...
creating preprocessor file for stm32g4xx_hal_qspi.c...
compiling stm32g4xx_hal_i2c_ex.c...
compiling stm32g4xx_hal_i2c.c...
creating preprocessor file for stm32g4xx_hal_rng.c...
compiling stm32g4xx_hal_i2s.c...
compiling stm32g4xx_hal_irda.c...
creating preprocessor file for stm32g4xx_hal_rtc.c...
compiling stm32g4xx_hal_lptim.c...
creating preprocessor file for stm32g4xx_hal_rtc_ex.c...
compiling stm32g4xx_hal_msp_template.c...
creating preprocessor file for stm32g4xx_hal_sai.c...
compiling stm32g4xx_hal_nand.c...
compiling stm32g4xx_hal_nor.c...
compiling stm32g4xx_hal_opamp_ex.c...
compiling stm32g4xx_hal_opamp.c...
compiling stm32g4xx_hal_pcd.c...
creating preprocessor file for stm32g4xx_hal_sai_ex.c...
compiling stm32g4xx_hal_pcd_ex.c...
creating preprocessor file for stm32g4xx_hal_smartcard.c...
compiling stm32g4xx_hal_qspi.c...
creating preprocessor file for stm32g4xx_hal_smartcard_ex.c...
creating preprocessor file for stm32g4xx_hal_smbus.c...
creating preprocessor file for stm32g4xx_hal_smbus_ex.c...
creating preprocessor file for stm32g4xx_hal_spi.c...
creating preprocessor file for stm32g4xx_hal_spi_ex.c...
creating preprocessor file for stm32g4xx_hal_sram.c...
compiling stm32g4xx_hal_rng.c...
creating preprocessor file for API_Schedule.c...
creating preprocessor file for can.c...
compiling stm32g4xx_hal_rtc.c...
compiling stm32g4xx_hal_rtc_ex.c...
creating preprocessor file for task.c...
creating preprocessor file for btim.c...
compiling stm32g4xx_hal_sai_ex.c...
compiling stm32g4xx_hal_sai.c...
compiling stm32g4xx_hal_smartcard_ex.c...
compiling stm32g4xx_hal_smartcard.c...
creating preprocessor file for wdg.c...
compiling stm32g4xx_hal_smbus_ex.c...
creating preprocessor file for AS5013.c...
compiling stm32g4xx_hal_smbus.c...
compiling stm32g4xx_hal_spi.c...
creating preprocessor file for filter.c...
compiling stm32g4xx_hal_spi_ex.c...
compiling stm32g4xx_hal_sram.c...
compiling API_Schedule.c...
..\..\Drivers\./BSP/FILTER/filter.h(44): warning:  #1-D: last line of file ends without a newline
  #endif
..\..\Drivers\./BSP/AS5013/AS5013.h(129): warning:  #1-D: last line of file ends without a newline
  #endif 
..\..\Drivers\BSP\API\API_Schedule.c: 2 warnings, 0 errors
compiling can.c...
..\..\Drivers\./BSP/FILTER/filter.h(44): warning:  #1-D: last line of file ends without a newline
  #endif
..\..\Drivers\./BSP/AS5013/AS5013.h(129): warning:  #1-D: last line of file ends without a newline
  #endif 
..\..\Drivers\BSP\CAN\can.c(73): warning:  #940-D: missing return statement at end of non-void function "MX_FDCAN1_Init" 
  }
..\..\Drivers\BSP\CAN\can.c(136): warning:  #940-D: missing return statement at end of non-void function "FDCAN1_Send_Msg" 
  }
..\..\Drivers\BSP\CAN\can.c(161): warning:  #1-D: last line of file ends without a newline
  }
..\..\Drivers\BSP\CAN\can.c: 5 warnings, 0 errors
compiling task.c...
..\..\Drivers\./BSP/FILTER/filter.h(44): warning:  #1-D: last line of file ends without a newline
  #endif
..\..\Drivers\./BSP/AS5013/AS5013.h(129): warning:  #1-D: last line of file ends without a newline
  #endif 
..\..\Drivers\BSP\TASK\task.c: 2 warnings, 0 errors
compiling btim.c...
compiling wdg.c...
compiling AS5013.c...
..\..\Drivers\./BSP/FILTER/filter.h(44): warning:  #1-D: last line of file ends without a newline
  #endif
..\..\Drivers\./BSP/AS5013/AS5013.h(129): warning:  #1-D: last line of file ends without a newline
  #endif 
..\..\Drivers\BSP\AS5013\AS5013.c(123): warning:  #1-D: last line of file ends without a newline
  }
..\..\Drivers\BSP\AS5013\AS5013.c: 3 warnings, 0 errors
compiling filter.c...
..\..\Drivers\./BSP/FILTER/filter.h(44): warning:  #1-D: last line of file ends without a newline
  #endif
..\..\Drivers\BSP\FILTER\filter.c: 1 warning, 0 errors
linking...
Program Size: Code=16322 RO-data=570 RW-data=68 ZI-data=2860  
FromELF: creating hex file...
"..\..\Output\rehand_stm32g431kbu3.axf" - 0 Error(s), 16 Warning(s).

<h2>Software Packages used:</h2>

Package Vendor: Keil
                https://www.keil.com/pack/Keil.STM32G4xx_DFP.1.6.0.pack
                Keil.STM32G4xx_DFP.1.6.0
                STMicroelectronics STM32G4 Series Device Support, Drivers and Examples

<h2>Collection of Component include folders:</h2>
  C:/Users/fu/AppData/Local/Arm/Packs/Keil/STM32G4xx_DFP/1.6.0/Drivers/CMSIS/Device/ST/STM32G4xx/Include

<h2>Collection of Component Files used:</h2>
Build Time Elapsed:  00:00:35
</pre>
</body>
</html>
